Archive member included to satisfy reference by file (symbol)

/usr/bin/../lib/gcc/arm-none-eabi/6.3.1/../../../../arm-none-eabi/lib/thumb/v7e-m/fpv4-sp/softfp/libc.a(lib_a-assert.o)
                              ./BUILD/LEAPRO2/GCC_ARM/mbed-os/targets/TARGET_NORDIC/TARGET_NRF5/nordic_critical.o (__assert_func)
/usr/bin/../lib/gcc/arm-none-eabi/6.3.1/../../../../arm-none-eabi/lib/thumb/v7e-m/fpv4-sp/softfp/libc.a(lib_a-callocr.o)
                              ./BUILD/LEAPRO2/GCC_ARM/mbed-os/platform/mbed_alloc_wrappers.o (_calloc_r)
/usr/bin/../lib/gcc/arm-none-eabi/6.3.1/../../../../arm-none-eabi/lib/thumb/v7e-m/fpv4-sp/softfp/libc.a(lib_a-errno.o)
                              ./BUILD/LEAPRO2/GCC_ARM/mbed-os/features/filesystem/fat/FATFileSystem.o (__errno)
/usr/bin/../lib/gcc/arm-none-eabi/6.3.1/../../../../arm-none-eabi/lib/thumb/v7e-m/fpv4-sp/softfp/libc.a(lib_a-fclose.o)
                              ./BUILD/LEAPRO2/GCC_ARM/mbed-os/drivers/Stream.o (fclose)
/usr/bin/../lib/gcc/arm-none-eabi/6.3.1/../../../../arm-none-eabi/lib/thumb/v7e-m/fpv4-sp/softfp/libc.a(lib_a-fflush.o)
                              /usr/bin/../lib/gcc/arm-none-eabi/6.3.1/../../../../arm-none-eabi/lib/thumb/v7e-m/fpv4-sp/softfp/libc.a(lib_a-fclose.o) (__sflush_r)
/usr/bin/../lib/gcc/arm-none-eabi/6.3.1/../../../../arm-none-eabi/lib/thumb/v7e-m/fpv4-sp/softfp/libc.a(lib_a-fgetc.o)
                              ./BUILD/LEAPRO2/GCC_ARM/mbed-os/platform/mbed_retarget.o (fgetc)
/usr/bin/../lib/gcc/arm-none-eabi/6.3.1/../../../../arm-none-eabi/lib/thumb/v7e-m/fpv4-sp/softfp/libc.a(lib_a-fgets.o)
                              ./BUILD/LEAPRO2/GCC_ARM/mbed-os/platform/mbed_retarget.o (fgets)
/usr/bin/../lib/gcc/arm-none-eabi/6.3.1/../../../../arm-none-eabi/lib/thumb/v7e-m/fpv4-sp/softfp/libc.a(lib_a-findfp.o)
                              /usr/bin/../lib/gcc/arm-none-eabi/6.3.1/../../../../arm-none-eabi/lib/thumb/v7e-m/fpv4-sp/softfp/libc.a(lib_a-fclose.o) (__sinit)
/usr/bin/../lib/gcc/arm-none-eabi/6.3.1/../../../../arm-none-eabi/lib/thumb/v7e-m/fpv4-sp/softfp/libc.a(lib_a-fiprintf.o)
                              /usr/bin/../lib/gcc/arm-none-eabi/6.3.1/../../../../arm-none-eabi/lib/thumb/v7e-m/fpv4-sp/softfp/libc.a(lib_a-assert.o) (fiprintf)
/usr/bin/../lib/gcc/arm-none-eabi/6.3.1/../../../../arm-none-eabi/lib/thumb/v7e-m/fpv4-sp/softfp/libc.a(lib_a-fopen.o)
                              ./BUILD/LEAPRO2/GCC_ARM/mbed-os/drivers/Stream.o (fopen)
/usr/bin/../lib/gcc/arm-none-eabi/6.3.1/../../../../arm-none-eabi/lib/thumb/v7e-m/fpv4-sp/softfp/libc.a(lib_a-fputc.o)
                              ./BUILD/LEAPRO2/GCC_ARM/mbed-os/drivers/Stream.o (fputc)
/usr/bin/../lib/gcc/arm-none-eabi/6.3.1/../../../../arm-none-eabi/lib/thumb/v7e-m/fpv4-sp/softfp/libc.a(lib_a-fputs.o)
                              ./BUILD/LEAPRO2/GCC_ARM/mbed-os/drivers/Stream.o (fputs)
/usr/bin/../lib/gcc/arm-none-eabi/6.3.1/../../../../arm-none-eabi/lib/thumb/v7e-m/fpv4-sp/softfp/libc.a(lib_a-freer.o)
                              ./BUILD/LEAPRO2/GCC_ARM/mbed-os/platform/mbed_alloc_wrappers.o (_free_r)
/usr/bin/../lib/gcc/arm-none-eabi/6.3.1/../../../../arm-none-eabi/lib/thumb/v7e-m/fpv4-sp/softfp/libc.a(lib_a-fseek.o)
                              /usr/bin/../lib/gcc/arm-none-eabi/6.3.1/../../../../arm-none-eabi/lib/thumb/v7e-m/fpv4-sp/softfp/libc.a(lib_a-fopen.o) (_fseek_r)
/usr/bin/../lib/gcc/arm-none-eabi/6.3.1/../../../../arm-none-eabi/lib/thumb/v7e-m/fpv4-sp/softfp/libc.a(lib_a-fseeko.o)
                              /usr/bin/../lib/gcc/arm-none-eabi/6.3.1/../../../../arm-none-eabi/lib/thumb/v7e-m/fpv4-sp/softfp/libc.a(lib_a-fseek.o) (_fseeko_r)
/usr/bin/../lib/gcc/arm-none-eabi/6.3.1/../../../../arm-none-eabi/lib/thumb/v7e-m/fpv4-sp/softfp/libc.a(lib_a-fstatr.o)
                              /usr/bin/../lib/gcc/arm-none-eabi/6.3.1/../../../../arm-none-eabi/lib/thumb/v7e-m/fpv4-sp/softfp/libc.a(lib_a-fseeko.o) (_fstat_r)
/usr/bin/../lib/gcc/arm-none-eabi/6.3.1/../../../../arm-none-eabi/lib/thumb/v7e-m/fpv4-sp/softfp/libc.a(lib_a-fvwrite.o)
                              /usr/bin/../lib/gcc/arm-none-eabi/6.3.1/../../../../arm-none-eabi/lib/thumb/v7e-m/fpv4-sp/softfp/libc.a(lib_a-fputs.o) (__sfvwrite_r)
/usr/bin/../lib/gcc/arm-none-eabi/6.3.1/../../../../arm-none-eabi/lib/thumb/v7e-m/fpv4-sp/softfp/libc.a(lib_a-fwalk.o)
                              /usr/bin/../lib/gcc/arm-none-eabi/6.3.1/../../../../arm-none-eabi/lib/thumb/v7e-m/fpv4-sp/softfp/libc.a(lib_a-findfp.o) (_fwalk)
/usr/bin/../lib/gcc/arm-none-eabi/6.3.1/../../../../arm-none-eabi/lib/thumb/v7e-m/fpv4-sp/softfp/libc.a(lib_a-impure.o)
                              /usr/bin/../lib/gcc/arm-none-eabi/6.3.1/../../../../arm-none-eabi/lib/thumb/v7e-m/fpv4-sp/softfp/libc.a(lib_a-fflush.o) (_global_impure_ptr)
/usr/bin/../lib/gcc/arm-none-eabi/6.3.1/../../../../arm-none-eabi/lib/thumb/v7e-m/fpv4-sp/softfp/libc.a(lib_a-init.o)
[...]
Memory Configuration

Name             Origin             Length             Attributes
FLASH            0x000000000001c000 0x0000000000064000 xr
RAM              0x0000000020002ef8 0x000000000000d108 xrw
*default*        0x0000000000000000 0xffffffffffffffff

Linker script and memory map

LOAD /usr/bin/../lib/gcc/arm-none-eabi/6.3.1/thumb/v7e-m/fpv4-sp/softfp/crti.o
LOAD /usr/bin/../lib/gcc/arm-none-eabi/6.3.1/thumb/v7e-m/fpv4-sp/softfp/crtbegin.o
LOAD /usr/bin/../lib/gcc/arm-none-eabi/6.3.1/../../../../arm-none-eabi/lib/thumb/v7e-m/fpv4-sp/softfp/crt0.o
LOAD ./BUILD/LEAPRO2/GCC_ARM/./test_env.o
LOAD ./BUILD/LEAPRO2/GCC_ARM/mbed-os/drivers/AnalogIn.o
LOAD ./BUILD/LEAPRO2/GCC_ARM/mbed-os/drivers/BusIn.o
LOAD ./BUILD/LEAPRO2/GCC_ARM/mbed-os/drivers/BusInOut.o
LOAD ./BUILD/LEAPRO2/GCC_ARM/mbed-os/drivers/BusOut.o
LOAD ./BUILD/LEAPRO2/GCC_ARM/mbed-os/drivers/CAN.o
LOAD ./BUILD/LEAPRO2/GCC_ARM/mbed-os/drivers/Ethernet.o
LOAD ./BUILD/LEAPRO2/GCC_ARM/mbed-os/drivers/FileBase.o
LOAD ./BUILD/LEAPRO2/GCC_ARM/mbed-os/drivers/FilePath.o
LOAD ./BUILD/LEAPRO2/GCC_ARM/mbed-os/drivers/FileSystemLike.o
LOAD ./BUILD/LEAPRO2/GCC_ARM/mbed-os/drivers/FlashIAP.o
LOAD ./BUILD/LEAPRO2/GCC_ARM/mbed-os/drivers/I2C.o
LOAD ./BUILD/LEAPRO2/GCC_ARM/mbed-os/drivers/I2CSlave.o
LOAD ./BUILD/LEAPRO2/GCC_ARM/mbed-os/drivers/InterruptIn.o
LOAD ./BUILD/LEAPRO2/GCC_ARM/mbed-os/drivers/InterruptManager.o
LOAD ./BUILD/LEAPRO2/GCC_ARM/mbed-os/drivers/LocalFileSystem.o
LOAD ./BUILD/LEAPRO2/GCC_ARM/mbed-os/drivers/RawSerial.o
LOAD ./BUILD/LEAPRO2/GCC_ARM/mbed-os/drivers/SPI.o
LOAD ./BUILD/LEAPRO2/GCC_ARM/mbed-os/drivers/SPISlave.o
LOAD ./BUILD/LEAPRO2/GCC_ARM/mbed-os/drivers/Serial.o
LOAD ./BUILD/LEAPRO2/GCC_ARM/mbed-os/drivers/SerialBase.o
LOAD ./BUILD/LEAPRO2/GCC_ARM/mbed-os/drivers/Stream.o
LOAD ./BUILD/LEAPRO2/GCC_ARM/mbed-os/drivers/Ticker.o
LOAD ./BUILD/LEAPRO2/GCC_ARM/mbed-os/drivers/Timeout.o
LOAD ./BUILD/LEAPRO2/GCC_ARM/mbed-os/drivers/Timer.o
LOAD ./BUILD/LEAPRO2/GCC_ARM/mbed-os/drivers/TimerEvent.o
LOAD ./BUILD/LEAPRO2/GCC_ARM/mbed-os/events/EventQueue.o
LOAD ./BUILD/LEAPRO2/GCC_ARM/mbed-os/events/equeue/equeue.o
LOAD ./BUILD/LEAPRO2/GCC_ARM/mbed-os/events/equeue/equeue_mbed.o
LOAD ./BUILD/LEAPRO2/GCC_ARM/mbed-os/events/equeue/equeue_posix.o
LOAD ./BUILD/LEAPRO2/GCC_ARM/mbed-os/features/FEATURE_BLE/source/BLE.o
LOAD ./BUILD/LEAPRO2/GCC_ARM/mbed-os/features/FEATURE_BLE/source/BLEInstanceBase.o
LOAD ./BUILD/LEAPRO2/GCC_ARM/mbed-os/features/FEATURE_BLE/source/DiscoveredCharacteristic.o
LOAD ./BUILD/LEAPRO2/GCC_ARM/mbed-os/features/FEATURE_BLE/source/GapScanningParams.o
LOAD ./BUILD/LEAPRO2/GCC_ARM/mbed-os/features/FEATURE_BLE/source/services/DFUService.o
LOAD ./BUILD/LEAPRO2/GCC_ARM/mbed-os/features/FEATURE_BLE/source/services/UARTService.o
LOAD ./BUILD/LEAPRO2/GCC_ARM/mbed-os/features/FEATURE_BLE/source/services/URIBeaconConfigService.o
LOAD ./BUILD/LEAPRO2/GCC_ARM/mbed-os/features/FEATURE_BLE/targets/TARGET_NORDIC/TARGET_NRF5/source/btle/btle.o
LOAD ./BUILD/LEAPRO2/GCC_ARM/mbed-os/features/FEATURE_BLE/targets/TARGET_NORDIC/TARGET_NRF5/source/btle/btle_advertising.o
LOAD ./BUILD/LEAPRO2/GCC_ARM/mbed-os/features/FEATURE_BLE/targets/TARGET_NORDIC/TARGET_NRF5/source/btle/btle_discovery.o
LOAD ./BUILD/LEAPRO2/GCC_ARM/mbed-os/features/FEATURE_BLE/targets/TARGET_NORDIC/TARGET_NRF5/source/btle/btle_gap.o
LOAD ./BUILD/LEAPRO2/GCC_ARM/mbed-os/features/FEATURE_BLE/targets/TARGET_NORDIC/TARGET_NRF5/source/btle/btle_security.o
LOAD ./BUILD/LEAPRO2/GCC_ARM/mbed-os/features/FEATURE_BLE/targets/TARGET_NORDIC/TARGET_NRF5/source/btle/btle_security_pm.o
LOAD ./BUILD/LEAPRO2/GCC_ARM/mbed-os/features/FEATURE_BLE/targets/TARGET_NORDIC/TARGET_NRF5/source/btle/custom/custom_helper.o
LOAD ./BUILD/LEAPRO2/GCC_ARM/mbed-os/features/FEATURE_BLE/targets/TARGET_NORDIC/TARGET_NRF5/source/nRF5xCharacteristicDescriptorDiscoverer.o
LOAD ./BUILD/LEAPRO2/GCC_ARM/mbed-os/features/FEATURE_BLE/targets/TARGET_NORDIC/TARGET_NRF5/source/nRF5xDiscoveredCharacteristic.o
LOAD ./BUILD/LEAPRO2/GCC_ARM/mbed-os/features/FEATURE_BLE/targets/TARGET_NORDIC/TARGET_NRF5/source/nRF5xGap.o
LOAD ./BUILD/LEAPRO2/GCC_ARM/mbed-os/features/FEATURE_BLE/targets/TARGET_NORDIC/TARGET_NRF5/source/nRF5xGattClient.o
LOAD ./BUILD/LEAPRO2/GCC_ARM/mbed-os/features/FEATURE_BLE/targets/TARGET_NORDIC/TARGET_NRF5/source/nRF5xGattServer.o
LOAD ./BUILD/LEAPRO2/GCC_ARM/mbed-os/features/FEATURE_BLE/targets/TARGET_NORDIC/TARGET_NRF5/source/nRF5xServiceDiscovery.o
LOAD ./BUILD/LEAPRO2/GCC_ARM/mbed-os/features/FEATURE_BLE/targets/TARGET_NORDIC/TARGET_NRF5/source/nRF5xn.o
LOAD ./BUILD/LEAPRO2/GCC_ARM/mbed-os/features/filesystem/Dir.o
LOAD ./BUILD/LEAPRO2/GCC_ARM/mbed-os/features/filesystem/File.o
LOAD ./BUILD/LEAPRO2/GCC_ARM/mbed-os/features/filesystem/FileSystem.o
LOAD ./BUILD/LEAPRO2/GCC_ARM/mbed-os/features/filesystem/bd/ChainingBlockDevice.o
LOAD ./BUILD/LEAPRO2/GCC_ARM/mbed-os/features/filesystem/bd/HeapBlockDevice.o
LOAD ./BUILD/LEAPRO2/GCC_ARM/mbed-os/features/filesystem/bd/SlicingBlockDevice.o
LOAD ./BUILD/LEAPRO2/GCC_ARM/mbed-os/features/filesystem/fat/ChaN/ccsbcs.o
LOAD ./BUILD/LEAPRO2/GCC_ARM/mbed-os/features/filesystem/fat/ChaN/ff.o
LOAD ./BUILD/LEAPRO2/GCC_ARM/mbed-os/features/filesystem/fat/FATFileSystem.o
LOAD ./BUILD/LEAPRO2/GCC_ARM/mbed-os/features/frameworks/greentea-client/source/greentea_metrics.o
LOAD ./BUILD/LEAPRO2/GCC_ARM/mbed-os/features/frameworks/greentea-client/source/greentea_serial.o
LOAD ./BUILD/LEAPRO2/GCC_ARM/mbed-os/features/frameworks/greentea-client/source/greentea_test_env.o
LOAD ./BUILD/LEAPRO2/GCC_ARM/mbed-os/features/frameworks/unity/source/unity.o
LOAD ./BUILD/LEAPRO2/GCC_ARM/mbed-os/features/frameworks/utest/mbed-utest-shim.o
LOAD ./BUILD/LEAPRO2/GCC_ARM/mbed-os/features/frameworks/utest/source/unity_handler.o
LOAD ./BUILD/LEAPRO2/GCC_ARM/mbed-os/features/frameworks/utest/source/utest_case.o
LOAD ./BUILD/LEAPRO2/GCC_ARM/mbed-os/features/frameworks/utest/source/utest_default_handlers.o
LOAD ./BUILD/LEAPRO2/GCC_ARM/mbed-os/features/frameworks/utest/source/utest_greentea_handlers.o
LOAD ./BUILD/LEAPRO2/GCC_ARM/mbed-os/features/frameworks/utest/source/utest_harness.o
LOAD ./BUILD/LEAPRO2/GCC_ARM/mbed-os/features/frameworks/utest/source/utest_shim.o
LOAD ./BUILD/LEAPRO2/GCC_ARM/mbed-os/features/frameworks/utest/source/utest_stack_trace.o
LOAD ./BUILD/LEAPRO2/GCC_ARM/mbed-os/features/frameworks/utest/source/utest_types.o
LOAD ./BUILD/LEAPRO2/GCC_ARM/mbed-os/features/netsocket/NetworkInterface.o
LOAD ./BUILD/LEAPRO2/GCC_ARM/mbed-os/features/netsocket/NetworkStack.o
LOAD ./BUILD/LEAPRO2/GCC_ARM/mbed-os/features/netsocket/Socket.o
LOAD ./BUILD/LEAPRO2/GCC_ARM/mbed-os/features/netsocket/SocketAddress.o
LOAD ./BUILD/LEAPRO2/GCC_ARM/mbed-os/features/netsocket/TCPServer.o
LOAD ./BUILD/LEAPRO2/GCC_ARM/mbed-os/features/netsocket/TCPSocket.o
LOAD ./BUILD/LEAPRO2/GCC_ARM/mbed-os/features/netsocket/UDPSocket.o
LOAD ./BUILD/LEAPRO2/GCC_ARM/mbed-os/features/netsocket/WiFiAccessPoint.o
LOAD ./BUILD/LEAPRO2/GCC_ARM/mbed-os/features/netsocket/nsapi_dns.o
LOAD ./BUILD/LEAPRO2/GCC_ARM/mbed-os/hal/mbed_gpio.o
LOAD ./BUILD/LEAPRO2/GCC_ARM/mbed-os/hal/mbed_lp_ticker_api.o
LOAD ./BUILD/LEAPRO2/GCC_ARM/mbed-os/hal/mbed_pinmap_common.o
LOAD ./BUILD/LEAPRO2/GCC_ARM/mbed-os/hal/mbed_ticker_api.o
LOAD ./BUILD/LEAPRO2/GCC_ARM/mbed-os/hal/mbed_us_ticker_api.o
LOAD ./BUILD/LEAPRO2/GCC_ARM/mbed-os/platform/CallChain.o
LOAD ./BUILD/LEAPRO2/GCC_ARM/mbed-os/platform/mbed_alloc_wrappers.o
LOAD ./BUILD/LEAPRO2/GCC_ARM/mbed-os/platform/mbed_application.o
LOAD ./BUILD/LEAPRO2/GCC_ARM/mbed-os/platform/mbed_assert.o
LOAD ./BUILD/LEAPRO2/GCC_ARM/mbed-os/platform/mbed_board.o
LOAD ./BUILD/LEAPRO2/GCC_ARM/mbed-os/platform/mbed_critical.o
LOAD ./BUILD/LEAPRO2/GCC_ARM/mbed-os/platform/mbed_error.o
LOAD ./BUILD/LEAPRO2/GCC_ARM/mbed-os/platform/mbed_interface.o
LOAD ./BUILD/LEAPRO2/GCC_ARM/mbed-os/platform/mbed_mem_trace.o
LOAD ./BUILD/LEAPRO2/GCC_ARM/mbed-os/platform/mbed_retarget.o
LOAD ./BUILD/LEAPRO2/GCC_ARM/mbed-os/platform/mbed_rtc_time.o
LOAD ./BUILD/LEAPRO2/GCC_ARM/mbed-os/platform/mbed_semihost_api.o
LOAD ./BUILD/LEAPRO2/GCC_ARM/mbed-os/platform/mbed_stats.o
LOAD ./BUILD/LEAPRO2/GCC_ARM/mbed-os/platform/mbed_wait_api_no_rtos.o
LOAD ./BUILD/LEAPRO2/GCC_ARM/mbed-os/platform/mbed_wait_api_rtos.o
LOAD ./BUILD/LEAPRO2/GCC_ARM/mbed-os/rtos/Mutex.o
LOAD ./BUILD/LEAPRO2/GCC_ARM/mbed-os/rtos/RtosTimer.o
LOAD ./BUILD/LEAPRO2/GCC_ARM/mbed-os/rtos/Semaphore.o
LOAD ./BUILD/LEAPRO2/GCC_ARM/mbed-os/rtos/Thread.o
LOAD ./BUILD/LEAPRO2/GCC_ARM/mbed-os/rtos/rtos_idle.o
LOAD ./BUILD/LEAPRO2/GCC_ARM/mbed-os/rtos/rtx/TARGET_CORTEX_M/HAL_CM.o
LOAD ./BUILD/LEAPRO2/GCC_ARM/mbed-os/rtos/rtx/TARGET_CORTEX_M/RTX_Conf_CM.o
LOAD ./BUILD/LEAPRO2/GCC_ARM/mbed-os/rtos/rtx/TARGET_CORTEX_M/TARGET_RTOS_M4_M7/TOOLCHAIN_GCC/HAL_CM4.o
LOAD ./BUILD/LEAPRO2/GCC_ARM/mbed-os/rtos/rtx/TARGET_CORTEX_M/TARGET_RTOS_M4_M7/TOOLCHAIN_GCC/SVC_Table.o
LOAD ./BUILD/LEAPRO2/GCC_ARM/mbed-os/rtos/rtx/TARGET_CORTEX_M/rt_CMSIS.o
LOAD ./BUILD/LEAPRO2/GCC_ARM/mbed-os/rtos/rtx/TARGET_CORTEX_M/rt_Event.o
LOAD ./BUILD/LEAPRO2/GCC_ARM/mbed-os/rtos/rtx/TARGET_CORTEX_M/rt_List.o
LOAD ./BUILD/LEAPRO2/GCC_ARM/mbed-os/rtos/rtx/TARGET_CORTEX_M/rt_Mailbox.o
LOAD ./BUILD/LEAPRO2/GCC_ARM/mbed-os/rtos/rtx/TARGET_CORTEX_M/rt_MemBox.o
LOAD ./BUILD/LEAPRO2/GCC_ARM/mbed-os/rtos/rtx/TARGET_CORTEX_M/rt_Memory.o
LOAD ./BUILD/LEAPRO2/GCC_ARM/mbed-os/rtos/rtx/TARGET_CORTEX_M/rt_Mutex.o
LOAD ./BUILD/LEAPRO2/GCC_ARM/mbed-os/rtos/rtx/TARGET_CORTEX_M/rt_OsEventObserver.o
LOAD ./BUILD/LEAPRO2/GCC_ARM/mbed-os/rtos/rtx/TARGET_CORTEX_M/rt_Robin.o
LOAD ./BUILD/LEAPRO2/GCC_ARM/mbed-os/rtos/rtx/TARGET_CORTEX_M/rt_Semaphore.o
LOAD ./BUILD/LEAPRO2/GCC_ARM/mbed-os/rtos/rtx/TARGET_CORTEX_M/rt_System.o
LOAD ./BUILD/LEAPRO2/GCC_ARM/mbed-os/rtos/rtx/TARGET_CORTEX_M/rt_Task.o
LOAD ./BUILD/LEAPRO2/GCC_ARM/mbed-os/rtos/rtx/TARGET_CORTEX_M/rt_Time.o
LOAD ./BUILD/LEAPRO2/GCC_ARM/mbed-os/rtos/rtx/TARGET_CORTEX_M/rt_Timer.o
LOAD ./BUILD/LEAPRO2/GCC_ARM/mbed-os/targets/TARGET_NORDIC/TARGET_NRF5/TARGET_MCU_NRF52832/analogin_api.o
LOAD ./BUILD/LEAPRO2/GCC_ARM/mbed-os/targets/TARGET_NORDIC/TARGET_NRF5/TARGET_MCU_NRF52832/device/TOOLCHAIN_GCC_ARM/startup_NRF52832.o
LOAD ./BUILD/LEAPRO2/GCC_ARM/mbed-os/targets/TARGET_NORDIC/TARGET_NRF5/TARGET_MCU_NRF52832/device/cmsis_nvic.o
LOAD ./BUILD/LEAPRO2/GCC_ARM/mbed-os/targets/TARGET_NORDIC/TARGET_NRF5/TARGET_MCU_NRF52832/device/system_nrf52.o
LOAD ./BUILD/LEAPRO2/GCC_ARM/mbed-os/targets/TARGET_NORDIC/TARGET_NRF5/TARGET_MCU_NRF52832/pwmout_api.o
LOAD ./BUILD/LEAPRO2/GCC_ARM/mbed-os/targets/TARGET_NORDIC/TARGET_NRF5/TARGET_MCU_NRF52832/sdk/driver_nrf/pwm/nrf_drv_pwm.o
LOAD ./BUILD/LEAPRO2/GCC_ARM/mbed-os/targets/TARGET_NORDIC/TARGET_NRF5/TARGET_MCU_NRF52832/sdk/driver_nrf/saadc/nrf_drv_saadc.o
LOAD ./BUILD/LEAPRO2/GCC_ARM/mbed-os/targets/TARGET_NORDIC/TARGET_NRF5/gpio_api.o
LOAD ./BUILD/LEAPRO2/GCC_ARM/mbed-os/targets/TARGET_NORDIC/TARGET_NRF5/i2c_api.o
LOAD ./BUILD/LEAPRO2/GCC_ARM/mbed-os/targets/TARGET_NORDIC/TARGET_NRF5/lp_ticker.o
LOAD ./BUILD/LEAPRO2/GCC_ARM/mbed-os/targets/TARGET_NORDIC/TARGET_NRF5/nordic_critical.o
LOAD ./BUILD/LEAPRO2/GCC_ARM/mbed-os/targets/TARGET_NORDIC/TARGET_NRF5/pinmap.o
LOAD ./BUILD/LEAPRO2/GCC_ARM/mbed-os/targets/TARGET_NORDIC/TARGET_NRF5/port_api.o
LOAD ./BUILD/LEAPRO2/GCC_ARM/mbed-os/targets/TARGET_NORDIC/TARGET_NRF5/reloc_vector_table.o
LOAD ./BUILD/LEAPRO2/GCC_ARM/mbed-os/targets/TARGET_NORDIC/TARGET_NRF5/rtc_api.o
LOAD ./BUILD/LEAPRO2/GCC_ARM/mbed-os/targets/TARGET_NORDIC/TARGET_NRF5/sdk/ble/ble_advertising/ble_advertising.o
LOAD ./BUILD/LEAPRO2/GCC_ARM/mbed-os/targets/TARGET_NORDIC/TARGET_NRF5/sdk/ble/ble_db_discovery/ble_db_discovery.o
LOAD ./BUILD/LEAPRO2/GCC_ARM/mbed-os/targets/TARGET_NORDIC/TARGET_NRF5/sdk/ble/ble_debug_assert_handler/ble_debug_assert_handler.o
LOAD ./BUILD/LEAPRO2/GCC_ARM/mbed-os/targets/TARGET_NORDIC/TARGET_NRF5/sdk/ble/ble_dtm/ble_dtm.o
LOAD ./BUILD/LEAPRO2/GCC_ARM/mbed-os/targets/TARGET_NORDIC/TARGET_NRF5/sdk/ble/ble_racp/ble_racp.o
LOAD ./BUILD/LEAPRO2/GCC_ARM/mbed-os/targets/TARGET_NORDIC/TARGET_NRF5/sdk/ble/ble_radio_notification/ble_radio_notification.o
LOAD ./BUILD/LEAPRO2/GCC_ARM/mbed-os/targets/TARGET_NORDIC/TARGET_NRF5/sdk/ble/ble_services/ble_dfu/ble_dfu.o
LOAD ./BUILD/LEAPRO2/GCC_ARM/mbed-os/targets/TARGET_NORDIC/TARGET_NRF5/sdk/ble/common/ble_advdata.o
LOAD ./BUILD/LEAPRO2/GCC_ARM/mbed-os/targets/TARGET_NORDIC/TARGET_NRF5/sdk/ble/common/ble_conn_state.o
LOAD ./BUILD/LEAPRO2/GCC_ARM/mbed-os/targets/TARGET_NORDIC/TARGET_NRF5/sdk/ble/common/ble_srv_common.o
LOAD ./BUILD/LEAPRO2/GCC_ARM/mbed-os/targets/TARGET_NORDIC/TARGET_NRF5/sdk/ble/device_manager/device_manager_peripheral.o
LOAD ./BUILD/LEAPRO2/GCC_ARM/mbed-os/targets/TARGET_NORDIC/TARGET_NRF5/sdk/ble/peer_manager/gatt_cache_manager.o
LOAD ./BUILD/LEAPRO2/GCC_ARM/mbed-os/targets/TARGET_NORDIC/TARGET_NRF5/sdk/ble/peer_manager/gattc_cache_manager.o
LOAD ./BUILD/LEAPRO2/GCC_ARM/mbed-os/targets/TARGET_NORDIC/TARGET_NRF5/sdk/ble/peer_manager/gatts_cache_manager.o
LOAD ./BUILD/LEAPRO2/GCC_ARM/mbed-os/targets/TARGET_NORDIC/TARGET_NRF5/sdk/ble/peer_manager/id_manager.o
LOAD ./BUILD/LEAPRO2/GCC_ARM/mbed-os/targets/TARGET_NORDIC/TARGET_NRF5/sdk/ble/peer_manager/peer_data.o
LOAD ./BUILD/LEAPRO2/GCC_ARM/mbed-os/targets/TARGET_NORDIC/TARGET_NRF5/sdk/ble/peer_manager/peer_data_storage.o
LOAD ./BUILD/LEAPRO2/GCC_ARM/mbed-os/targets/TARGET_NORDIC/TARGET_NRF5/sdk/ble/peer_manager/peer_database.o
LOAD ./BUILD/LEAPRO2/GCC_ARM/mbed-os/targets/TARGET_NORDIC/TARGET_NRF5/sdk/ble/peer_manager/peer_id.o
LOAD ./BUILD/LEAPRO2/GCC_ARM/mbed-os/targets/TARGET_NORDIC/TARGET_NRF5/sdk/ble/peer_manager/peer_manager.o
LOAD ./BUILD/LEAPRO2/GCC_ARM/mbed-os/targets/TARGET_NORDIC/TARGET_NRF5/sdk/ble/peer_manager/pm_buffer.o
LOAD ./BUILD/LEAPRO2/GCC_ARM/mbed-os/targets/TARGET_NORDIC/TARGET_NRF5/sdk/ble/peer_manager/pm_mutex.o
LOAD ./BUILD/LEAPRO2/GCC_ARM/mbed-os/targets/TARGET_NORDIC/TARGET_NRF5/sdk/ble/peer_manager/security_dispatcher.o
LOAD ./BUILD/LEAPRO2/GCC_ARM/mbed-os/targets/TARGET_NORDIC/TARGET_NRF5/sdk/ble/peer_manager/security_manager.o
LOAD ./BUILD/LEAPRO2/GCC_ARM/mbed-os/targets/TARGET_NORDIC/TARGET_NRF5/sdk/drivers_nrf/ble_flash/ble_flash.o
LOAD ./BUILD/LEAPRO2/GCC_ARM/mbed-os/targets/TARGET_NORDIC/TARGET_NRF5/sdk/drivers_nrf/clock/nrf_drv_clock.o
LOAD ./BUILD/LEAPRO2/GCC_ARM/mbed-os/targets/TARGET_NORDIC/TARGET_NRF5/sdk/drivers_nrf/common/nrf_drv_common.o
LOAD ./BUILD/LEAPRO2/GCC_ARM/mbed-os/targets/TARGET_NORDIC/TARGET_NRF5/sdk/drivers_nrf/delay/nrf_delay.o
LOAD ./BUILD/LEAPRO2/GCC_ARM/mbed-os/targets/TARGET_NORDIC/TARGET_NRF5/sdk/drivers_nrf/gpiote/nrf_drv_gpiote.o
LOAD ./BUILD/LEAPRO2/GCC_ARM/mbed-os/targets/TARGET_NORDIC/TARGET_NRF5/sdk/drivers_nrf/hal/nrf_adc.o
LOAD ./BUILD/LEAPRO2/GCC_ARM/mbed-os/targets/TARGET_NORDIC/TARGET_NRF5/sdk/drivers_nrf/hal/nrf_ecb.o
LOAD ./BUILD/LEAPRO2/GCC_ARM/mbed-os/targets/TARGET_NORDIC/TARGET_NRF5/sdk/drivers_nrf/hal/nrf_nvmc.o
LOAD ./BUILD/LEAPRO2/GCC_ARM/mbed-os/targets/TARGET_NORDIC/TARGET_NRF5/sdk/drivers_nrf/hal/nrf_saadc.o
LOAD ./BUILD/LEAPRO2/GCC_ARM/mbed-os/targets/TARGET_NORDIC/TARGET_NRF5/sdk/drivers_nrf/ppi/nrf_drv_ppi.o
LOAD ./BUILD/LEAPRO2/GCC_ARM/mbed-os/targets/TARGET_NORDIC/TARGET_NRF5/sdk/drivers_nrf/pstorage/pstorage.o
LOAD ./BUILD/LEAPRO2/GCC_ARM/mbed-os/targets/TARGET_NORDIC/TARGET_NRF5/sdk/drivers_nrf/spi_master/nrf_drv_spi.o
LOAD ./BUILD/LEAPRO2/GCC_ARM/mbed-os/targets/TARGET_NORDIC/TARGET_NRF5/sdk/drivers_nrf/spi_slave/nrf_drv_spis.o
LOAD ./BUILD/LEAPRO2/GCC_ARM/mbed-os/targets/TARGET_NORDIC/TARGET_NRF5/sdk/drivers_nrf/timer/nrf_drv_timer.o
LOAD ./BUILD/LEAPRO2/GCC_ARM/mbed-os/targets/TARGET_NORDIC/TARGET_NRF5/sdk/libraries/bootloader_dfu/bootloader_util.o
LOAD ./BUILD/LEAPRO2/GCC_ARM/mbed-os/targets/TARGET_NORDIC/TARGET_NRF5/sdk/libraries/bootloader_dfu/dfu_app_handler.o
LOAD ./BUILD/LEAPRO2/GCC_ARM/mbed-os/targets/TARGET_NORDIC/TARGET_NRF5/sdk/libraries/bootloader_dfu/dfu_init_template.o
LOAD ./BUILD/LEAPRO2/GCC_ARM/mbed-os/targets/TARGET_NORDIC/TARGET_NRF5/sdk/libraries/crc16/crc16.o
LOAD ./BUILD/LEAPRO2/GCC_ARM/mbed-os/targets/TARGET_NORDIC/TARGET_NRF5/sdk/libraries/fds/fds.o
LOAD ./BUILD/LEAPRO2/GCC_ARM/mbed-os/targets/TARGET_NORDIC/TARGET_NRF5/sdk/libraries/fstorage/fstorage.o
LOAD ./BUILD/LEAPRO2/GCC_ARM/mbed-os/targets/TARGET_NORDIC/TARGET_NRF5/sdk/libraries/fstorage/fstorage_nosd.o
LOAD ./BUILD/LEAPRO2/GCC_ARM/mbed-os/targets/TARGET_NORDIC/TARGET_NRF5/sdk/libraries/hci/hci_mem_pool.o
LOAD ./BUILD/LEAPRO2/GCC_ARM/mbed-os/targets/TARGET_NORDIC/TARGET_NRF5/sdk/libraries/pwm/app_pwm.o
LOAD ./BUILD/LEAPRO2/GCC_ARM/mbed-os/targets/TARGET_NORDIC/TARGET_NRF5/sdk/libraries/scheduler/app_scheduler.o
LOAD ./BUILD/LEAPRO2/GCC_ARM/mbed-os/targets/TARGET_NORDIC/TARGET_NRF5/sdk/libraries/trace/app_trace.o
LOAD ./BUILD/LEAPRO2/GCC_ARM/mbed-os/targets/TARGET_NORDIC/TARGET_NRF5/sdk/libraries/util/app_error.o
LOAD ./BUILD/LEAPRO2/GCC_ARM/mbed-os/targets/TARGET_NORDIC/TARGET_NRF5/sdk/libraries/util/app_error_weak.o
LOAD ./BUILD/LEAPRO2/GCC_ARM/mbed-os/targets/TARGET_NORDIC/TARGET_NRF5/sdk/libraries/util/app_util_platform.o
LOAD ./BUILD/LEAPRO2/GCC_ARM/mbed-os/targets/TARGET_NORDIC/TARGET_NRF5/sdk/libraries/util/nrf_assert.o
LOAD ./BUILD/LEAPRO2/GCC_ARM/mbed-os/targets/TARGET_NORDIC/TARGET_NRF5/sdk/libraries/util/nrf_log.o
LOAD ./BUILD/LEAPRO2/GCC_ARM/mbed-os/targets/TARGET_NORDIC/TARGET_NRF5/sdk/libraries/util/sdk_mapped_flags.o
LOAD ./BUILD/LEAPRO2/GCC_ARM/mbed-os/targets/TARGET_NORDIC/TARGET_NRF5/sdk/softdevice/common/softdevice_handler/softdevice_handler.o
LOAD ./BUILD/LEAPRO2/GCC_ARM/mbed-os/targets/TARGET_NORDIC/TARGET_NRF5/sdk/softdevice/common/softdevice_handler/softdevice_handler_appsh.o
LOAD ./BUILD/LEAPRO2/GCC_ARM/mbed-os/targets/TARGET_NORDIC/TARGET_NRF5/serial_api.o
LOAD ./BUILD/LEAPRO2/GCC_ARM/mbed-os/targets/TARGET_NORDIC/TARGET_NRF5/sleep.o
LOAD ./BUILD/LEAPRO2/GCC_ARM/mbed-os/targets/TARGET_NORDIC/TARGET_NRF5/spi_api.o
LOAD ./BUILD/LEAPRO2/GCC_ARM/mbed-os/targets/TARGET_NORDIC/TARGET_NRF5/us_ticker.o
LOAD ./BUILD/LEAPRO2/GCC_ARM/source/gnss.o
LOAD ./BUILD/LEAPRO2/GCC_ARM/source/main.o
LOAD ./BUILD/LEAPRO2/GCC_ARM/source/serial_pipe.o
START GROUP
LOAD /usr/bin/../lib/gcc/arm-none-eabi/6.3.1/../../../../arm-none-eabi/lib/thumb/v7e-m/fpv4-sp/softfp/libstdc++.a
LOAD /usr/bin/../lib/gcc/arm-none-eabi/6.3.1/../../../../arm-none-eabi/lib/thumb/v7e-m/fpv4-sp/softfp/libsupc++.a
LOAD /usr/bin/../lib/gcc/arm-none-eabi/6.3.1/../../../../arm-none-eabi/lib/thumb/v7e-m/fpv4-sp/softfp/libm.a
LOAD /usr/bin/../lib/gcc/arm-none-eabi/6.3.1/../../../../arm-none-eabi/lib/thumb/v7e-m/fpv4-sp/softfp/libc.a
LOAD /usr/bin/../lib/gcc/arm-none-eabi/6.3.1/thumb/v7e-m/fpv4-sp/softfp/libgcc.a
LOAD /usr/bin/../lib/gcc/arm-none-eabi/6.3.1/../../../../arm-none-eabi/lib/thumb/v7e-m/fpv4-sp/softfp/libnosys.a
END GROUP
LOAD /usr/bin/../lib/gcc/arm-none-eabi/6.3.1/../../../../arm-none-eabi/lib/thumb/v7e-m/fpv4-sp/softfp/libstdc++.a
LOAD /usr/bin/../lib/gcc/arm-none-eabi/6.3.1/../../../../arm-none-eabi/lib/thumb/v7e-m/fpv4-sp/softfp/libsupc++.a
LOAD /usr/bin/../lib/gcc/arm-none-eabi/6.3.1/../../../../arm-none-eabi/lib/thumb/v7e-m/fpv4-sp/softfp/libm.a
LOAD /usr/bin/../lib/gcc/arm-none-eabi/6.3.1/../../../../arm-none-eabi/lib/thumb/v7e-m/fpv4-sp/softfp/libc.a
LOAD /usr/bin/../lib/gcc/arm-none-eabi/6.3.1/thumb/v7e-m/fpv4-sp/softfp/libgcc.a
LOAD /usr/bin/../lib/gcc/arm-none-eabi/6.3.1/../../../../arm-none-eabi/lib/thumb/v7e-m/fpv4-sp/softfp/libnosys.a
START GROUP
LOAD /usr/bin/../lib/gcc/arm-none-eabi/6.3.1/thumb/v7e-m/fpv4-sp/softfp/libgcc.a
LOAD /usr/bin/../lib/gcc/arm-none-eabi/6.3.1/../../../../arm-none-eabi/lib/thumb/v7e-m/fpv4-sp/softfp/libc.a
END GROUP
LOAD /usr/bin/../lib/gcc/arm-none-eabi/6.3.1/thumb/v7e-m/fpv4-sp/softfp/crtend.o
LOAD /usr/bin/../lib/gcc/arm-none-eabi/6.3.1/thumb/v7e-m/fpv4-sp/softfp/crtn.o

.text           0x000000000001c000    0x14ba0
 *(.Vectors)
 .Vectors       0x000000000001c000       0xdc ./BUILD/LEAPRO2/GCC_ARM/mbed-os/targets/TARGET_NORDIC/TARGET_NRF5/TARGET_MCU_NRF52832/device/TOOLCHAIN_GCC_ARM/startup_NRF52832.o
                0x000000000001c000                __Vectors
 *(.text*)
 .text          0x000000000001c0dc       0x6c /usr/bin/../lib/gcc/arm-none-eabi/6.3.1/thumb/v7e-m/fpv4-sp/softfp/crtbegin.o
 .text          0x000000000001c148       0x74 /usr/bin/../lib/gcc/arm-none-eabi/6.3.1/../../../../arm-none-eabi/lib/thumb/v7e-m/fpv4-sp/softfp/crt0.o
                0x000000000001c148                _mainCRTStartup
                0x000000000001c148                _start
 .text._ZN12SingletonPtrIN4rtos5MutexEE3getEv
                0x000000000001c1bc       0x4c ./BUILD/LEAPRO2/GCC_ARM/mbed-os/drivers/FileBase.o
                0x000000000001c1bc                SingletonPtr<rtos::Mutex>::get()
 .text._ZN6CThunkIN4mbed3I2CEE10trampolineEPS1_PvPMS1_FvS4_E
                0x000000000001c208       0x2c ./BUILD/LEAPRO2/GCC_ARM/mbed-os/drivers/I2C.o
                0x000000000001c208                CThunk<mbed::I2C>::trampoline(mbed::I2C*, void*, void (mbed::I2C::**)(void*))
 .text._ZN4mbed3I2CC2E7PinNameS1_
                0x000000000001c234       0x7c ./BUILD/LEAPRO2/GCC_ARM/mbed-os/drivers/I2C.o
                0x000000000001c234                mbed::I2C::I2C(PinName, PinName)
                0x000000000001c234                mbed::I2C::I2C(PinName, PinName)
 .text._ZN4mbed3I2C9frequencyEi
                0x000000000001c2b0       0x2c ./BUILD/LEAPRO2/GCC_ARM/mbed-os/drivers/I2C.o
                0x000000000001c2b0                mbed::I2C::frequency(int)
 .text._ZN4mbed3I2C6aquireEv
                0x000000000001c2dc       0x30 ./BUILD/LEAPRO2/GCC_ARM/mbed-os/drivers/I2C.o
                0x000000000001c2dc                mbed::I2C::aquire()
 .text._ZN4mbed3I2C5writeEiPKcib
                0x000000000001c30c       0x42 ./BUILD/LEAPRO2/GCC_ARM/mbed-os/drivers/I2C.o
                0x000000000001c30c                mbed::I2C::write(int, char const*, int, bool)
 .text._ZN4mbed3I2C4readEiPcib
                0x000000000001c34e       0x42 ./BUILD/LEAPRO2/GCC_ARM/mbed-os/drivers/I2C.o
                0x000000000001c34e                mbed::I2C::read(int, char*, int, bool)
 .text._ZN4mbed3I2C4stopEv
                0x000000000001c390       0x20 ./BUILD/LEAPRO2/GCC_ARM/mbed-os/drivers/I2C.o
                0x000000000001c390                mbed::I2C::stop()
 .text._ZN4mbed8CallbackIFviEED2Ev
                0x000000000001c3b0       0x10 ./BUILD/LEAPRO2/GCC_ARM/mbed-os/drivers/I2C.o
                0x000000000001c3b0                mbed::Callback<void (int)>::~Callback()
                0x000000000001c3b0                mbed::Callback<void (int)>::~Callback()
 .text._ZN4mbed3I2CD2Ev
                0x000000000001c3c0       0x18 ./BUILD/LEAPRO2/GCC_ARM/mbed-os/drivers/I2C.o
                0x000000000001c3c0                mbed::I2C::~I2C()
                0x000000000001c3c0                mbed::I2C::~I2C()
 .text._ZN4mbed3I2CD0Ev
                0x000000000001c3d8       0x12 ./BUILD/LEAPRO2/GCC_ARM/mbed-os/drivers/I2C.o
                0x000000000001c3d8                mbed::I2C::~I2C()
 *fill*         0x000000000001c3ea        0x2 
 .text._ZN4mbed3I2C4lockEv
                0x000000000001c3ec       0x18 ./BUILD/LEAPRO2/GCC_ARM/mbed-os/drivers/I2C.o
                0x000000000001c3ec                mbed::I2C::lock()
 .text._ZN4mbed3I2C6unlockEv
                0x000000000001c404       0x14 ./BUILD/LEAPRO2/GCC_ARM/mbed-os/drivers/I2C.o
                0x000000000001c404                mbed::I2C::unlock()
 .text._ZN4mbed8CallbackIFvvEE13function_callIPS1_EEvPKv
                0x000000000001c418        0x4 ./BUILD/LEAPRO2/GCC_ARM/mbed-os/drivers/InterruptIn.o
                0x000000000001c418                void mbed::Callback<void ()>::function_call<void (*)()>(void const*)
 .text._ZN4mbed8CallbackIFvvEE13function_moveIPS1_EEvPvPKv
                0x000000000001c41c        0x8 ./BUILD/LEAPRO2/GCC_ARM/mbed-os/drivers/InterruptIn.o
                0x000000000001c41c                void mbed::Callback<void ()>::function_move<void (*)()>(void*, void const*)
 .text._ZN4mbed8CallbackIFvvEE13function_dtorIPS1_EEvPv
                0x000000000001c424        0x2 ./BUILD/LEAPRO2/GCC_ARM/mbed-os/drivers/InterruptIn.o
                0x000000000001c424                void mbed::Callback<void ()>::function_dtor<void (*)()>(void*)
 .text._ZN4mbed8CallbackIFvvEED2Ev
                0x000000000001c426       0x10 ./BUILD/LEAPRO2/GCC_ARM/mbed-os/drivers/InterruptIn.o
                0x000000000001c426                mbed::Callback<void ()>::~Callback()
                0x000000000001c426                mbed::Callback<void ()>::~Callback()
 *fill*         0x000000000001c436        0x2 
 .text._ZN4mbed6Ticker7handlerEv
                0x000000000001c438       0x38 ./BUILD/LEAPRO2/GCC_ARM/mbed-os/drivers/Ticker.o
                0x000000000001c438                mbed::Ticker::handler()
 .text._ZN4mbed6Ticker5setupEm
                0x000000000001c470       0x28 ./BUILD/LEAPRO2/GCC_ARM/mbed-os/drivers/Ticker.o
                0x000000000001c470                mbed::Ticker::setup(unsigned long)
 .text._ZN4mbed6Ticker6detachEv
                0x000000000001c498       0x42 ./BUILD/LEAPRO2/GCC_ARM/mbed-os/drivers/Ticker.o
                0x000000000001c498                mbed::Ticker::detach()
 *fill*         0x000000000001c4da        0x2 
 .text._ZN4mbed6TickerD2Ev
                0x000000000001c4dc       0x24 ./BUILD/LEAPRO2/GCC_ARM/mbed-os/drivers/Ticker.o
                0x000000000001c4dc                mbed::Ticker::~Ticker()
                0x000000000001c4dc                mbed::Ticker::~Ticker()
 .text._ZN4mbed6TickerD0Ev
                0x000000000001c500       0x12 ./BUILD/LEAPRO2/GCC_ARM/mbed-os/drivers/Ticker.o
                0x000000000001c500                mbed::Ticker::~Ticker()
 *fill*         0x000000000001c512        0x2 
 .text._ZN4mbed7Timeout7handlerEv
                0x000000000001c514       0x2c ./BUILD/LEAPRO2/GCC_ARM/mbed-os/drivers/Timeout.o
                0x000000000001c514                mbed::Timeout::handler()
 .text._ZN4mbed7TimeoutD2Ev
                0x000000000001c540       0x14 ./BUILD/LEAPRO2/GCC_ARM/mbed-os/drivers/Timeout.o
                0x000000000001c540                mbed::Timeout::~Timeout()
                0x000000000001c540                mbed::Timeout::~Timeout()
 .text._ZN4mbed7TimeoutD0Ev
                0x000000000001c554       0x12 ./BUILD/LEAPRO2/GCC_ARM/mbed-os/drivers/Timeout.o
                0x000000000001c554                mbed::Timeout::~Timeout()
 .text._ZN4mbed5Timer5startEv
                0x000000000001c566       0x20 ./BUILD/LEAPRO2/GCC_ARM/mbed-os/drivers/Timer.o
                0x000000000001c566                mbed::Timer::start()
 .text._ZN4mbed5Timer9slicetimeEv
                0x000000000001c586       0x1e ./BUILD/LEAPRO2/GCC_ARM/mbed-os/drivers/Timer.o
                0x000000000001c586                mbed::Timer::slicetime()
 .text._ZN4mbed5Timer7read_usEv
                0x000000000001c5a4       0x1a ./BUILD/LEAPRO2/GCC_ARM/mbed-os/drivers/Timer.o
                0x000000000001c5a4                mbed::Timer::read_us()
 .text._ZN4mbed5Timer7read_msEv
                0x000000000001c5be       0x10 ./BUILD/LEAPRO2/GCC_ARM/mbed-os/drivers/Timer.o
                0x000000000001c5be                mbed::Timer::read_ms()
 .text._ZN4mbed5Timer5resetEv
                0x000000000001c5ce       0x1c ./BUILD/LEAPRO2/GCC_ARM/mbed-os/drivers/Timer.o
                0x000000000001c5ce                mbed::Timer::reset()
 .text._ZN4mbed5TimerC2Ev
                0x000000000001c5ea       0x1c ./BUILD/LEAPRO2/GCC_ARM/mbed-os/drivers/Timer.o
                0x000000000001c5ea                mbed::Timer::Timer()
                0x000000000001c5ea                mbed::Timer::Timer()
 .text._ZN4mbed10TimerEvent3irqEm
                0x000000000001c606        0x6 ./BUILD/LEAPRO2/GCC_ARM/mbed-os/drivers/TimerEvent.o
                0x000000000001c606                mbed::TimerEvent::irq(unsigned long)
 .text._ZN4mbed10TimerEventC2Ev
                0x000000000001c60c       0x28 ./BUILD/LEAPRO2/GCC_ARM/mbed-os/drivers/TimerEvent.o
                0x000000000001c60c                mbed::TimerEvent::TimerEvent()
                0x000000000001c60c                mbed::TimerEvent::TimerEvent()
 .text._ZN4mbed10TimerEvent6insertEm
                0x000000000001c634        0xc ./BUILD/LEAPRO2/GCC_ARM/mbed-os/drivers/TimerEvent.o
                0x000000000001c634                mbed::TimerEvent::insert(unsigned long)
 .text._ZN4mbed10TimerEvent6removeEv
                0x000000000001c640        0x8 ./BUILD/LEAPRO2/GCC_ARM/mbed-os/drivers/TimerEvent.o
                0x000000000001c640                mbed::TimerEvent::remove()
 .text._ZN4mbed10TimerEventD2Ev
                0x000000000001c648       0x14 ./BUILD/LEAPRO2/GCC_ARM/mbed-os/drivers/TimerEvent.o
                0x000000000001c648                mbed::TimerEvent::~TimerEvent()
                0x000000000001c648                mbed::TimerEvent::~TimerEvent()
 .text._ZN6events10EventQueueC2EjPh
                0x000000000001c65c       0x18 ./BUILD/LEAPRO2/GCC_ARM/mbed-os/events/EventQueue.o
                0x000000000001c65c                events::EventQueue::EventQueue(unsigned int, unsigned char*)
                0x000000000001c65c                events::EventQueue::EventQueue(unsigned int, unsigned char*)
 .text._ZN6events10EventQueue8dispatchEi
                0x000000000001c674        0x4 ./BUILD/LEAPRO2/GCC_ARM/mbed-os/events/EventQueue.o
                0x000000000001c674                events::EventQueue::dispatch(int)
 .text._ZN6events10EventQueueD2Ev
                0x000000000001c678       0x14 ./BUILD/LEAPRO2/GCC_ARM/mbed-os/events/EventQueue.o
                0x000000000001c678                events::EventQueue::~EventQueue()
                0x000000000001c678                events::EventQueue::~EventQueue()
 .text.equeue_enqueue
                0x000000000001c68c       0xa6 ./BUILD/LEAPRO2/GCC_ARM/mbed-os/events/equeue/equeue.o
 .text.equeue_create_inplace
                0x000000000001c732       0x5a ./BUILD/LEAPRO2/GCC_ARM/mbed-os/events/equeue/equeue.o
                0x000000000001c732                equeue_create_inplace
 .text.equeue_create
                0x000000000001c78c       0x24 ./BUILD/LEAPRO2/GCC_ARM/mbed-os/events/equeue/equeue.o
                0x000000000001c78c                equeue_create
 .text.equeue_destroy
                0x000000000001c7b0       0x4c ./BUILD/LEAPRO2/GCC_ARM/mbed-os/events/equeue/equeue.o
                0x000000000001c7b0                equeue_destroy
 .text.equeue_alloc
                0x000000000001c7fc       0x7a ./BUILD/LEAPRO2/GCC_ARM/mbed-os/events/equeue/equeue.o
                0x000000000001c7fc                equeue_alloc
 .text.equeue_dealloc
                0x000000000001c876       0x5c ./BUILD/LEAPRO2/GCC_ARM/mbed-os/events/equeue/equeue.o
                0x000000000001c876                equeue_dealloc
 .text.equeue_post
                0x000000000001c8d2       0x34 ./BUILD/LEAPRO2/GCC_ARM/mbed-os/events/equeue/equeue.o
                0x000000000001c8d2                equeue_post
 .text.equeue_dispatch
                0x000000000001c906      0x16a ./BUILD/LEAPRO2/GCC_ARM/mbed-os/events/equeue/equeue.o
                0x000000000001c906                equeue_dispatch
 .text.equeue_event_delay
                0x000000000001ca70        0x6 ./BUILD/LEAPRO2/GCC_ARM/mbed-os/events/equeue/equeue.o
                0x000000000001ca70                equeue_event_delay
 .text.equeue_event_period
                0x000000000001ca76        0x6 ./BUILD/LEAPRO2/GCC_ARM/mbed-os/events/equeue/equeue.o
                0x000000000001ca76                equeue_event_period
 .text.equeue_event_dtor
                0x000000000001ca7c        0x6 ./BUILD/LEAPRO2/GCC_ARM/mbed-os/events/equeue/equeue.o
                0x000000000001ca7c                equeue_event_dtor
 *fill*         0x000000000001ca82        0x2 
 .text._ZL18equeue_tick_updatev
                0x000000000001ca84       0x24 ./BUILD/LEAPRO2/GCC_ARM/mbed-os/events/equeue/equeue_mbed.o
 .text.equeue_mutex_create
                0x000000000001caa8        0x4 ./BUILD/LEAPRO2/GCC_ARM/mbed-os/events/equeue/equeue_mbed.o
                0x000000000001caa8                equeue_mutex_create
 .text.equeue_mutex_destroy
                0x000000000001caac        0x2 ./BUILD/LEAPRO2/GCC_ARM/mbed-os/events/equeue/equeue_mbed.o
                0x000000000001caac                equeue_mutex_destroy
 .text.equeue_mutex_lock
                0x000000000001caae        0x4 ./BUILD/LEAPRO2/GCC_ARM/mbed-os/events/equeue/equeue_mbed.o
                0x000000000001caae                equeue_mutex_lock
 .text.equeue_mutex_unlock
                0x000000000001cab2        0x4 ./BUILD/LEAPRO2/GCC_ARM/mbed-os/events/equeue/equeue_mbed.o
                0x000000000001cab2                equeue_mutex_unlock
 .text.equeue_sema_create
                0x000000000001cab6        0xe ./BUILD/LEAPRO2/GCC_ARM/mbed-os/events/equeue/equeue_mbed.o
                0x000000000001cab6                equeue_sema_create
 .text.equeue_sema_destroy
                0x000000000001cac4        0x4 ./BUILD/LEAPRO2/GCC_ARM/mbed-os/events/equeue/equeue_mbed.o
                0x000000000001cac4                equeue_sema_destroy
 .text.equeue_sema_signal
                0x000000000001cac8        0x4 ./BUILD/LEAPRO2/GCC_ARM/mbed-os/events/equeue/equeue_mbed.o
                0x000000000001cac8                equeue_sema_signal
 .text.equeue_sema_wait
                0x000000000001cacc       0x14 ./BUILD/LEAPRO2/GCC_ARM/mbed-os/events/equeue/equeue_mbed.o
                0x000000000001cacc                equeue_sema_wait
 .text.equeue_tick
                0x000000000001cae0       0x90 ./BUILD/LEAPRO2/GCC_ARM/mbed-os/events/equeue/equeue_mbed.o
                0x000000000001cae0                equeue_tick
 .text._ZNK9SafeBool_4base7trueTagEv
                0x000000000001cb70        0x2 ./BUILD/LEAPRO2/GCC_ARM/mbed-os/features/FEATURE_BLE/source/BLE.o
                0x000000000001cb70                SafeBool_::base::trueTag() const
 .text._ZN26FunctionPointerWithContextIPN3BLE32OnEventsToProcessCallbackContextEE14functioncallerEPKS3_S2_
                0x000000000001cb72        0xa ./BUILD/LEAPRO2/GCC_ARM/mbed-os/features/FEATURE_BLE/source/BLE.o
                0x000000000001cb72                FunctionPointerWithContext<BLE::OnEventsToProcessCallbackContext*>::functioncaller(FunctionPointerWithContext<BLE::OnEventsToProcessCallbackContext*> const*, BLE::OnEventsToProcessCallbackContext*)
 .text._ZN3BLE18initImplementationE26FunctionPointerWithContextIPNS_37InitializationCompleteCallbackContextEE
                0x000000000001cb7c       0x2a ./BUILD/LEAPRO2/GCC_ARM/mbed-os/features/FEATURE_BLE/source/BLE.o
                0x000000000001cb7c                BLE::initImplementation(FunctionPointerWithContext<BLE::InitializationCompleteCallbackContext*>)
 *fill*         0x000000000001cba6        0x2 
 .text._ZN3BLEC2Ej
                0x000000000001cba8       0x38 ./BUILD/LEAPRO2/GCC_ARM/mbed-os/features/FEATURE_BLE/source/BLE.o
                0x000000000001cba8                BLE::BLE(unsigned int)
                0x000000000001cba8                BLE::BLE(unsigned int)
 .text._ZN3BLE8InstanceEj
                0x000000000001cbe0       0x54 ./BUILD/LEAPRO2/GCC_ARM/mbed-os/features/FEATURE_BLE/source/BLE.o
                0x000000000001cbe0                BLE::Instance(unsigned int)
 .text._ZN3BLE3gapEv
                0x000000000001cc34       0x20 ./BUILD/LEAPRO2/GCC_ARM/mbed-os/features/FEATURE_BLE/source/BLE.o
                0x000000000001cc34                BLE::gap()
 .text._ZNK3BLE3gapEv
                0x000000000001cc54        0x4 ./BUILD/LEAPRO2/GCC_ARM/mbed-os/features/FEATURE_BLE/source/BLE.o
                0x000000000001cc54                BLE::gap() const
 .text._ZN3BLE10gattServerEv
                0x000000000001cc58       0x20 ./BUILD/LEAPRO2/GCC_ARM/mbed-os/features/FEATURE_BLE/source/BLE.o
                0x000000000001cc58                BLE::gattServer()
 .text._ZN3BLE13processEventsEv
                0x000000000001cc78       0x20 ./BUILD/LEAPRO2/GCC_ARM/mbed-os/features/FEATURE_BLE/source/BLE.o
                0x000000000001cc78                BLE::processEvents()
 .text._ZN3BLE17onEventsToProcessERK26FunctionPointerWithContextIPNS_32OnEventsToProcessCallbackContextEE
                0x000000000001cc98       0x1a ./BUILD/LEAPRO2/GCC_ARM/mbed-os/features/FEATURE_BLE/source/BLE.o
                0x000000000001cc98                BLE::onEventsToProcess(FunctionPointerWithContext<BLE::OnEventsToProcessCallbackContext*> const&)
 *fill*         0x000000000001ccb2        0x2 
 .text._ZN3BLE21signalEventsToProcessEv
                0x000000000001ccb4       0x24 ./BUILD/LEAPRO2/GCC_ARM/mbed-os/features/FEATURE_BLE/source/BLE.o
                0x000000000001ccb4                BLE::signalEventsToProcess()
 .text._ZN15BLEInstanceBaseD2Ev
                0x000000000001ccd8        0x2 ./BUILD/LEAPRO2/GCC_ARM/mbed-os/features/FEATURE_BLE/source/BLEInstanceBase.o
                0x000000000001ccd8                BLEInstanceBase::~BLEInstanceBase()
                0x000000000001ccd8                BLEInstanceBase::~BLEInstanceBase()
 .text._ZN15BLEInstanceBase21signalEventsToProcessEj
                0x000000000001ccda       0x10 ./BUILD/LEAPRO2/GCC_ARM/mbed-os/features/FEATURE_BLE/source/BLEInstanceBase.o
                0x000000000001ccda                BLEInstanceBase::signalEventsToProcess(unsigned int)
 .text._ZN17GapScanningParamsC2Etttb
                0x000000000001ccea       0x5c ./BUILD/LEAPRO2/GCC_ARM/mbed-os/features/FEATURE_BLE/source/GapScanningParams.o
                0x000000000001ccea                GapScanningParams::GapScanningParams(unsigned short, unsigned short, unsigned short, bool)
                0x000000000001ccea                GapScanningParams::GapScanningParams(unsigned short, unsigned short, unsigned short, bool)
 .text.sd_ble_gap_address_set
                0x000000000001cd46        0x4 ./BUILD/LEAPRO2/GCC_ARM/mbed-os/features/FEATURE_BLE/targets/TARGET_NORDIC/TARGET_NRF5/source/btle/btle.o
 .text.sd_ble_gap_address_get
                0x000000000001cd4a        0x4 ./BUILD/LEAPRO2/GCC_ARM/mbed-os/features/FEATURE_BLE/targets/TARGET_NORDIC/TARGET_NRF5/source/btle/btle.o
 .text._ZL16sys_evt_dispatchm
                0x000000000001cd4e        0x4 ./BUILD/LEAPRO2/GCC_ARM/mbed-os/features/FEATURE_BLE/targets/TARGET_NORDIC/TARGET_NRF5/source/btle/btle.o
 *fill*         0x000000000001cd52        0x2 
 .text._ZL11signalEventv
                0x000000000001cd54       0x20 ./BUILD/LEAPRO2/GCC_ARM/mbed-os/features/FEATURE_BLE/targets/TARGET_NORDIC/TARGET_NRF5/source/btle/btle.o
 .text._ZL12btle_handlerP9ble_evt_t
                0x000000000001cd74      0x220 ./BUILD/LEAPRO2/GCC_ARM/mbed-os/features/FEATURE_BLE/targets/TARGET_NORDIC/TARGET_NRF5/source/btle/btle.o
 .text.btle_init
                0x000000000001cf94       0xb0 ./BUILD/LEAPRO2/GCC_ARM/mbed-os/features/FEATURE_BLE/targets/TARGET_NORDIC/TARGET_NRF5/source/btle/btle.o
                0x000000000001cf94                btle_init
 .text._ZN4UUIDC2Et
                0x000000000001d044       0x1a ./BUILD/LEAPRO2/GCC_ARM/mbed-os/features/FEATURE_BLE/targets/TARGET_NORDIC/TARGET_NRF5/source/btle/btle_discovery.o
                0x000000000001d044                UUID::UUID(unsigned short)
                0x000000000001d044                UUID::UUID(unsigned short)
 .text._ZNK4UUIDeqERKS_
                0x000000000001d05e       0x36 ./BUILD/LEAPRO2/GCC_ARM/mbed-os/features/FEATURE_BLE/targets/TARGET_NORDIC/TARGET_NRF5/source/btle/btle_discovery.o
                0x000000000001d05e                UUID::operator==(UUID const&) const
 .text._ZN21nRF5xServiceDiscovery32terminateCharacteristicDiscoveryE11ble_error_t
                0x000000000001d094      0x13c ./BUILD/LEAPRO2/GCC_ARM/mbed-os/features/FEATURE_BLE/targets/TARGET_NORDIC/TARGET_NRF5/source/btle/btle_discovery.o
                0x000000000001d094                nRF5xServiceDiscovery::terminateCharacteristicDiscovery(ble_error_t)
 .text._Z20bleGattcEventHandlerPK9ble_evt_t
                0x000000000001d1d0      0x17c ./BUILD/LEAPRO2/GCC_ARM/mbed-os/features/FEATURE_BLE/targets/TARGET_NORDIC/TARGET_NRF5/source/btle/btle_discovery.o
                0x000000000001d1d0                bleGattcEventHandler(ble_evt_t const*)
 .text.sd_ble_gap_tx_power_set
                0x000000000001d34c        0x4 ./BUILD/LEAPRO2/GCC_ARM/mbed-os/features/FEATURE_BLE/targets/TARGET_NORDIC/TARGET_NRF5/source/btle/btle_gap.o
 .text.sd_ble_gap_appearance_set
                0x000000000001d350        0x4 ./BUILD/LEAPRO2/GCC_ARM/mbed-os/features/FEATURE_BLE/targets/TARGET_NORDIC/TARGET_NRF5/source/btle/btle_gap.o
 .text.sd_ble_gap_ppcp_set
                0x000000000001d354        0x4 ./BUILD/LEAPRO2/GCC_ARM/mbed-os/features/FEATURE_BLE/targets/TARGET_NORDIC/TARGET_NRF5/source/btle/btle_gap.o
 .text.sd_ble_gap_device_name_set
                0x000000000001d358        0x4 ./BUILD/LEAPRO2/GCC_ARM/mbed-os/features/FEATURE_BLE/targets/TARGET_NORDIC/TARGET_NRF5/source/btle/btle_gap.o
 .text._Z13btle_gap_initv
                0x000000000001d35c       0x64 ./BUILD/LEAPRO2/GCC_ARM/mbed-os/features/FEATURE_BLE/targets/TARGET_NORDIC/TARGET_NRF5/source/btle/btle_gap.o
                0x000000000001d35c                btle_gap_init()
 .text.sd_ble_gap_conn_sec_get
                0x000000000001d3c0        0x4 ./BUILD/LEAPRO2/GCC_ARM/mbed-os/features/FEATURE_BLE/targets/TARGET_NORDIC/TARGET_NRF5/source/btle/btle_security_pm.o
 .text.sd_ble_opt_set
                0x000000000001d3c4        0x4 ./BUILD/LEAPRO2/GCC_ARM/mbed-os/features/FEATURE_BLE/targets/TARGET_NORDIC/TARGET_NRF5/source/btle/btle_security_pm.o
 .text._ZL10pm_handlerPK8pm_evt_t
                0x000000000001d3c8      0x11c ./BUILD/LEAPRO2/GCC_ARM/mbed-os/features/FEATURE_BLE/targets/TARGET_NORDIC/TARGET_NRF5/source/btle/btle_security_pm.o
 .text._Z27btle_hasInitializedSecurityv
                0x000000000001d4e4        0xc ./BUILD/LEAPRO2/GCC_ARM/mbed-os/features/FEATURE_BLE/targets/TARGET_NORDIC/TARGET_NRF5/source/btle/btle_security_pm.o
                0x000000000001d4e4                btle_hasInitializedSecurity()
 .text._Z23btle_initializeSecuritybbN15SecurityManager24SecurityIOCapabilities_tEPKh
                0x000000000001d4f0       0x98 ./BUILD/LEAPRO2/GCC_ARM/mbed-os/features/FEATURE_BLE/targets/TARGET_NORDIC/TARGET_NRF5/source/btle/btle_security_pm.o
                0x000000000001d4f0                btle_initializeSecurity(bool, bool, SecurityManager::SecurityIOCapabilities_t, unsigned char const*)
 .text._Z25btle_purgeAllBondingStatev
                0x000000000001d588       0x28 ./BUILD/LEAPRO2/GCC_ARM/mbed-os/features/FEATURE_BLE/targets/TARGET_NORDIC/TARGET_NRF5/source/btle/btle_security_pm.o
                0x000000000001d588                btle_purgeAllBondingState()
 .text._Z20btle_getLinkSecuritytPN15SecurityManager20LinkSecurityStatus_tE
                0x000000000001d5b0       0x50 ./BUILD/LEAPRO2/GCC_ARM/mbed-os/features/FEATURE_BLE/targets/TARGET_NORDIC/TARGET_NRF5/source/btle/btle_security_pm.o
                0x000000000001d5b0                btle_getLinkSecurity(unsigned short, SecurityManager::LinkSecurityStatus_t*)
 .text._Z20btle_setLinkSecuritytN15SecurityManager14SecurityMode_tE
                0x000000000001d600       0x74 ./BUILD/LEAPRO2/GCC_ARM/mbed-os/features/FEATURE_BLE/targets/TARGET_NORDIC/TARGET_NRF5/source/btle/btle_security_pm.o
                0x000000000001d600                btle_setLinkSecurity(unsigned short, SecurityManager::SecurityMode_t)
 .text._Z33btle_createWhitelistFromBondTableP19ble_gap_whitelist_t
                0x000000000001d674       0x28 ./BUILD/LEAPRO2/GCC_ARM/mbed-os/features/FEATURE_BLE/targets/TARGET_NORDIC/TARGET_NRF5/source/btle/btle_security_pm.o
                0x000000000001d674                btle_createWhitelistFromBondTable(ble_gap_whitelist_t*)
 .text._Z23btle_matchAddressAndIrkPK14ble_gap_addr_tPK13ble_gap_irk_t
                0x000000000001d69c        0x4 ./BUILD/LEAPRO2/GCC_ARM/mbed-os/features/FEATURE_BLE/targets/TARGET_NORDIC/TARGET_NRF5/source/btle/btle_security_pm.o
                0x000000000001d69c                btle_matchAddressAndIrk(ble_gap_addr_t const*, ble_gap_irk_t const*)
 .text._Z30btle_generateResolvableAddressRK13ble_gap_irk_tR14ble_gap_addr_t
                0x000000000001d6a0       0x18 ./BUILD/LEAPRO2/GCC_ARM/mbed-os/features/FEATURE_BLE/targets/TARGET_NORDIC/TARGET_NRF5/source/btle/btle_security_pm.o
                0x000000000001d6a0                btle_generateResolvableAddress(ble_gap_irk_t const&, ble_gap_addr_t&)
 .text.sd_ble_gatts_characteristic_add
                0x000000000001d6b8        0x4 ./BUILD/LEAPRO2/GCC_ARM/mbed-os/features/FEATURE_BLE/targets/TARGET_NORDIC/TARGET_NRF5/source/btle/custom/custom_helper.o
 .text.sd_ble_gatts_descriptor_add
                0x000000000001d6bc        0x4 ./BUILD/LEAPRO2/GCC_ARM/mbed-os/features/FEATURE_BLE/targets/TARGET_NORDIC/TARGET_NRF5/source/btle/custom/custom_helper.o
 .text.sd_ble_uuid_vs_add
                0x000000000001d6c0        0x4 ./BUILD/LEAPRO2/GCC_ARM/mbed-os/features/FEATURE_BLE/targets/TARGET_NORDIC/TARGET_NRF5/source/btle/custom/custom_helper.o
 .text.custom_reset_128bits_uuid_table
                0x000000000001d6c4        0xc ./BUILD/LEAPRO2/GCC_ARM/mbed-os/features/FEATURE_BLE/targets/TARGET_NORDIC/TARGET_NRF5/source/btle/custom/custom_helper.o
                0x000000000001d6c4                custom_reset_128bits_uuid_table
 .text.custom_add_uuid_base
                0x000000000001d6d0       0x2e ./BUILD/LEAPRO2/GCC_ARM/mbed-os/features/FEATURE_BLE/targets/TARGET_NORDIC/TARGET_NRF5/source/btle/custom/custom_helper.o
                0x000000000001d6d0                custom_add_uuid_base
 *fill*         0x000000000001d6fe        0x2 
 .text.custom_convert_to_nordic_uuid
                0x000000000001d700       0xb0 ./BUILD/LEAPRO2/GCC_ARM/mbed-os/features/FEATURE_BLE/targets/TARGET_NORDIC/TARGET_NRF5/source/btle/custom/custom_helper.o
                0x000000000001d700                custom_convert_to_nordic_uuid
 .text.custom_add_in_characteristic
                0x000000000001d7b0      0x1a8 ./BUILD/LEAPRO2/GCC_ARM/mbed-os/features/FEATURE_BLE/targets/TARGET_NORDIC/TARGET_NRF5/source/btle/custom/custom_helper.o
                0x000000000001d7b0                custom_add_in_characteristic
 .text.custom_add_in_descriptor
                0x000000000001d958       0x60 ./BUILD/LEAPRO2/GCC_ARM/mbed-os/features/FEATURE_BLE/targets/TARGET_NORDIC/TARGET_NRF5/source/btle/custom/custom_helper.o
                0x000000000001d958                custom_add_in_descriptor
 .text.sd_ble_gattc_descriptors_discover
                0x000000000001d9b8        0x4 ./BUILD/LEAPRO2/GCC_ARM/mbed-os/features/FEATURE_BLE/targets/TARGET_NORDIC/TARGET_NRF5/source/nRF5xCharacteristicDescriptorDiscoverer.o
 .text.sd_ble_gattc_attr_info_discover
                0x000000000001d9bc        0x4 ./BUILD/LEAPRO2/GCC_ARM/mbed-os/features/FEATURE_BLE/targets/TARGET_NORDIC/TARGET_NRF5/source/nRF5xCharacteristicDescriptorDiscoverer.o
 .text._ZN26FunctionPointerWithContextIPKN33CharacteristicDescriptorDiscovery25DiscoveryCallbackParams_tEE14functioncallerEPKS4_S3_
                0x000000000001d9c0        0xa ./BUILD/LEAPRO2/GCC_ARM/mbed-os/features/FEATURE_BLE/targets/TARGET_NORDIC/TARGET_NRF5/source/nRF5xCharacteristicDescriptorDiscoverer.o
                0x000000000001d9c0                FunctionPointerWithContext<CharacteristicDescriptorDiscovery::DiscoveryCallbackParams_t const*>::functioncaller(FunctionPointerWithContext<CharacteristicDescriptorDiscovery::DiscoveryCallbackParams_t const*> const*, CharacteristicDescriptorDiscovery::DiscoveryCallbackParams_t const*)
 .text._ZN26FunctionPointerWithContextIPKN33CharacteristicDescriptorDiscovery27TerminationCallbackParams_tEE14functioncallerEPKS4_S3_
                0x000000000001d9ca        0xa ./BUILD/LEAPRO2/GCC_ARM/mbed-os/features/FEATURE_BLE/targets/TARGET_NORDIC/TARGET_NRF5/source/nRF5xCharacteristicDescriptorDiscoverer.o
                0x000000000001d9ca                FunctionPointerWithContext<CharacteristicDescriptorDiscovery::TerminationCallbackParams_t const*>::functioncaller(FunctionPointerWithContext<CharacteristicDescriptorDiscovery::TerminationCallbackParams_t const*> const*, CharacteristicDescriptorDiscovery::TerminationCallbackParams_t const*)
 .text._ZeqRK24DiscoveredCharacteristicS1_
                0x000000000001d9d4       0x64 ./BUILD/LEAPRO2/GCC_ARM/mbed-os/features/FEATURE_BLE/targets/TARGET_NORDIC/TARGET_NRF5/source/nRF5xCharacteristicDescriptorDiscoverer.o
                0x000000000001d9d4                operator==(DiscoveredCharacteristic const&, DiscoveredCharacteristic const&)
 .text._ZN39nRF5xCharacteristicDescriptorDiscoverer9DiscoveryaSERKS0_
                0x000000000001da38       0x4c ./BUILD/LEAPRO2/GCC_ARM/mbed-os/features/FEATURE_BLE/targets/TARGET_NORDIC/TARGET_NRF5/source/nRF5xCharacteristicDescriptorDiscoverer.o
                0x000000000001da38                nRF5xCharacteristicDescriptorDiscoverer::Discovery::operator=(nRF5xCharacteristicDescriptorDiscoverer::Discovery const&)
 .text._ZNK39nRF5xCharacteristicDescriptorDiscoverer8isActiveERK24DiscoveredCharacteristic
                0x000000000001da84       0x1c ./BUILD/LEAPRO2/GCC_ARM/mbed-os/features/FEATURE_BLE/targets/TARGET_NORDIC/TARGET_NRF5/source/nRF5xCharacteristicDescriptorDiscoverer.o
                0x000000000001da84                nRF5xCharacteristicDescriptorDiscoverer::isActive(DiscoveredCharacteristic const&) const
 .text._ZN24DiscoveredCharacteristicC2ERKS_
                0x000000000001daa0       0x34 ./BUILD/LEAPRO2/GCC_ARM/mbed-os/features/FEATURE_BLE/targets/TARGET_NORDIC/TARGET_NRF5/source/nRF5xCharacteristicDescriptorDiscoverer.o
                0x000000000001daa0                DiscoveredCharacteristic::DiscoveredCharacteristic(DiscoveredCharacteristic const&)
                0x000000000001daa0                DiscoveredCharacteristic::DiscoveredCharacteristic(DiscoveredCharacteristic const&)
 .text._ZN39nRF5xCharacteristicDescriptorDiscoverer26gattc_descriptors_discoverEttt
                0x000000000001dad4       0x38 ./BUILD/LEAPRO2/GCC_ARM/mbed-os/features/FEATURE_BLE/targets/TARGET_NORDIC/TARGET_NRF5/source/nRF5xCharacteristicDescriptorDiscoverer.o
                0x000000000001dad4                nRF5xCharacteristicDescriptorDiscoverer::gattc_descriptors_discover(unsigned short, unsigned short, unsigned short)
 .text._ZN39nRF5xCharacteristicDescriptorDiscoverer24gattc_attr_info_discoverEttt
                0x000000000001db0c       0x40 ./BUILD/LEAPRO2/GCC_ARM/mbed-os/features/FEATURE_BLE/targets/TARGET_NORDIC/TARGET_NRF5/source/nRF5xCharacteristicDescriptorDiscoverer.o
                0x000000000001db0c                nRF5xCharacteristicDescriptorDiscoverer::gattc_attr_info_discover(unsigned short, unsigned short, unsigned short)
 .text._ZN39nRF5xCharacteristicDescriptorDiscoverer9DiscoveryC2Ev
                0x000000000001db4c       0x40 ./BUILD/LEAPRO2/GCC_ARM/mbed-os/features/FEATURE_BLE/targets/TARGET_NORDIC/TARGET_NRF5/source/nRF5xCharacteristicDescriptorDiscoverer.o
                0x000000000001db4c                nRF5xCharacteristicDescriptorDiscoverer::Discovery::Discovery()
                0x000000000001db4c                nRF5xCharacteristicDescriptorDiscoverer::Discovery::Discovery()
 .text._ZN39nRF5xCharacteristicDescriptorDiscovererC2Ev
                0x000000000001db8c       0x1c ./BUILD/LEAPRO2/GCC_ARM/mbed-os/features/FEATURE_BLE/targets/TARGET_NORDIC/TARGET_NRF5/source/nRF5xCharacteristicDescriptorDiscoverer.o
                0x000000000001db8c                nRF5xCharacteristicDescriptorDiscoverer::nRF5xCharacteristicDescriptorDiscoverer()
                0x000000000001db8c                nRF5xCharacteristicDescriptorDiscoverer::nRF5xCharacteristicDescriptorDiscoverer()
 .text._ZN39nRF5xCharacteristicDescriptorDiscoverer9DiscoveryC2ERK24DiscoveredCharacteristicRK26FunctionPointerWithContextIPKN33CharacteristicDescriptorDiscovery25DiscoveryCallbackParams_tEERKS4_IPKNS5_27TerminationCallbackParams_tEE
                0x000000000001dba8       0x36 ./BUILD/LEAPRO2/GCC_ARM/mbed-os/features/FEATURE_BLE/targets/TARGET_NORDIC/TARGET_NRF5/source/nRF5xCharacteristicDescriptorDiscoverer.o
                0x000000000001dba8                nRF5xCharacteristicDescriptorDiscoverer::Discovery::Discovery(DiscoveredCharacteristic const&, FunctionPointerWithContext<CharacteristicDescriptorDiscovery::DiscoveryCallbackParams_t const*> const&, FunctionPointerWithContext<CharacteristicDescriptorDiscovery::TerminationCallbackParams_t const*> const&)
                0x000000000001dba8                nRF5xCharacteristicDescriptorDiscoverer::Discovery::Discovery(DiscoveredCharacteristic const&, FunctionPointerWithContext<CharacteristicDescriptorDiscovery::DiscoveryCallbackParams_t const*> const&, FunctionPointerWithContext<CharacteristicDescriptorDiscovery::TerminationCallbackParams_t const*> const&)
 .text._ZN39nRF5xCharacteristicDescriptorDiscoverer9Discovery7processEtRK4UUID
                0x000000000001dbde       0x44 ./BUILD/LEAPRO2/GCC_ARM/mbed-os/features/FEATURE_BLE/targets/TARGET_NORDIC/TARGET_NRF5/source/nRF5xCharacteristicDescriptorDiscoverer.o
                0x000000000001dbde                nRF5xCharacteristicDescriptorDiscoverer::Discovery::process(unsigned short, UUID const&)
 .text._ZN39nRF5xCharacteristicDescriptorDiscoverer9Discovery9terminateE11ble_error_t
                0x000000000001dc22       0x16 ./BUILD/LEAPRO2/GCC_ARM/mbed-os/features/FEATURE_BLE/targets/TARGET_NORDIC/TARGET_NRF5/source/nRF5xCharacteristicDescriptorDiscoverer.o
                0x000000000001dc22                nRF5xCharacteristicDescriptorDiscoverer::Discovery::terminate(ble_error_t)
 .text._ZN39nRF5xCharacteristicDescriptorDiscoverer9terminateEPNS_9DiscoveryE11ble_error_t
                0x000000000001dc38       0x4e ./BUILD/LEAPRO2/GCC_ARM/mbed-os/features/FEATURE_BLE/targets/TARGET_NORDIC/TARGET_NRF5/source/nRF5xCharacteristicDescriptorDiscoverer.o
                0x000000000001dc38                nRF5xCharacteristicDescriptorDiscoverer::terminate(nRF5xCharacteristicDescriptorDiscoverer::Discovery*, ble_error_t)
 .text._ZNK39nRF5xCharacteristicDescriptorDiscoverer9Discovery7isEmptyEv
                0x000000000001dc86       0x50 ./BUILD/LEAPRO2/GCC_ARM/mbed-os/features/FEATURE_BLE/targets/TARGET_NORDIC/TARGET_NRF5/source/nRF5xCharacteristicDescriptorDiscoverer.o
                0x000000000001dc86                nRF5xCharacteristicDescriptorDiscoverer::Discovery::isEmpty() const
 .text._ZN39nRF5xCharacteristicDescriptorDiscoverer20findRunningDiscoveryERK24DiscoveredCharacteristic
                0x000000000001dcd6       0x2a ./BUILD/LEAPRO2/GCC_ARM/mbed-os/features/FEATURE_BLE/targets/TARGET_NORDIC/TARGET_NRF5/source/nRF5xCharacteristicDescriptorDiscoverer.o
                0x000000000001dcd6                nRF5xCharacteristicDescriptorDiscoverer::findRunningDiscovery(DiscoveredCharacteristic const&)
 .text._ZN39nRF5xCharacteristicDescriptorDiscoverer16requestTerminateERK24DiscoveredCharacteristic
                0x000000000001dd00       0x1a ./BUILD/LEAPRO2/GCC_ARM/mbed-os/features/FEATURE_BLE/targets/TARGET_NORDIC/TARGET_NRF5/source/nRF5xCharacteristicDescriptorDiscoverer.o
                0x000000000001dd00                nRF5xCharacteristicDescriptorDiscoverer::requestTerminate(DiscoveredCharacteristic const&)
 .text._ZN39nRF5xCharacteristicDescriptorDiscoverer20findRunningDiscoveryEt
                0x000000000001dd1a       0x26 ./BUILD/LEAPRO2/GCC_ARM/mbed-os/features/FEATURE_BLE/targets/TARGET_NORDIC/TARGET_NRF5/source/nRF5xCharacteristicDescriptorDiscoverer.o
                0x000000000001dd1a                nRF5xCharacteristicDescriptorDiscoverer::findRunningDiscovery(unsigned short)
 .text._ZN39nRF5xCharacteristicDescriptorDiscoverer9terminateEt11ble_error_t
                0x000000000001dd40       0x1c ./BUILD/LEAPRO2/GCC_ARM/mbed-os/features/FEATURE_BLE/targets/TARGET_NORDIC/TARGET_NRF5/source/nRF5xCharacteristicDescriptorDiscoverer.o
                0x000000000001dd40                nRF5xCharacteristicDescriptorDiscoverer::terminate(unsigned short, ble_error_t)
 .text._ZN39nRF5xCharacteristicDescriptorDiscoverer17isConnectionInUseEt
                0x000000000001dd5c        0xe ./BUILD/LEAPRO2/GCC_ARM/mbed-os/features/FEATURE_BLE/targets/TARGET_NORDIC/TARGET_NRF5/source/nRF5xCharacteristicDescriptorDiscoverer.o
                0x000000000001dd5c                nRF5xCharacteristicDescriptorDiscoverer::isConnectionInUse(unsigned short)
 .text._ZN39nRF5xCharacteristicDescriptorDiscoverer7processEtRK29ble_gattc_evt_desc_disc_rsp_t
                0x000000000001dd6a       0x86 ./BUILD/LEAPRO2/GCC_ARM/mbed-os/features/FEATURE_BLE/targets/TARGET_NORDIC/TARGET_NRF5/source/nRF5xCharacteristicDescriptorDiscoverer.o
                0x000000000001dd6a                nRF5xCharacteristicDescriptorDiscoverer::process(unsigned short, ble_gattc_evt_desc_disc_rsp_t const&)
 .text._ZN39nRF5xCharacteristicDescriptorDiscoverer27processAttributeInformationEtRK34ble_gattc_evt_attr_info_disc_rsp_t
                0x000000000001ddf0       0xc8 ./BUILD/LEAPRO2/GCC_ARM/mbed-os/features/FEATURE_BLE/targets/TARGET_NORDIC/TARGET_NRF5/source/nRF5xCharacteristicDescriptorDiscoverer.o
                0x000000000001ddf0                nRF5xCharacteristicDescriptorDiscoverer::processAttributeInformation(unsigned short, ble_gattc_evt_attr_info_disc_rsp_t const&)
 .text._ZN39nRF5xCharacteristicDescriptorDiscoverer25getAvailableDiscoverySlotEv
                0x000000000001deb8       0x1c ./BUILD/LEAPRO2/GCC_ARM/mbed-os/features/FEATURE_BLE/targets/TARGET_NORDIC/TARGET_NRF5/source/nRF5xCharacteristicDescriptorDiscoverer.o
                0x000000000001deb8                nRF5xCharacteristicDescriptorDiscoverer::getAvailableDiscoverySlot()
 .text._ZN39nRF5xCharacteristicDescriptorDiscoverer6launchERK24DiscoveredCharacteristicRK26FunctionPointerWithContextIPKN33CharacteristicDescriptorDiscovery25DiscoveryCallbackParams_tEERKS3_IPKNS4_27TerminationCallbackParams_tEE
                0x000000000001ded4       0x74 ./BUILD/LEAPRO2/GCC_ARM/mbed-os/features/FEATURE_BLE/targets/TARGET_NORDIC/TARGET_NRF5/source/nRF5xCharacteristicDescriptorDiscoverer.o
                0x000000000001ded4                nRF5xCharacteristicDescriptorDiscoverer::launch(DiscoveredCharacteristic const&, FunctionPointerWithContext<CharacteristicDescriptorDiscovery::DiscoveryCallbackParams_t const*> const&, FunctionPointerWithContext<CharacteristicDescriptorDiscovery::TerminationCallbackParams_t const*> const&)
 .text._ZN29nRF5xDiscoveredCharacteristic5setupEP15nRF5xGattClientt21ble_gatt_char_props_ttt
                0x000000000001df48       0x4a ./BUILD/LEAPRO2/GCC_ARM/mbed-os/features/FEATURE_BLE/targets/TARGET_NORDIC/TARGET_NRF5/source/nRF5xDiscoveredCharacteristic.o
                0x000000000001df48                nRF5xDiscoveredCharacteristic::setup(nRF5xGattClient*, unsigned short, ble_gatt_char_props_t, unsigned short, unsigned short)
 .text._ZN29nRF5xDiscoveredCharacteristic5setupEP15nRF5xGattClienttt21ble_gatt_char_props_ttt
                0x000000000001df92       0x78 ./BUILD/LEAPRO2/GCC_ARM/mbed-os/features/FEATURE_BLE/targets/TARGET_NORDIC/TARGET_NRF5/source/nRF5xDiscoveredCharacteristic.o
                0x000000000001df92                nRF5xDiscoveredCharacteristic::setup(nRF5xGattClient*, unsigned short, unsigned short, ble_gatt_char_props_t, unsigned short, unsigned short)
 .text.sd_ble_gap_address_set
                0x000000000001e00a        0x4 ./BUILD/LEAPRO2/GCC_ARM/mbed-os/features/FEATURE_BLE/targets/TARGET_NORDIC/TARGET_NRF5/source/nRF5xGap.o
 .text.sd_ble_gap_address_get
                0x000000000001e00e        0x4 ./BUILD/LEAPRO2/GCC_ARM/mbed-os/features/FEATURE_BLE/targets/TARGET_NORDIC/TARGET_NRF5/source/nRF5xGap.o
 .text.sd_ble_gap_adv_data_set
                0x000000000001e012        0x4 ./BUILD/LEAPRO2/GCC_ARM/mbed-os/features/FEATURE_BLE/targets/TARGET_NORDIC/TARGET_NRF5/source/nRF5xGap.o
 .text.sd_ble_gap_adv_start
                0x000000000001e016        0x4 ./BUILD/LEAPRO2/GCC_ARM/mbed-os/features/FEATURE_BLE/targets/TARGET_NORDIC/TARGET_NRF5/source/nRF5xGap.o
 .text.sd_ble_gap_adv_stop
                0x000000000001e01a        0x4 ./BUILD/LEAPRO2/GCC_ARM/mbed-os/features/FEATURE_BLE/targets/TARGET_NORDIC/TARGET_NRF5/source/nRF5xGap.o
 .text.sd_ble_gap_conn_param_update
                0x000000000001e01e        0x4 ./BUILD/LEAPRO2/GCC_ARM/mbed-os/features/FEATURE_BLE/targets/TARGET_NORDIC/TARGET_NRF5/source/nRF5xGap.o
 .text.sd_ble_gap_disconnect
                0x000000000001e022        0x4 ./BUILD/LEAPRO2/GCC_ARM/mbed-os/features/FEATURE_BLE/targets/TARGET_NORDIC/TARGET_NRF5/source/nRF5xGap.o
 .text.sd_ble_gap_tx_power_set
                0x000000000001e026        0x4 ./BUILD/LEAPRO2/GCC_ARM/mbed-os/features/FEATURE_BLE/targets/TARGET_NORDIC/TARGET_NRF5/source/nRF5xGap.o
 .text.sd_ble_gap_appearance_set
                0x000000000001e02a        0x4 ./BUILD/LEAPRO2/GCC_ARM/mbed-os/features/FEATURE_BLE/targets/TARGET_NORDIC/TARGET_NRF5/source/nRF5xGap.o
 .text.sd_ble_gap_appearance_get
                0x000000000001e02e        0x4 ./BUILD/LEAPRO2/GCC_ARM/mbed-os/features/FEATURE_BLE/targets/TARGET_NORDIC/TARGET_NRF5/source/nRF5xGap.o
 .text.sd_ble_gap_ppcp_set
                0x000000000001e032        0x4 ./BUILD/LEAPRO2/GCC_ARM/mbed-os/features/FEATURE_BLE/targets/TARGET_NORDIC/TARGET_NRF5/source/nRF5xGap.o
 .text.sd_ble_gap_ppcp_get
                0x000000000001e036        0x4 ./BUILD/LEAPRO2/GCC_ARM/mbed-os/features/FEATURE_BLE/targets/TARGET_NORDIC/TARGET_NRF5/source/nRF5xGap.o
 .text.sd_ble_gap_device_name_set
                0x000000000001e03a        0x4 ./BUILD/LEAPRO2/GCC_ARM/mbed-os/features/FEATURE_BLE/targets/TARGET_NORDIC/TARGET_NRF5/source/nRF5xGap.o
 .text.sd_ble_gap_device_name_get
                0x000000000001e03e        0x4 ./BUILD/LEAPRO2/GCC_ARM/mbed-os/features/FEATURE_BLE/targets/TARGET_NORDIC/TARGET_NRF5/source/nRF5xGap.o
 .text.sd_ble_gap_scan_start
                0x000000000001e042        0x4 ./BUILD/LEAPRO2/GCC_ARM/mbed-os/features/FEATURE_BLE/targets/TARGET_NORDIC/TARGET_NRF5/source/nRF5xGap.o
 .text.sd_ble_gap_scan_stop
                0x000000000001e046        0x4 ./BUILD/LEAPRO2/GCC_ARM/mbed-os/features/FEATURE_BLE/targets/TARGET_NORDIC/TARGET_NRF5/source/nRF5xGap.o
 .text.sd_ble_gap_connect
                0x000000000001e04a        0x4 ./BUILD/LEAPRO2/GCC_ARM/mbed-os/features/FEATURE_BLE/targets/TARGET_NORDIC/TARGET_NRF5/source/nRF5xGap.o
 .text._ZNK8nRF5xGap25getMinAdvertisingIntervalEv
                0x000000000001e04e        0x4 ./BUILD/LEAPRO2/GCC_ARM/mbed-os/features/FEATURE_BLE/targets/TARGET_NORDIC/TARGET_NRF5/source/nRF5xGap.o
                0x000000000001e04e                nRF5xGap::getMinAdvertisingInterval() const
 .text._ZNK8nRF5xGap39getMinNonConnectableAdvertisingIntervalEv
                0x000000000001e052        0x4 ./BUILD/LEAPRO2/GCC_ARM/mbed-os/features/FEATURE_BLE/targets/TARGET_NORDIC/TARGET_NRF5/source/nRF5xGap.o
                0x000000000001e052                nRF5xGap::getMinNonConnectableAdvertisingInterval() const
 .text._ZNK8nRF5xGap25getMaxAdvertisingIntervalEv
                0x000000000001e056        0x6 ./BUILD/LEAPRO2/GCC_ARM/mbed-os/features/FEATURE_BLE/targets/TARGET_NORDIC/TARGET_NRF5/source/nRF5xGap.o
                0x000000000001e056                nRF5xGap::getMaxAdvertisingInterval() const
 .text._ZN8nRF5xGap8stopScanEv
                0x000000000001e05c       0x10 ./BUILD/LEAPRO2/GCC_ARM/mbed-os/features/FEATURE_BLE/targets/TARGET_NORDIC/TARGET_NRF5/source/nRF5xGap.o
                0x000000000001e05c                nRF5xGap::stopScan()
 .text._ZN8nRF5xGap15stopAdvertisingEv
                0x000000000001e06c       0x1c ./BUILD/LEAPRO2/GCC_ARM/mbed-os/features/FEATURE_BLE/targets/TARGET_NORDIC/TARGET_NRF5/source/nRF5xGap.o
                0x000000000001e06c                nRF5xGap::stopAdvertising()
 .text._ZN8nRF5xGap10disconnectEtN3Gap21DisconnectionReason_tE
                0x000000000001e088       0x1a ./BUILD/LEAPRO2/GCC_ARM/mbed-os/features/FEATURE_BLE/targets/TARGET_NORDIC/TARGET_NRF5/source/nRF5xGap.o
                0x000000000001e088                nRF5xGap::disconnect(unsigned short, Gap::DisconnectionReason_t)
 .text._ZN8nRF5xGap10disconnectEN3Gap21DisconnectionReason_tE
                0x000000000001e0a2       0x14 ./BUILD/LEAPRO2/GCC_ARM/mbed-os/features/FEATURE_BLE/targets/TARGET_NORDIC/TARGET_NRF5/source/nRF5xGap.o
                0x000000000001e0a2                nRF5xGap::disconnect(Gap::DisconnectionReason_t)
 .text._ZN8nRF5xGap28getPreferredConnectionParamsEPN3Gap18ConnectionParams_tE
                0x000000000001e0b6       0x12 ./BUILD/LEAPRO2/GCC_ARM/mbed-os/features/FEATURE_BLE/targets/TARGET_NORDIC/TARGET_NRF5/source/nRF5xGap.o
                0x000000000001e0b6                nRF5xGap::getPreferredConnectionParams(Gap::ConnectionParams_t*)
 .text._ZN8nRF5xGap28setPreferredConnectionParamsEPKN3Gap18ConnectionParams_tE
                0x000000000001e0c8       0x12 ./BUILD/LEAPRO2/GCC_ARM/mbed-os/features/FEATURE_BLE/targets/TARGET_NORDIC/TARGET_NRF5/source/nRF5xGap.o
                0x000000000001e0c8                nRF5xGap::setPreferredConnectionParams(Gap::ConnectionParams_t const*)
 .text._ZN8nRF5xGap22updateConnectionParamsEtPKN3Gap18ConnectionParams_tE
                0x000000000001e0da       0x14 ./BUILD/LEAPRO2/GCC_ARM/mbed-os/features/FEATURE_BLE/targets/TARGET_NORDIC/TARGET_NRF5/source/nRF5xGap.o
                0x000000000001e0da                nRF5xGap::updateConnectionParams(unsigned short, Gap::ConnectionParams_t const*)
 .text._ZN8nRF5xGap13getDeviceNameEPhPj
                0x000000000001e0ee       0x14 ./BUILD/LEAPRO2/GCC_ARM/mbed-os/features/FEATURE_BLE/targets/TARGET_NORDIC/TARGET_NRF5/source/nRF5xGap.o
                0x000000000001e0ee                nRF5xGap::getDeviceName(unsigned char*, unsigned int*)
 .text._ZN8nRF5xGap13setAppearanceEN18GapAdvertisingData12Appearance_tE
                0x000000000001e102       0x12 ./BUILD/LEAPRO2/GCC_ARM/mbed-os/features/FEATURE_BLE/targets/TARGET_NORDIC/TARGET_NRF5/source/nRF5xGap.o
                0x000000000001e102                nRF5xGap::setAppearance(GapAdvertisingData::Appearance_t)
 .text._ZN8nRF5xGap13getAppearanceEPN18GapAdvertisingData12Appearance_tE
                0x000000000001e114       0x12 ./BUILD/LEAPRO2/GCC_ARM/mbed-os/features/FEATURE_BLE/targets/TARGET_NORDIC/TARGET_NRF5/source/nRF5xGap.o
                0x000000000001e114                nRF5xGap::getAppearance(GapAdvertisingData::Appearance_t*)
 .text._ZN8nRF5xGap10setTxPowerEa
                0x000000000001e126       0x14 ./BUILD/LEAPRO2/GCC_ARM/mbed-os/features/FEATURE_BLE/targets/TARGET_NORDIC/TARGET_NRF5/source/nRF5xGap.o
                0x000000000001e126                nRF5xGap::setTxPower(signed char)
 *fill*         0x000000000001e13a        0x2 
 .text._ZN8nRF5xGap25getPermittedTxPowerValuesEPPKaPj
                0x000000000001e13c       0x10 ./BUILD/LEAPRO2/GCC_ARM/mbed-os/features/FEATURE_BLE/targets/TARGET_NORDIC/TARGET_NRF5/source/nRF5xGap.o
                0x000000000001e13c                nRF5xGap::getPermittedTxPowerValues(signed char const**, unsigned int*)
 .text._ZNK8nRF5xGap19getMaxWhitelistSizeEv
                0x000000000001e14c        0x4 ./BUILD/LEAPRO2/GCC_ARM/mbed-os/features/FEATURE_BLE/targets/TARGET_NORDIC/TARGET_NRF5/source/nRF5xGap.o
                0x000000000001e14c                nRF5xGap::getMaxWhitelistSize() const
 .text._ZN8nRF5xGap24setAdvertisingPolicyModeEN3Gap23AdvertisingPolicyMode_tE
                0x000000000001e150        0x8 ./BUILD/LEAPRO2/GCC_ARM/mbed-os/features/FEATURE_BLE/targets/TARGET_NORDIC/TARGET_NRF5/source/nRF5xGap.o
                0x000000000001e150                nRF5xGap::setAdvertisingPolicyMode(Gap::AdvertisingPolicyMode_t)
 .text._ZN8nRF5xGap21setScanningPolicyModeEN3Gap20ScanningPolicyMode_tE
                0x000000000001e158        0x8 ./BUILD/LEAPRO2/GCC_ARM/mbed-os/features/FEATURE_BLE/targets/TARGET_NORDIC/TARGET_NRF5/source/nRF5xGap.o
                0x000000000001e158                nRF5xGap::setScanningPolicyMode(Gap::ScanningPolicyMode_t)
 .text._ZN8nRF5xGap22setInitiatorPolicyModeEN3Gap21InitiatorPolicyMode_tE
                0x000000000001e160        0x4 ./BUILD/LEAPRO2/GCC_ARM/mbed-os/features/FEATURE_BLE/targets/TARGET_NORDIC/TARGET_NRF5/source/nRF5xGap.o
                0x000000000001e160                nRF5xGap::setInitiatorPolicyMode(Gap::InitiatorPolicyMode_t)
 .text._ZNK8nRF5xGap24getAdvertisingPolicyModeEv
                0x000000000001e164        0x6 ./BUILD/LEAPRO2/GCC_ARM/mbed-os/features/FEATURE_BLE/targets/TARGET_NORDIC/TARGET_NRF5/source/nRF5xGap.o
                0x000000000001e164                nRF5xGap::getAdvertisingPolicyMode() const
 .text._ZNK8nRF5xGap21getScanningPolicyModeEv
                0x000000000001e16a        0x6 ./BUILD/LEAPRO2/GCC_ARM/mbed-os/features/FEATURE_BLE/targets/TARGET_NORDIC/TARGET_NRF5/source/nRF5xGap.o
                0x000000000001e16a                nRF5xGap::getScanningPolicyMode() const
 .text._ZNK8nRF5xGap22getInitiatorPolicyModeEv
                0x000000000001e170        0x4 ./BUILD/LEAPRO2/GCC_ARM/mbed-os/features/FEATURE_BLE/targets/TARGET_NORDIC/TARGET_NRF5/source/nRF5xGap.o
                0x000000000001e170                nRF5xGap::getInitiatorPolicyMode() const
 .text._ZN26FunctionPointerWithContextIPKN3Gap29AdvertisementCallbackParams_tEE14functioncallerEPKS4_S3_
                0x000000000001e174        0xa ./BUILD/LEAPRO2/GCC_ARM/mbed-os/features/FEATURE_BLE/targets/TARGET_NORDIC/TARGET_NRF5/source/nRF5xGap.o
                0x000000000001e174                FunctionPointerWithContext<Gap::AdvertisementCallbackParams_t const*>::functioncaller(FunctionPointerWithContext<Gap::AdvertisementCallbackParams_t const*> const*, Gap::AdvertisementCallbackParams_t const*)
 .text._ZN26FunctionPointerWithContextIbE14functioncallerEPKS0_b
                0x000000000001e17e        0xa ./BUILD/LEAPRO2/GCC_ARM/mbed-os/features/FEATURE_BLE/targets/TARGET_NORDIC/TARGET_NRF5/source/nRF5xGap.o
                0x000000000001e17e                FunctionPointerWithContext<bool>::functioncaller(FunctionPointerWithContext<bool> const*, bool)
 .text._ZN8nRF5xGap29postRadioNotificationCallbackEv
                0x000000000001e188        0xa ./BUILD/LEAPRO2/GCC_ARM/mbed-os/features/FEATURE_BLE/targets/TARGET_NORDIC/TARGET_NRF5/source/nRF5xGap.o
                0x000000000001e188                nRF5xGap::postRadioNotificationCallback()
 .text._ZN4mbed8CallbackIFvvEE13function_moveINS2_14method_contextI8nRF5xGapMS5_FvvEEEEEvPvPKv
                0x000000000001e192        0xc ./BUILD/LEAPRO2/GCC_ARM/mbed-os/features/FEATURE_BLE/targets/TARGET_NORDIC/TARGET_NRF5/source/nRF5xGap.o
                0x000000000001e192                void mbed::Callback<void ()>::function_move<mbed::Callback<void ()>::method_context<nRF5xGap, void (nRF5xGap::*)()> >(void*, void const*)
 .text._ZN4mbed8CallbackIFvvEE13function_dtorINS2_14method_contextI8nRF5xGapMS5_FvvEEEEEvPv
                0x000000000001e19e        0x2 ./BUILD/LEAPRO2/GCC_ARM/mbed-os/features/FEATURE_BLE/targets/TARGET_NORDIC/TARGET_NRF5/source/nRF5xGap.o
                0x000000000001e19e                void mbed::Callback<void ()>::function_dtor<mbed::Callback<void ()>::method_context<nRF5xGap, void (nRF5xGap::*)()> >(void*)
 .text._ZN4mbed8CallbackIFvvEE13function_callINS2_14method_contextI8nRF5xGapMS5_FvvEEEEEvPKv
                0x000000000001e1a0       0x18 ./BUILD/LEAPRO2/GCC_ARM/mbed-os/features/FEATURE_BLE/targets/TARGET_NORDIC/TARGET_NRF5/source/nRF5xGap.o
                0x000000000001e1a0                void mbed::Callback<void ()>::function_call<mbed::Callback<void ()>::method_context<nRF5xGap, void (nRF5xGap::*)()> >(void const*)
 .text._ZN8nRF5xGap10setAddressEN11BLEProtocol11AddressType4TypeEPKh
                0x000000000001e1b8       0x34 ./BUILD/LEAPRO2/GCC_ARM/mbed-os/features/FEATURE_BLE/targets/TARGET_NORDIC/TARGET_NRF5/source/nRF5xGap.o
                0x000000000001e1b8                nRF5xGap::setAddress(BLEProtocol::AddressType::Type, unsigned char const*)
 .text._ZN8nRF5xGap10getAddressEPN11BLEProtocol11AddressType4TypeEPh
                0x000000000001e1ec       0x32 ./BUILD/LEAPRO2/GCC_ARM/mbed-os/features/FEATURE_BLE/targets/TARGET_NORDIC/TARGET_NRF5/source/nRF5xGap.o
                0x000000000001e1ec                nRF5xGap::getAddress(BLEProtocol::AddressType::Type*, unsigned char*)
 .text._ZNK8nRF5xGap12getWhitelistERN3Gap11Whitelist_tE
                0x000000000001e21e       0x38 ./BUILD/LEAPRO2/GCC_ARM/mbed-os/features/FEATURE_BLE/targets/TARGET_NORDIC/TARGET_NRF5/source/nRF5xGap.o
                0x000000000001e21e                nRF5xGap::getWhitelist(Gap::Whitelist_t&) const
 .text._ZN8nRF5xGap13setDeviceNameEPKh
                0x000000000001e256       0x34 ./BUILD/LEAPRO2/GCC_ARM/mbed-os/features/FEATURE_BLE/targets/TARGET_NORDIC/TARGET_NRF5/source/nRF5xGap.o
                0x000000000001e256                nRF5xGap::setDeviceName(unsigned char const*)
 *fill*         0x000000000001e28a        0x2 
 .text._ZN8nRF5xGap21initRadioNotificationEv
                0x000000000001e28c       0x1c ./BUILD/LEAPRO2/GCC_ARM/mbed-os/features/FEATURE_BLE/targets/TARGET_NORDIC/TARGET_NRF5/source/nRF5xGap.o
                0x000000000001e28c                nRF5xGap::initRadioNotification()
 .text._ZN8nRF5xGap12setWhitelistERKN3Gap11Whitelist_tE
                0x000000000001e2a8       0x7a ./BUILD/LEAPRO2/GCC_ARM/mbed-os/features/FEATURE_BLE/targets/TARGET_NORDIC/TARGET_NRF5/source/nRF5xGap.o
                0x000000000001e2a8                nRF5xGap::setWhitelist(Gap::Whitelist_t const&)
 .text._ZN8nRF5xGap18setAdvertisingDataERK18GapAdvertisingDataS2_
                0x000000000001e322       0x2c ./BUILD/LEAPRO2/GCC_ARM/mbed-os/features/FEATURE_BLE/targets/TARGET_NORDIC/TARGET_NRF5/source/nRF5xGap.o
                0x000000000001e322                nRF5xGap::setAdvertisingData(GapAdvertisingData const&, GapAdvertisingData const&)
 *fill*         0x000000000001e34e        0x2 
 .text._ZN3Gap5resetEv
                0x000000000001e350       0xec ./BUILD/LEAPRO2/GCC_ARM/mbed-os/features/FEATURE_BLE/targets/TARGET_NORDIC/TARGET_NRF5/source/nRF5xGap.o
                0x000000000001e350                Gap::reset()
 .text._ZN8nRF5xGap5resetEv
                0x000000000001e43c       0x24 ./BUILD/LEAPRO2/GCC_ARM/mbed-os/features/FEATURE_BLE/targets/TARGET_NORDIC/TARGET_NRF5/source/nRF5xGap.o
                0x000000000001e43c                nRF5xGap::reset()
 .text._ZN8nRF5xGap19setConnectionHandleEt
                0x000000000001e460        0x6 ./BUILD/LEAPRO2/GCC_ARM/mbed-os/features/FEATURE_BLE/targets/TARGET_NORDIC/TARGET_NRF5/source/nRF5xGap.o
                0x000000000001e460                nRF5xGap::setConnectionHandle(unsigned short)
 .text._ZN8nRF5xGap19getConnectionHandleEv
                0x000000000001e466        0x6 ./BUILD/LEAPRO2/GCC_ARM/mbed-os/features/FEATURE_BLE/targets/TARGET_NORDIC/TARGET_NRF5/source/nRF5xGap.o
                0x000000000001e466                nRF5xGap::getConnectionHandle()
 .text._ZN8nRF5xGap22generateStackWhitelistER19ble_gap_whitelist_t
                0x000000000001e46c       0xda ./BUILD/LEAPRO2/GCC_ARM/mbed-os/features/FEATURE_BLE/targets/TARGET_NORDIC/TARGET_NRF5/source/nRF5xGap.o
                0x000000000001e46c                nRF5xGap::generateStackWhitelist(ble_gap_whitelist_t&)
 .text._ZN8nRF5xGap16startAdvertisingERK20GapAdvertisingParams
                0x000000000001e546       0x9a ./BUILD/LEAPRO2/GCC_ARM/mbed-os/features/FEATURE_BLE/targets/TARGET_NORDIC/TARGET_NRF5/source/nRF5xGap.o
                0x000000000001e546                nRF5xGap::startAdvertising(GapAdvertisingParams const&)
 .text._ZN8nRF5xGap14startRadioScanERK17GapScanningParams
                0x000000000001e5e0       0x6a ./BUILD/LEAPRO2/GCC_ARM/mbed-os/features/FEATURE_BLE/targets/TARGET_NORDIC/TARGET_NRF5/source/nRF5xGap.o
                0x000000000001e5e0                nRF5xGap::startRadioScan(GapScanningParams const&)
 .text._ZN8nRF5xGap7connectEPKhN11BLEProtocol11AddressType4TypeEPKN3Gap18ConnectionParams_tEPK17GapScanningParams
                0x000000000001e64a       0xfc ./BUILD/LEAPRO2/GCC_ARM/mbed-os/features/FEATURE_BLE/targets/TARGET_NORDIC/TARGET_NRF5/source/nRF5xGap.o
                0x000000000001e64a                nRF5xGap::connect(unsigned char const*, BLEProtocol::AddressType::Type, Gap::ConnectionParams_t const*, GapScanningParams const*)
 *fill*         0x000000000001e746        0x2 
 .text._ZN8nRF5xGap29processRadioNotificationEventEb
                0x000000000001e748       0x5c ./BUILD/LEAPRO2/GCC_ARM/mbed-os/features/FEATURE_BLE/targets/TARGET_NORDIC/TARGET_NRF5/source/nRF5xGap.o
                0x000000000001e748                nRF5xGap::processRadioNotificationEvent(bool)
 .text._Z31radioNotificationStaticCallbackb
                0x000000000001e7a4       0x18 ./BUILD/LEAPRO2/GCC_ARM/mbed-os/features/FEATURE_BLE/targets/TARGET_NORDIC/TARGET_NRF5/source/nRF5xGap.o
                0x000000000001e7a4                radioNotificationStaticCallback(bool)
 .text._ZN10GattClient16discoverServicesEt26FunctionPointerWithContextIPK17DiscoveredServiceEtt
                0x000000000001e7bc        0x4 ./BUILD/LEAPRO2/GCC_ARM/mbed-os/features/FEATURE_BLE/targets/TARGET_NORDIC/TARGET_NRF5/source/nRF5xGattClient.o
                0x000000000001e7bc                GattClient::discoverServices(unsigned short, FunctionPointerWithContext<DiscoveredService const*>, unsigned short, unsigned short)
 .text._ZNK10GattClient41isCharacteristicDescriptorDiscoveryActiveERK24DiscoveredCharacteristic
                0x000000000001e7c0        0x4 ./BUILD/LEAPRO2/GCC_ARM/mbed-os/features/FEATURE_BLE/targets/TARGET_NORDIC/TARGET_NRF5/source/nRF5xGattClient.o
                0x000000000001e7c0                GattClient::isCharacteristicDescriptorDiscoveryActive(DiscoveredCharacteristic const&) const
 .text._ZN10GattClient42terminateCharacteristicDescriptorDiscoveryERK24DiscoveredCharacteristic
                0x000000000001e7c4        0x2 ./BUILD/LEAPRO2/GCC_ARM/mbed-os/features/FEATURE_BLE/targets/TARGET_NORDIC/TARGET_NRF5/source/nRF5xGattClient.o
                0x000000000001e7c4                GattClient::terminateCharacteristicDescriptorDiscovery(DiscoveredCharacteristic const&)
 .text.sd_ble_gattc_primary_services_discover
                0x000000000001e7c6        0x4 ./BUILD/LEAPRO2/GCC_ARM/mbed-os/features/FEATURE_BLE/targets/TARGET_NORDIC/TARGET_NRF5/source/nRF5xGattClient.o
 .text.sd_ble_gattc_read
                0x000000000001e7ca        0x4 ./BUILD/LEAPRO2/GCC_ARM/mbed-os/features/FEATURE_BLE/targets/TARGET_NORDIC/TARGET_NRF5/source/nRF5xGattClient.o
 .text.sd_ble_gattc_write
                0x000000000001e7ce        0x4 ./BUILD/LEAPRO2/GCC_ARM/mbed-os/features/FEATURE_BLE/targets/TARGET_NORDIC/TARGET_NRF5/source/nRF5xGattClient.o
 .text._ZNK15nRF5xGattClient24isServiceDiscoveryActiveEv
                0x000000000001e7d2        0xc ./BUILD/LEAPRO2/GCC_ARM/mbed-os/features/FEATURE_BLE/targets/TARGET_NORDIC/TARGET_NRF5/source/nRF5xGattClient.o
                0x000000000001e7d2                nRF5xGattClient::isServiceDiscoveryActive() const
 .text._ZNK15nRF5xGattClient4readEttt
                0x000000000001e7de       0x18 ./BUILD/LEAPRO2/GCC_ARM/mbed-os/features/FEATURE_BLE/targets/TARGET_NORDIC/TARGET_NRF5/source/nRF5xGattClient.o
                0x000000000001e7de                nRF5xGattClient::read(unsigned short, unsigned short, unsigned short) const
 .text._ZNK15nRF5xGattClient5writeEN10GattClient9WriteOp_tEttjPKh
                0x000000000001e7f6       0x42 ./BUILD/LEAPRO2/GCC_ARM/mbed-os/features/FEATURE_BLE/targets/TARGET_NORDIC/TARGET_NRF5/source/nRF5xGattClient.o
                0x000000000001e7f6                nRF5xGattClient::write(GattClient::WriteOp_t, unsigned short, unsigned short, unsigned int, unsigned char const*) const
 .text._ZN26FunctionPointerWithContextIPK17DiscoveredServiceE14functioncallerEPKS3_S2_
                0x000000000001e838        0xa ./BUILD/LEAPRO2/GCC_ARM/mbed-os/features/FEATURE_BLE/targets/TARGET_NORDIC/TARGET_NRF5/source/nRF5xGattClient.o
                0x000000000001e838                FunctionPointerWithContext<DiscoveredService const*>::functioncaller(FunctionPointerWithContext<DiscoveredService const*> const*, DiscoveredService const*)
 .text._ZN26FunctionPointerWithContextIPK24DiscoveredCharacteristicE14functioncallerEPKS3_S2_
                0x000000000001e842        0xa ./BUILD/LEAPRO2/GCC_ARM/mbed-os/features/FEATURE_BLE/targets/TARGET_NORDIC/TARGET_NRF5/source/nRF5xGattClient.o
                0x000000000001e842                FunctionPointerWithContext<DiscoveredCharacteristic const*>::functioncaller(FunctionPointerWithContext<DiscoveredCharacteristic const*> const*, DiscoveredCharacteristic const*)
 .text._ZN26FunctionPointerWithContextItE14functioncallerEPKS0_t
                0x000000000001e84c        0xa ./BUILD/LEAPRO2/GCC_ARM/mbed-os/features/FEATURE_BLE/targets/TARGET_NORDIC/TARGET_NRF5/source/nRF5xGattClient.o
                0x000000000001e84c                FunctionPointerWithContext<unsigned short>::functioncaller(FunctionPointerWithContext<unsigned short> const*, unsigned short)
 .text._ZN15nRF5xGattClient33discoverCharacteristicDescriptorsERK24DiscoveredCharacteristicRK26FunctionPointerWithContextIPKN33CharacteristicDescriptorDiscovery25DiscoveryCallbackParams_tEERKS3_IPKNS4_27TerminationCallbackParams_tEE
                0x000000000001e856        0x8 ./BUILD/LEAPRO2/GCC_ARM/mbed-os/features/FEATURE_BLE/targets/TARGET_NORDIC/TARGET_NRF5/source/nRF5xGattClient.o
                0x000000000001e856                nRF5xGattClient::discoverCharacteristicDescriptors(DiscoveredCharacteristic const&, FunctionPointerWithContext<CharacteristicDescriptorDiscovery::DiscoveryCallbackParams_t const*> const&, FunctionPointerWithContext<CharacteristicDescriptorDiscovery::TerminationCallbackParams_t const*> const&)
 .text._ZNK15nRF5xGattClient42isCharacteristicDescriptorsDiscoveryActiveERK24DiscoveredCharacteristic
                0x000000000001e85e        0x8 ./BUILD/LEAPRO2/GCC_ARM/mbed-os/features/FEATURE_BLE/targets/TARGET_NORDIC/TARGET_NRF5/source/nRF5xGattClient.o
                0x000000000001e85e                nRF5xGattClient::isCharacteristicDescriptorsDiscoveryActive(DiscoveredCharacteristic const&) const
 .text._ZN15nRF5xGattClient43terminateCharacteristicDescriptorsDiscoveryERK24DiscoveredCharacteristic
                0x000000000001e866        0x8 ./BUILD/LEAPRO2/GCC_ARM/mbed-os/features/FEATURE_BLE/targets/TARGET_NORDIC/TARGET_NRF5/source/nRF5xGattClient.o
                0x000000000001e866                nRF5xGattClient::terminateCharacteristicDescriptorsDiscovery(DiscoveredCharacteristic const&)
 .text._ZN15nRF5xGattClient29onServiceDiscoveryTerminationE26FunctionPointerWithContextItE
                0x000000000001e86e       0x28 ./BUILD/LEAPRO2/GCC_ARM/mbed-os/features/FEATURE_BLE/targets/TARGET_NORDIC/TARGET_NRF5/source/nRF5xGattClient.o
                0x000000000001e86e                nRF5xGattClient::onServiceDiscoveryTermination(FunctionPointerWithContext<unsigned short>)
 *fill*         0x000000000001e896        0x2 
 .text._ZN10GattClient16discoverServicesEt26FunctionPointerWithContextIPK17DiscoveredServiceERK4UUID
                0x000000000001e898       0x50 ./BUILD/LEAPRO2/GCC_ARM/mbed-os/features/FEATURE_BLE/targets/TARGET_NORDIC/TARGET_NRF5/source/nRF5xGattClient.o
                0x000000000001e898                GattClient::discoverServices(unsigned short, FunctionPointerWithContext<DiscoveredService const*>, UUID const&)
 .text._ZN16ServiceDiscovery5resetEv
                0x000000000001e8e8       0x84 ./BUILD/LEAPRO2/GCC_ARM/mbed-os/features/FEATURE_BLE/targets/TARGET_NORDIC/TARGET_NRF5/source/nRF5xGattClient.o
                0x000000000001e8e8                ServiceDiscovery::reset()
 .text._ZN10GattClient5resetEv
                0x000000000001e96c       0x5e ./BUILD/LEAPRO2/GCC_ARM/mbed-os/features/FEATURE_BLE/targets/TARGET_NORDIC/TARGET_NRF5/source/nRF5xGattClient.o
                0x000000000001e96c                GattClient::reset()
 *fill*         0x000000000001e9ca        0x2 
 .text._ZN15nRF5xGattClient5resetEv
                0x000000000001e9cc       0x84 ./BUILD/LEAPRO2/GCC_ARM/mbed-os/features/FEATURE_BLE/targets/TARGET_NORDIC/TARGET_NRF5/source/nRF5xGattClient.o
                0x000000000001e9cc                nRF5xGattClient::reset()
 .text._ZN21nRF5xServiceDiscovery25terminateServiceDiscoveryEv
                0x000000000001ea50       0x7c ./BUILD/LEAPRO2/GCC_ARM/mbed-os/features/FEATURE_BLE/targets/TARGET_NORDIC/TARGET_NRF5/source/nRF5xGattClient.o
                0x000000000001ea50                nRF5xServiceDiscovery::terminateServiceDiscovery()
 .text._ZN15nRF5xGattClient25terminateServiceDiscoveryEv
                0x000000000001eacc        0xa ./BUILD/LEAPRO2/GCC_ARM/mbed-os/features/FEATURE_BLE/targets/TARGET_NORDIC/TARGET_NRF5/source/nRF5xGattClient.o
                0x000000000001eacc                nRF5xGattClient::terminateServiceDiscovery()
 .text._ZN15nRF5xGattClient22launchServiceDiscoveryEt26FunctionPointerWithContextIPK17DiscoveredServiceES0_IPK24DiscoveredCharacteristicERK4UUIDSB_
                0x000000000001ead6       0xd0 ./BUILD/LEAPRO2/GCC_ARM/mbed-os/features/FEATURE_BLE/targets/TARGET_NORDIC/TARGET_NRF5/source/nRF5xGattClient.o
                0x000000000001ead6                nRF5xGattClient::launchServiceDiscovery(unsigned short, FunctionPointerWithContext<DiscoveredService const*>, FunctionPointerWithContext<DiscoveredCharacteristic const*>, UUID const&, UUID const&)
 .text.sd_ble_gatts_service_add
                0x000000000001eba6        0x4 ./BUILD/LEAPRO2/GCC_ARM/mbed-os/features/FEATURE_BLE/targets/TARGET_NORDIC/TARGET_NRF5/source/nRF5xGattServer.o
 .text.sd_ble_gatts_value_set
                0x000000000001ebaa        0x4 ./BUILD/LEAPRO2/GCC_ARM/mbed-os/features/FEATURE_BLE/targets/TARGET_NORDIC/TARGET_NRF5/source/nRF5xGattServer.o
 .text.sd_ble_gatts_value_get
                0x000000000001ebae        0x4 ./BUILD/LEAPRO2/GCC_ARM/mbed-os/features/FEATURE_BLE/targets/TARGET_NORDIC/TARGET_NRF5/source/nRF5xGattServer.o
 .text.sd_ble_gatts_hvx
                0x000000000001ebb2        0x4 ./BUILD/LEAPRO2/GCC_ARM/mbed-os/features/FEATURE_BLE/targets/TARGET_NORDIC/TARGET_NRF5/source/nRF5xGattServer.o
 .text.sd_ble_gatts_rw_authorize_reply
                0x000000000001ebb6        0x4 ./BUILD/LEAPRO2/GCC_ARM/mbed-os/features/FEATURE_BLE/targets/TARGET_NORDIC/TARGET_NRF5/source/nRF5xGattServer.o
 .text.sd_ble_gatts_sys_attr_set
                0x000000000001ebba        0x4 ./BUILD/LEAPRO2/GCC_ARM/mbed-os/features/FEATURE_BLE/targets/TARGET_NORDIC/TARGET_NRF5/source/nRF5xGattServer.o
 .text.sd_ble_user_mem_reply
                0x000000000001ebbe        0x4 ./BUILD/LEAPRO2/GCC_ARM/mbed-os/features/FEATURE_BLE/targets/TARGET_NORDIC/TARGET_NRF5/source/nRF5xGattServer.o
 .text._ZNK10GattServer21isOnDataReadAvailableEv
                0x000000000001ebc2        0x4 ./BUILD/LEAPRO2/GCC_ARM/mbed-os/features/FEATURE_BLE/targets/TARGET_NORDIC/TARGET_NRF5/source/nRF5xGattServer.o
                0x000000000001ebc2                GattServer::isOnDataReadAvailable() const
 .text._ZN15nRF5xGattServer4readEtPhPt
                0x000000000001ebc6       0x16 ./BUILD/LEAPRO2/GCC_ARM/mbed-os/features/FEATURE_BLE/targets/TARGET_NORDIC/TARGET_NRF5/source/nRF5xGattServer.o
                0x000000000001ebc6                nRF5xGattServer::read(unsigned short, unsigned char*, unsigned short*)
 .text._ZN15nRF5xGattServer4readEttPhPt
                0x000000000001ebdc       0x2a ./BUILD/LEAPRO2/GCC_ARM/mbed-os/features/FEATURE_BLE/targets/TARGET_NORDIC/TARGET_NRF5/source/nRF5xGattServer.o
                0x000000000001ebdc                nRF5xGattServer::read(unsigned short, unsigned short, unsigned char*, unsigned short*)
 .text._ZN15nRF5xGattServer5writeEtPKhtb
                0x000000000001ec06       0x1c ./BUILD/LEAPRO2/GCC_ARM/mbed-os/features/FEATURE_BLE/targets/TARGET_NORDIC/TARGET_NRF5/source/nRF5xGattServer.o
                0x000000000001ec06                nRF5xGattServer::write(unsigned short, unsigned char const*, unsigned short, bool)
 .text._ZN15nRF5xGattServer17areUpdatesEnabledERK18GattCharacteristicPb
                0x000000000001ec22       0x2e ./BUILD/LEAPRO2/GCC_ARM/mbed-os/features/FEATURE_BLE/targets/TARGET_NORDIC/TARGET_NRF5/source/nRF5xGattServer.o
                0x000000000001ec22                nRF5xGattServer::areUpdatesEnabled(GattCharacteristic const&, bool*)
 .text._ZN15nRF5xGattServer17areUpdatesEnabledEtRK18GattCharacteristicPb
                0x000000000001ec50       0x5e ./BUILD/LEAPRO2/GCC_ARM/mbed-os/features/FEATURE_BLE/targets/TARGET_NORDIC/TARGET_NRF5/source/nRF5xGattServer.o
                0x000000000001ec50                nRF5xGattServer::areUpdatesEnabled(unsigned short, GattCharacteristic const&, bool*)
 .text._ZN15nRF5xGattServer5writeEttPKhtb
                0x000000000001ecae      0x118 ./BUILD/LEAPRO2/GCC_ARM/mbed-os/features/FEATURE_BLE/targets/TARGET_NORDIC/TARGET_NRF5/source/nRF5xGattServer.o
                0x000000000001ecae                nRF5xGattServer::write(unsigned short, unsigned short, unsigned char const*, unsigned short, bool)
 .text._ZN15nRF5xGattServer10addServiceER11GattService
                0x000000000001edc6      0x1c4 ./BUILD/LEAPRO2/GCC_ARM/mbed-os/features/FEATURE_BLE/targets/TARGET_NORDIC/TARGET_NRF5/source/nRF5xGattServer.o
                0x000000000001edc6                nRF5xGattServer::addService(GattService&)
 .text._ZNK15nRF5xGattServer28getBiggestCharacteristicSizeEv
                0x000000000001ef8a       0x22 ./BUILD/LEAPRO2/GCC_ARM/mbed-os/features/FEATURE_BLE/targets/TARGET_NORDIC/TARGET_NRF5/source/nRF5xGattServer.o
                0x000000000001ef8a                nRF5xGattServer::getBiggestCharacteristicSize() const
 .text._ZN15nRF5xGattServer24allocateLongWriteRequestEt
                0x000000000001efac       0x4e ./BUILD/LEAPRO2/GCC_ARM/mbed-os/features/FEATURE_BLE/targets/TARGET_NORDIC/TARGET_NRF5/source/nRF5xGattServer.o
                0x000000000001efac                nRF5xGattServer::allocateLongWriteRequest(unsigned short)
 .text._ZN15nRF5xGattServer20findLongWriteRequestEt
                0x000000000001effa       0x2e ./BUILD/LEAPRO2/GCC_ARM/mbed-os/features/FEATURE_BLE/targets/TARGET_NORDIC/TARGET_NRF5/source/nRF5xGattServer.o
                0x000000000001effa                nRF5xGattServer::findLongWriteRequest(unsigned short)
 .text._ZN15nRF5xGattServer23releaseLongWriteRequestEt
                0x000000000001f028       0x1a ./BUILD/LEAPRO2/GCC_ARM/mbed-os/features/FEATURE_BLE/targets/TARGET_NORDIC/TARGET_NRF5/source/nRF5xGattServer.o
                0x000000000001f028                nRF5xGattServer::releaseLongWriteRequest(unsigned short)
 .text._ZN15nRF5xGattServer23releaseAllWriteRequestsEv
                0x000000000001f042       0x20 ./BUILD/LEAPRO2/GCC_ARM/mbed-os/features/FEATURE_BLE/targets/TARGET_NORDIC/TARGET_NRF5/source/nRF5xGattServer.o
                0x000000000001f042                nRF5xGattServer::releaseAllWriteRequests()
 *fill*         0x000000000001f062        0x2 
 .text._ZN26FunctionPointerWithContextItEC2EPFvtE
                0x000000000001f064       0x14 ./BUILD/LEAPRO2/GCC_ARM/mbed-os/features/FEATURE_BLE/targets/TARGET_NORDIC/TARGET_NRF5/source/nRF5xGattServer.o
                0x000000000001f064                FunctionPointerWithContext<unsigned short>::FunctionPointerWithContext(void (*)(unsigned short))
                0x000000000001f064                FunctionPointerWithContext<unsigned short>::FunctionPointerWithContext(void (*)(unsigned short))
 .text._ZN10GattServer5resetEv
                0x000000000001f078       0xba ./BUILD/LEAPRO2/GCC_ARM/mbed-os/features/FEATURE_BLE/targets/TARGET_NORDIC/TARGET_NRF5/source/nRF5xGattServer.o
                0x000000000001f078                GattServer::reset()
 .text._ZN15nRF5xGattServer5resetEv
                0x000000000001f132       0x4e ./BUILD/LEAPRO2/GCC_ARM/mbed-os/features/FEATURE_BLE/targets/TARGET_NORDIC/TARGET_NRF5/source/nRF5xGattServer.o
                0x000000000001f132                nRF5xGattServer::reset()
 .text._ZNK38CallChainOfFunctionPointersWithContextIPK23GattWriteCallbackParamsE4callES2_
                0x000000000001f180       0x20 ./BUILD/LEAPRO2/GCC_ARM/mbed-os/features/FEATURE_BLE/targets/TARGET_NORDIC/TARGET_NRF5/source/nRF5xGattServer.o
                0x000000000001f180                CallChainOfFunctionPointersWithContext<GattWriteCallbackParams const*>::call(GattWriteCallbackParams const*) const
 .text._ZNK26FunctionPointerWithContextItE4callEt
                0x000000000001f1a0        0x4 ./BUILD/LEAPRO2/GCC_ARM/mbed-os/features/FEATURE_BLE/targets/TARGET_NORDIC/TARGET_NRF5/source/nRF5xGattServer.o
                0x000000000001f1a0                FunctionPointerWithContext<unsigned short>::call(unsigned short) const
 .text._ZN10GattServer11handleEventEN16GattServerEvents11gattEvent_eEt
                0x000000000001f1a4       0x48 ./BUILD/LEAPRO2/GCC_ARM/mbed-os/features/FEATURE_BLE/targets/TARGET_NORDIC/TARGET_NRF5/source/nRF5xGattServer.o
                0x000000000001f1a4                GattServer::handleEvent(GattServerEvents::gattEvent_e, unsigned short)
 .text._ZN15nRF5xGattServer10hwCallbackEP9ble_evt_t
                0x000000000001f1ec      0x3f0 ./BUILD/LEAPRO2/GCC_ARM/mbed-os/features/FEATURE_BLE/targets/TARGET_NORDIC/TARGET_NRF5/source/nRF5xGattServer.o
                0x000000000001f1ec                nRF5xGattServer::hwCallback(ble_evt_t*)
 .text.sd_ble_gattc_primary_services_discover
                0x000000000001f5dc        0x4 ./BUILD/LEAPRO2/GCC_ARM/mbed-os/features/FEATURE_BLE/targets/TARGET_NORDIC/TARGET_NRF5/source/nRF5xServiceDiscovery.o
 .text.sd_ble_gattc_characteristics_discover
                0x000000000001f5e0        0x4 ./BUILD/LEAPRO2/GCC_ARM/mbed-os/features/FEATURE_BLE/targets/TARGET_NORDIC/TARGET_NRF5/source/nRF5xServiceDiscovery.o
 .text.sd_ble_gattc_char_value_by_uuid_read
                0x000000000001f5e4        0x4 ./BUILD/LEAPRO2/GCC_ARM/mbed-os/features/FEATURE_BLE/targets/TARGET_NORDIC/TARGET_NRF5/source/nRF5xServiceDiscovery.o
 .text._ZN24DiscoveredCharacteristicC2Ev
                0x000000000001f5e8       0x1e ./BUILD/LEAPRO2/GCC_ARM/mbed-os/features/FEATURE_BLE/targets/TARGET_NORDIC/TARGET_NRF5/source/nRF5xServiceDiscovery.o