Archive member included to satisfy reference by file (symbol)

/usr/bin/../lib/gcc/arm-none-eabi/6.3.1/../../../../arm-none-eabi/lib/thumb/v6-m/libc.a(lib_a-assert.o)
                              ./BUILD/NRF51_DK/GCC_ARM/mbed-os/targets/TARGET_NORDIC/TARGET_NRF5/nordic_critical.o (__assert_func)
/usr/bin/../lib/gcc/arm-none-eabi/6.3.1/../../../../arm-none-eabi/lib/thumb/v6-m/libc.a(lib_a-callocr.o)
                              ./BUILD/NRF51_DK/GCC_ARM/mbed-os/platform/mbed_alloc_wrappers.o (_calloc_r)
/usr/bin/../lib/gcc/arm-none-eabi/6.3.1/../../../../arm-none-eabi/lib/thumb/v6-m/libc.a(lib_a-errno.o)
                              ./BUILD/NRF51_DK/GCC_ARM/mbed-os/features/filesystem/fat/FATFileSystem.o (__errno)
/usr/bin/../lib/gcc/arm-none-eabi/6.3.1/../../../../arm-none-eabi/lib/thumb/v6-m/libc.a(lib_a-fclose.o)
                              ./BUILD/NRF51_DK/GCC_ARM/mbed-os/drivers/Stream.o (fclose)
/usr/bin/../lib/gcc/arm-none-eabi/6.3.1/../../../../arm-none-eabi/lib/thumb/v6-m/libc.a(lib_a-fflush.o)
                              /usr/bin/../lib/gcc/arm-none-eabi/6.3.1/../../../../arm-none-eabi/lib/thumb/v6-m/libc.a(lib_a-fclose.o) (__sflush_r)
/usr/bin/../lib/gcc/arm-none-eabi/6.3.1/../../../../arm-none-eabi/lib/thumb/v6-m/libc.a(lib_a-fgetc.o)
                              ./BUILD/NRF51_DK/GCC_ARM/mbed-os/platform/mbed_retarget.o (fgetc)
/usr/bin/../lib/gcc/arm-none-eabi/6.3.1/../../../../arm-none-eabi/lib/thumb/v6-m/libc.a(lib_a-fgets.o)
                              ./BUILD/NRF51_DK/GCC_ARM/mbed-os/platform/mbed_retarget.o (fgets)
/usr/bin/../lib/gcc/arm-none-eabi/6.3.1/../../../../arm-none-eabi/lib/thumb/v6-m/libc.a(lib_a-findfp.o)
                              /usr/bin/../lib/gcc/arm-none-eabi/6.3.1/../../../../arm-none-eabi/lib/thumb/v6-m/libc.a(lib_a-fclose.o) (__sinit)
/usr/bin/../lib/gcc/arm-none-eabi/6.3.1/../../../../arm-none-eabi/lib/thumb/v6-m/libc.a(lib_a-fiprintf.o)
                              /usr/bin/../lib/gcc/arm-none-eabi/6.3.1/../../../../arm-none-eabi/lib/thumb/v6-m/libc.a(lib_a-assert.o) (fiprintf)
/usr/bin/../lib/gcc/arm-none-eabi/6.3.1/../../../../arm-none-eabi/lib/thumb/v6-m/libc.a(lib_a-fopen.o)
                              ./BUILD/NRF51_DK/GCC_ARM/mbed-os/drivers/Stream.o (fopen)
/usr/bin/../lib/gcc/arm-none-eabi/6.3.1/../../../../arm-none-eabi/lib/thumb/v6-m/libc.a(lib_a-fputc.o)
                              ./BUILD/NRF51_DK/GCC_ARM/mbed-os/drivers/Stream.o (fputc)
/usr/bin/../lib/gcc/arm-none-eabi/6.3.1/../../../../arm-none-eabi/lib/thumb/v6-m/libc.a(lib_a-fputs.o)
                              ./BUILD/NRF51_DK/GCC_ARM/mbed-os/drivers/Stream.o (fputs)
/usr/bin/../lib/gcc/arm-none-eabi/6.3.1/../../../../arm-none-eabi/lib/thumb/v6-m/libc.a(lib_a-freer.o)
                              ./BUILD/NRF51_DK/GCC_ARM/mbed-os/platform/mbed_alloc_wrappers.o (_free_r)
/usr/bin/../lib/gcc/arm-none-eabi/6.3.1/../../../../arm-none-eabi/lib/thumb/v6-m/libc.a(lib_a-fseek.o)
                              /usr/bin/../lib/gcc/arm-none-eabi/6.3.1/../../../../arm-none-eabi/lib/thumb/v6-m/libc.a(lib_a-fopen.o) (_fseek_r)
/usr/bin/../lib/gcc/arm-none-eabi/6.3.1/../../../../arm-none-eabi/lib/thumb/v6-m/libc.a(lib_a-fseeko.o)
                              /usr/bin/../lib/gcc/arm-none-eabi/6.3.1/../../../../arm-none-eabi/lib/thumb/v6-m/libc.a(lib_a-fseek.o) (_fseeko_r)
/usr/bin/../lib/gcc/arm-none-eabi/6.3.1/../../../../arm-none-eabi/lib/thumb/v6-m/libc.a(lib_a-fstatr.o)
                              /usr/bin/../lib/gcc/arm-none-eabi/6.3.1/../../../../arm-none-eabi/lib/thumb/v6-m/libc.a(lib_a-fseeko.o) (_fstat_r)
/usr/bin/../lib/gcc/arm-none-eabi/6.3.1/../../../../arm-none-eabi/lib/thumb/v6-m/libc.a(lib_a-fvwrite.o)
                              /usr/bin/../lib/gcc/arm-none-eabi/6.3.1/../../../../arm-none-eabi/lib/thumb/v6-m/libc.a(lib_a-fputs.o) (__sfvwrite_r)
/usr/bin/../lib/gcc/arm-none-eabi/6.3.1/../../../../arm-none-eabi/lib/thumb/v6-m/libc.a(lib_a-fwalk.o)
                              /usr/bin/../lib/gcc/arm-none-eabi/6.3.1/../../../../arm-none-eabi/lib/thumb/v6-m/libc.a(lib_a-findfp.o) (_fwalk)
/usr/bin/../lib/gcc/arm-none-eabi/6.3.1/../../../../arm-none-eabi/lib/thumb/v6-m/libc.a(lib_a-impure.o)
                              /usr/bin/../lib/gcc/arm-none-eabi/6.3.1/../../../../arm-none-eabi/lib/thumb/v6-m/libc.a(lib_a-fflush.o) (_global_impure_ptr)
/usr/bin/../lib/gcc/arm-none-eabi/6.3.1/../../../../arm-none-eabi/lib/thumb/v6-m/libc.a(lib_a-init.o)
                              /usr/bin/../lib/gcc/arm-none-eabi/6.3.1/../../../../arm-none-eabi/lib/thumb/v6-m/crt0.o (__libc_init_array)
/usr/bin/../lib/gcc/arm-none-eabi/6.3.1/../../../../arm-none-eabi/lib/thumb/v6-m/libc.a(lib_a-isalpha.o)
                              ./BUILD/NRF51_DK/GCC_ARM/mbed-os/features/frameworks/greentea-client/source/greentea_test_env.o (isalpha)
/usr/bin/../lib/gcc/arm-none-eabi/6.3.1/../../../../arm-none-eabi/lib/thumb/v6-m/libc.a(lib_a-isdigit.o)
[...]
Memory Configuration

Name             Origin             Length             Attributes
FLASH            0x000000000001b000 0x0000000000025000 xr
RAM              0x0000000020002ef8 0x0000000000005108 xrw
*default*        0x0000000000000000 0xffffffffffffffff

Linker script and memory map

LOAD /usr/bin/../lib/gcc/arm-none-eabi/6.3.1/thumb/v6-m/crti.o
LOAD /usr/bin/../lib/gcc/arm-none-eabi/6.3.1/thumb/v6-m/crtbegin.o
LOAD /usr/bin/../lib/gcc/arm-none-eabi/6.3.1/../../../../arm-none-eabi/lib/thumb/v6-m/crt0.o
LOAD ./BUILD/NRF51_DK/GCC_ARM/./test_env.o
LOAD ./BUILD/NRF51_DK/GCC_ARM/mbed-os/drivers/AnalogIn.o
LOAD ./BUILD/NRF51_DK/GCC_ARM/mbed-os/drivers/BusIn.o
LOAD ./BUILD/NRF51_DK/GCC_ARM/mbed-os/drivers/BusInOut.o
LOAD ./BUILD/NRF51_DK/GCC_ARM/mbed-os/drivers/BusOut.o
LOAD ./BUILD/NRF51_DK/GCC_ARM/mbed-os/drivers/CAN.o
LOAD ./BUILD/NRF51_DK/GCC_ARM/mbed-os/drivers/Ethernet.o
LOAD ./BUILD/NRF51_DK/GCC_ARM/mbed-os/drivers/FileBase.o
LOAD ./BUILD/NRF51_DK/GCC_ARM/mbed-os/drivers/FilePath.o
LOAD ./BUILD/NRF51_DK/GCC_ARM/mbed-os/drivers/FileSystemLike.o
LOAD ./BUILD/NRF51_DK/GCC_ARM/mbed-os/drivers/FlashIAP.o
LOAD ./BUILD/NRF51_DK/GCC_ARM/mbed-os/drivers/I2C.o
LOAD ./BUILD/NRF51_DK/GCC_ARM/mbed-os/drivers/I2CSlave.o
LOAD ./BUILD/NRF51_DK/GCC_ARM/mbed-os/drivers/InterruptIn.o
LOAD ./BUILD/NRF51_DK/GCC_ARM/mbed-os/drivers/InterruptManager.o
LOAD ./BUILD/NRF51_DK/GCC_ARM/mbed-os/drivers/LocalFileSystem.o
LOAD ./BUILD/NRF51_DK/GCC_ARM/mbed-os/drivers/RawSerial.o
LOAD ./BUILD/NRF51_DK/GCC_ARM/mbed-os/drivers/SPI.o
LOAD ./BUILD/NRF51_DK/GCC_ARM/mbed-os/drivers/SPISlave.o
LOAD ./BUILD/NRF51_DK/GCC_ARM/mbed-os/drivers/Serial.o
LOAD ./BUILD/NRF51_DK/GCC_ARM/mbed-os/drivers/SerialBase.o
LOAD ./BUILD/NRF51_DK/GCC_ARM/mbed-os/drivers/Stream.o
LOAD ./BUILD/NRF51_DK/GCC_ARM/mbed-os/drivers/Ticker.o
LOAD ./BUILD/NRF51_DK/GCC_ARM/mbed-os/drivers/Timeout.o
LOAD ./BUILD/NRF51_DK/GCC_ARM/mbed-os/drivers/Timer.o
LOAD ./BUILD/NRF51_DK/GCC_ARM/mbed-os/drivers/TimerEvent.o
LOAD ./BUILD/NRF51_DK/GCC_ARM/mbed-os/events/EventQueue.o
LOAD ./BUILD/NRF51_DK/GCC_ARM/mbed-os/events/equeue/equeue.o
LOAD ./BUILD/NRF51_DK/GCC_ARM/mbed-os/events/equeue/equeue_mbed.o
LOAD ./BUILD/NRF51_DK/GCC_ARM/mbed-os/events/equeue/equeue_posix.o
LOAD ./BUILD/NRF51_DK/GCC_ARM/mbed-os/features/FEATURE_BLE/source/BLE.o
LOAD ./BUILD/NRF51_DK/GCC_ARM/mbed-os/features/FEATURE_BLE/source/BLEInstanceBase.o
LOAD ./BUILD/NRF51_DK/GCC_ARM/mbed-os/features/FEATURE_BLE/source/DiscoveredCharacteristic.o
LOAD ./BUILD/NRF51_DK/GCC_ARM/mbed-os/features/FEATURE_BLE/source/GapScanningParams.o
LOAD ./BUILD/NRF51_DK/GCC_ARM/mbed-os/features/FEATURE_BLE/source/services/DFUService.o
LOAD ./BUILD/NRF51_DK/GCC_ARM/mbed-os/features/FEATURE_BLE/source/services/UARTService.o
LOAD ./BUILD/NRF51_DK/GCC_ARM/mbed-os/features/FEATURE_BLE/source/services/URIBeaconConfigService.o
LOAD ./BUILD/NRF51_DK/GCC_ARM/mbed-os/features/FEATURE_BLE/targets/TARGET_NORDIC/TARGET_NRF5/source/btle/btle.o
LOAD ./BUILD/NRF51_DK/GCC_ARM/mbed-os/features/FEATURE_BLE/targets/TARGET_NORDIC/TARGET_NRF5/source/btle/btle_advertising.o
LOAD ./BUILD/NRF51_DK/GCC_ARM/mbed-os/features/FEATURE_BLE/targets/TARGET_NORDIC/TARGET_NRF5/source/btle/btle_discovery.o
LOAD ./BUILD/NRF51_DK/GCC_ARM/mbed-os/features/FEATURE_BLE/targets/TARGET_NORDIC/TARGET_NRF5/source/btle/btle_gap.o
LOAD ./BUILD/NRF51_DK/GCC_ARM/mbed-os/features/FEATURE_BLE/targets/TARGET_NORDIC/TARGET_NRF5/source/btle/btle_security.o
LOAD ./BUILD/NRF51_DK/GCC_ARM/mbed-os/features/FEATURE_BLE/targets/TARGET_NORDIC/TARGET_NRF5/source/btle/btle_security_pm.o
LOAD ./BUILD/NRF51_DK/GCC_ARM/mbed-os/features/FEATURE_BLE/targets/TARGET_NORDIC/TARGET_NRF5/source/btle/custom/custom_helper.o
LOAD ./BUILD/NRF51_DK/GCC_ARM/mbed-os/features/FEATURE_BLE/targets/TARGET_NORDIC/TARGET_NRF5/source/nRF5xCharacteristicDescriptorDiscoverer.o
LOAD ./BUILD/NRF51_DK/GCC_ARM/mbed-os/features/FEATURE_BLE/targets/TARGET_NORDIC/TARGET_NRF5/source/nRF5xDiscoveredCharacteristic.o
LOAD ./BUILD/NRF51_DK/GCC_ARM/mbed-os/features/FEATURE_BLE/targets/TARGET_NORDIC/TARGET_NRF5/source/nRF5xGap.o
LOAD ./BUILD/NRF51_DK/GCC_ARM/mbed-os/features/FEATURE_BLE/targets/TARGET_NORDIC/TARGET_NRF5/source/nRF5xGattClient.o
LOAD ./BUILD/NRF51_DK/GCC_ARM/mbed-os/features/FEATURE_BLE/targets/TARGET_NORDIC/TARGET_NRF5/source/nRF5xGattServer.o
LOAD ./BUILD/NRF51_DK/GCC_ARM/mbed-os/features/FEATURE_BLE/targets/TARGET_NORDIC/TARGET_NRF5/source/nRF5xServiceDiscovery.o
LOAD ./BUILD/NRF51_DK/GCC_ARM/mbed-os/features/FEATURE_BLE/targets/TARGET_NORDIC/TARGET_NRF5/source/nRF5xn.o
LOAD ./BUILD/NRF51_DK/GCC_ARM/mbed-os/features/filesystem/Dir.o
LOAD ./BUILD/NRF51_DK/GCC_ARM/mbed-os/features/filesystem/File.o
LOAD ./BUILD/NRF51_DK/GCC_ARM/mbed-os/features/filesystem/FileSystem.o
LOAD ./BUILD/NRF51_DK/GCC_ARM/mbed-os/features/filesystem/bd/ChainingBlockDevice.o
LOAD ./BUILD/NRF51_DK/GCC_ARM/mbed-os/features/filesystem/bd/HeapBlockDevice.o
LOAD ./BUILD/NRF51_DK/GCC_ARM/mbed-os/features/filesystem/bd/SlicingBlockDevice.o
LOAD ./BUILD/NRF51_DK/GCC_ARM/mbed-os/features/filesystem/fat/ChaN/ccsbcs.o
LOAD ./BUILD/NRF51_DK/GCC_ARM/mbed-os/features/filesystem/fat/ChaN/ff.o
LOAD ./BUILD/NRF51_DK/GCC_ARM/mbed-os/features/filesystem/fat/FATFileSystem.o
LOAD ./BUILD/NRF51_DK/GCC_ARM/mbed-os/features/frameworks/greentea-client/source/greentea_metrics.o
LOAD ./BUILD/NRF51_DK/GCC_ARM/mbed-os/features/frameworks/greentea-client/source/greentea_serial.o
LOAD ./BUILD/NRF51_DK/GCC_ARM/mbed-os/features/frameworks/greentea-client/source/greentea_test_env.o
LOAD ./BUILD/NRF51_DK/GCC_ARM/mbed-os/features/frameworks/unity/source/unity.o
LOAD ./BUILD/NRF51_DK/GCC_ARM/mbed-os/features/frameworks/utest/mbed-utest-shim.o
LOAD ./BUILD/NRF51_DK/GCC_ARM/mbed-os/features/frameworks/utest/source/unity_handler.o
LOAD ./BUILD/NRF51_DK/GCC_ARM/mbed-os/features/frameworks/utest/source/utest_case.o
LOAD ./BUILD/NRF51_DK/GCC_ARM/mbed-os/features/frameworks/utest/source/utest_default_handlers.o
LOAD ./BUILD/NRF51_DK/GCC_ARM/mbed-os/features/frameworks/utest/source/utest_greentea_handlers.o
LOAD ./BUILD/NRF51_DK/GCC_ARM/mbed-os/features/frameworks/utest/source/utest_harness.o
LOAD ./BUILD/NRF51_DK/GCC_ARM/mbed-os/features/frameworks/utest/source/utest_shim.o
LOAD ./BUILD/NRF51_DK/GCC_ARM/mbed-os/features/frameworks/utest/source/utest_stack_trace.o
LOAD ./BUILD/NRF51_DK/GCC_ARM/mbed-os/features/frameworks/utest/source/utest_types.o
LOAD ./BUILD/NRF51_DK/GCC_ARM/mbed-os/features/netsocket/NetworkInterface.o
LOAD ./BUILD/NRF51_DK/GCC_ARM/mbed-os/features/netsocket/NetworkStack.o
LOAD ./BUILD/NRF51_DK/GCC_ARM/mbed-os/features/netsocket/Socket.o
LOAD ./BUILD/NRF51_DK/GCC_ARM/mbed-os/features/netsocket/SocketAddress.o
LOAD ./BUILD/NRF51_DK/GCC_ARM/mbed-os/features/netsocket/TCPServer.o
LOAD ./BUILD/NRF51_DK/GCC_ARM/mbed-os/features/netsocket/TCPSocket.o
LOAD ./BUILD/NRF51_DK/GCC_ARM/mbed-os/features/netsocket/UDPSocket.o
LOAD ./BUILD/NRF51_DK/GCC_ARM/mbed-os/features/netsocket/WiFiAccessPoint.o
LOAD ./BUILD/NRF51_DK/GCC_ARM/mbed-os/features/netsocket/nsapi_dns.o
LOAD ./BUILD/NRF51_DK/GCC_ARM/mbed-os/hal/mbed_gpio.o
LOAD ./BUILD/NRF51_DK/GCC_ARM/mbed-os/hal/mbed_lp_ticker_api.o
LOAD ./BUILD/NRF51_DK/GCC_ARM/mbed-os/hal/mbed_pinmap_common.o
LOAD ./BUILD/NRF51_DK/GCC_ARM/mbed-os/hal/mbed_ticker_api.o
LOAD ./BUILD/NRF51_DK/GCC_ARM/mbed-os/hal/mbed_us_ticker_api.o
LOAD ./BUILD/NRF51_DK/GCC_ARM/mbed-os/platform/CallChain.o
LOAD ./BUILD/NRF51_DK/GCC_ARM/mbed-os/platform/mbed_alloc_wrappers.o
LOAD ./BUILD/NRF51_DK/GCC_ARM/mbed-os/platform/mbed_application.o
LOAD ./BUILD/NRF51_DK/GCC_ARM/mbed-os/platform/mbed_assert.o
LOAD ./BUILD/NRF51_DK/GCC_ARM/mbed-os/platform/mbed_board.o
LOAD ./BUILD/NRF51_DK/GCC_ARM/mbed-os/platform/mbed_critical.o
LOAD ./BUILD/NRF51_DK/GCC_ARM/mbed-os/platform/mbed_error.o
LOAD ./BUILD/NRF51_DK/GCC_ARM/mbed-os/platform/mbed_interface.o
LOAD ./BUILD/NRF51_DK/GCC_ARM/mbed-os/platform/mbed_mem_trace.o
LOAD ./BUILD/NRF51_DK/GCC_ARM/mbed-os/platform/mbed_retarget.o
LOAD ./BUILD/NRF51_DK/GCC_ARM/mbed-os/platform/mbed_rtc_time.o
LOAD ./BUILD/NRF51_DK/GCC_ARM/mbed-os/platform/mbed_semihost_api.o
LOAD ./BUILD/NRF51_DK/GCC_ARM/mbed-os/platform/mbed_stats.o
LOAD ./BUILD/NRF51_DK/GCC_ARM/mbed-os/platform/mbed_wait_api_no_rtos.o
LOAD ./BUILD/NRF51_DK/GCC_ARM/mbed-os/platform/mbed_wait_api_rtos.o
LOAD ./BUILD/NRF51_DK/GCC_ARM/mbed-os/rtos/Mutex.o
LOAD ./BUILD/NRF51_DK/GCC_ARM/mbed-os/rtos/RtosTimer.o
LOAD ./BUILD/NRF51_DK/GCC_ARM/mbed-os/rtos/Semaphore.o
LOAD ./BUILD/NRF51_DK/GCC_ARM/mbed-os/rtos/Thread.o
LOAD ./BUILD/NRF51_DK/GCC_ARM/mbed-os/rtos/rtos_idle.o
LOAD ./BUILD/NRF51_DK/GCC_ARM/mbed-os/rtos/rtx/TARGET_CORTEX_M/HAL_CM.o
LOAD ./BUILD/NRF51_DK/GCC_ARM/mbed-os/rtos/rtx/TARGET_CORTEX_M/RTX_Conf_CM.o
LOAD ./BUILD/NRF51_DK/GCC_ARM/mbed-os/rtos/rtx/TARGET_CORTEX_M/TARGET_M0/TOOLCHAIN_GCC/HAL_CM0.o
LOAD ./BUILD/NRF51_DK/GCC_ARM/mbed-os/rtos/rtx/TARGET_CORTEX_M/TARGET_M0/TOOLCHAIN_GCC/SVC_Table.o
LOAD ./BUILD/NRF51_DK/GCC_ARM/mbed-os/rtos/rtx/TARGET_CORTEX_M/rt_CMSIS.o
LOAD ./BUILD/NRF51_DK/GCC_ARM/mbed-os/rtos/rtx/TARGET_CORTEX_M/rt_Event.o
LOAD ./BUILD/NRF51_DK/GCC_ARM/mbed-os/rtos/rtx/TARGET_CORTEX_M/rt_List.o
LOAD ./BUILD/NRF51_DK/GCC_ARM/mbed-os/rtos/rtx/TARGET_CORTEX_M/rt_Mailbox.o
LOAD ./BUILD/NRF51_DK/GCC_ARM/mbed-os/rtos/rtx/TARGET_CORTEX_M/rt_MemBox.o
LOAD ./BUILD/NRF51_DK/GCC_ARM/mbed-os/rtos/rtx/TARGET_CORTEX_M/rt_Memory.o
LOAD ./BUILD/NRF51_DK/GCC_ARM/mbed-os/rtos/rtx/TARGET_CORTEX_M/rt_Mutex.o
LOAD ./BUILD/NRF51_DK/GCC_ARM/mbed-os/rtos/rtx/TARGET_CORTEX_M/rt_OsEventObserver.o
LOAD ./BUILD/NRF51_DK/GCC_ARM/mbed-os/rtos/rtx/TARGET_CORTEX_M/rt_Robin.o
LOAD ./BUILD/NRF51_DK/GCC_ARM/mbed-os/rtos/rtx/TARGET_CORTEX_M/rt_Semaphore.o
LOAD ./BUILD/NRF51_DK/GCC_ARM/mbed-os/rtos/rtx/TARGET_CORTEX_M/rt_System.o
LOAD ./BUILD/NRF51_DK/GCC_ARM/mbed-os/rtos/rtx/TARGET_CORTEX_M/rt_Task.o
LOAD ./BUILD/NRF51_DK/GCC_ARM/mbed-os/rtos/rtx/TARGET_CORTEX_M/rt_Time.o
LOAD ./BUILD/NRF51_DK/GCC_ARM/mbed-os/rtos/rtx/TARGET_CORTEX_M/rt_Timer.o
LOAD ./BUILD/NRF51_DK/GCC_ARM/mbed-os/targets/TARGET_NORDIC/TARGET_NRF5/TARGET_MCU_NRF51822_UNIFIED/analogin_api.o
LOAD ./BUILD/NRF51_DK/GCC_ARM/mbed-os/targets/TARGET_NORDIC/TARGET_NRF5/TARGET_MCU_NRF51822_UNIFIED/device/TOOLCHAIN_GCC_ARM/startup_NRF51822.o
LOAD ./BUILD/NRF51_DK/GCC_ARM/mbed-os/targets/TARGET_NORDIC/TARGET_NRF5/TARGET_MCU_NRF51822_UNIFIED/device/cmsis_nvic.o
LOAD ./BUILD/NRF51_DK/GCC_ARM/mbed-os/targets/TARGET_NORDIC/TARGET_NRF5/TARGET_MCU_NRF51822_UNIFIED/device/system_nrf51.o
LOAD ./BUILD/NRF51_DK/GCC_ARM/mbed-os/targets/TARGET_NORDIC/TARGET_NRF5/TARGET_MCU_NRF51822_UNIFIED/pwmout_api.o
LOAD ./BUILD/NRF51_DK/GCC_ARM/mbed-os/targets/TARGET_NORDIC/TARGET_NRF5/TARGET_MCU_NRF51822_UNIFIED/sdk/drivers_nrf/adc/nrf_drv_adc.o
LOAD ./BUILD/NRF51_DK/GCC_ARM/mbed-os/targets/TARGET_NORDIC/TARGET_NRF5/gpio_api.o
LOAD ./BUILD/NRF51_DK/GCC_ARM/mbed-os/targets/TARGET_NORDIC/TARGET_NRF5/i2c_api.o
LOAD ./BUILD/NRF51_DK/GCC_ARM/mbed-os/targets/TARGET_NORDIC/TARGET_NRF5/lp_ticker.o
LOAD ./BUILD/NRF51_DK/GCC_ARM/mbed-os/targets/TARGET_NORDIC/TARGET_NRF5/nordic_critical.o
LOAD ./BUILD/NRF51_DK/GCC_ARM/mbed-os/targets/TARGET_NORDIC/TARGET_NRF5/pinmap.o
LOAD ./BUILD/NRF51_DK/GCC_ARM/mbed-os/targets/TARGET_NORDIC/TARGET_NRF5/port_api.o
LOAD ./BUILD/NRF51_DK/GCC_ARM/mbed-os/targets/TARGET_NORDIC/TARGET_NRF5/reloc_vector_table.o
LOAD ./BUILD/NRF51_DK/GCC_ARM/mbed-os/targets/TARGET_NORDIC/TARGET_NRF5/rtc_api.o
LOAD ./BUILD/NRF51_DK/GCC_ARM/mbed-os/targets/TARGET_NORDIC/TARGET_NRF5/sdk/ble/ble_advertising/ble_advertising.o
LOAD ./BUILD/NRF51_DK/GCC_ARM/mbed-os/targets/TARGET_NORDIC/TARGET_NRF5/sdk/ble/ble_db_discovery/ble_db_discovery.o
LOAD ./BUILD/NRF51_DK/GCC_ARM/mbed-os/targets/TARGET_NORDIC/TARGET_NRF5/sdk/ble/ble_debug_assert_handler/ble_debug_assert_handler.o
LOAD ./BUILD/NRF51_DK/GCC_ARM/mbed-os/targets/TARGET_NORDIC/TARGET_NRF5/sdk/ble/ble_dtm/ble_dtm.o
LOAD ./BUILD/NRF51_DK/GCC_ARM/mbed-os/targets/TARGET_NORDIC/TARGET_NRF5/sdk/ble/ble_racp/ble_racp.o
LOAD ./BUILD/NRF51_DK/GCC_ARM/mbed-os/targets/TARGET_NORDIC/TARGET_NRF5/sdk/ble/ble_radio_notification/ble_radio_notification.o
LOAD ./BUILD/NRF51_DK/GCC_ARM/mbed-os/targets/TARGET_NORDIC/TARGET_NRF5/sdk/ble/ble_services/ble_dfu/ble_dfu.o
LOAD ./BUILD/NRF51_DK/GCC_ARM/mbed-os/targets/TARGET_NORDIC/TARGET_NRF5/sdk/ble/common/ble_advdata.o
LOAD ./BUILD/NRF51_DK/GCC_ARM/mbed-os/targets/TARGET_NORDIC/TARGET_NRF5/sdk/ble/common/ble_conn_state.o
LOAD ./BUILD/NRF51_DK/GCC_ARM/mbed-os/targets/TARGET_NORDIC/TARGET_NRF5/sdk/ble/common/ble_srv_common.o
LOAD ./BUILD/NRF51_DK/GCC_ARM/mbed-os/targets/TARGET_NORDIC/TARGET_NRF5/sdk/ble/device_manager/device_manager_peripheral.o
LOAD ./BUILD/NRF51_DK/GCC_ARM/mbed-os/targets/TARGET_NORDIC/TARGET_NRF5/sdk/ble/peer_manager/gatt_cache_manager.o
LOAD ./BUILD/NRF51_DK/GCC_ARM/mbed-os/targets/TARGET_NORDIC/TARGET_NRF5/sdk/ble/peer_manager/gattc_cache_manager.o
LOAD ./BUILD/NRF51_DK/GCC_ARM/mbed-os/targets/TARGET_NORDIC/TARGET_NRF5/sdk/ble/peer_manager/gatts_cache_manager.o
LOAD ./BUILD/NRF51_DK/GCC_ARM/mbed-os/targets/TARGET_NORDIC/TARGET_NRF5/sdk/ble/peer_manager/id_manager.o
LOAD ./BUILD/NRF51_DK/GCC_ARM/mbed-os/targets/TARGET_NORDIC/TARGET_NRF5/sdk/ble/peer_manager/peer_data.o
LOAD ./BUILD/NRF51_DK/GCC_ARM/mbed-os/targets/TARGET_NORDIC/TARGET_NRF5/sdk/ble/peer_manager/peer_data_storage.o
LOAD ./BUILD/NRF51_DK/GCC_ARM/mbed-os/targets/TARGET_NORDIC/TARGET_NRF5/sdk/ble/peer_manager/peer_database.o
LOAD ./BUILD/NRF51_DK/GCC_ARM/mbed-os/targets/TARGET_NORDIC/TARGET_NRF5/sdk/ble/peer_manager/peer_id.o
LOAD ./BUILD/NRF51_DK/GCC_ARM/mbed-os/targets/TARGET_NORDIC/TARGET_NRF5/sdk/ble/peer_manager/peer_manager.o
LOAD ./BUILD/NRF51_DK/GCC_ARM/mbed-os/targets/TARGET_NORDIC/TARGET_NRF5/sdk/ble/peer_manager/pm_buffer.o
LOAD ./BUILD/NRF51_DK/GCC_ARM/mbed-os/targets/TARGET_NORDIC/TARGET_NRF5/sdk/ble/peer_manager/pm_mutex.o
LOAD ./BUILD/NRF51_DK/GCC_ARM/mbed-os/targets/TARGET_NORDIC/TARGET_NRF5/sdk/ble/peer_manager/security_dispatcher.o
LOAD ./BUILD/NRF51_DK/GCC_ARM/mbed-os/targets/TARGET_NORDIC/TARGET_NRF5/sdk/ble/peer_manager/security_manager.o
LOAD ./BUILD/NRF51_DK/GCC_ARM/mbed-os/targets/TARGET_NORDIC/TARGET_NRF5/sdk/drivers_nrf/ble_flash/ble_flash.o
LOAD ./BUILD/NRF51_DK/GCC_ARM/mbed-os/targets/TARGET_NORDIC/TARGET_NRF5/sdk/drivers_nrf/clock/nrf_drv_clock.o
LOAD ./BUILD/NRF51_DK/GCC_ARM/mbed-os/targets/TARGET_NORDIC/TARGET_NRF5/sdk/drivers_nrf/common/nrf_drv_common.o
LOAD ./BUILD/NRF51_DK/GCC_ARM/mbed-os/targets/TARGET_NORDIC/TARGET_NRF5/sdk/drivers_nrf/delay/nrf_delay.o
LOAD ./BUILD/NRF51_DK/GCC_ARM/mbed-os/targets/TARGET_NORDIC/TARGET_NRF5/sdk/drivers_nrf/gpiote/nrf_drv_gpiote.o
LOAD ./BUILD/NRF51_DK/GCC_ARM/mbed-os/targets/TARGET_NORDIC/TARGET_NRF5/sdk/drivers_nrf/hal/nrf_adc.o
LOAD ./BUILD/NRF51_DK/GCC_ARM/mbed-os/targets/TARGET_NORDIC/TARGET_NRF5/sdk/drivers_nrf/hal/nrf_ecb.o
LOAD ./BUILD/NRF51_DK/GCC_ARM/mbed-os/targets/TARGET_NORDIC/TARGET_NRF5/sdk/drivers_nrf/hal/nrf_nvmc.o
LOAD ./BUILD/NRF51_DK/GCC_ARM/mbed-os/targets/TARGET_NORDIC/TARGET_NRF5/sdk/drivers_nrf/hal/nrf_saadc.o
LOAD ./BUILD/NRF51_DK/GCC_ARM/mbed-os/targets/TARGET_NORDIC/TARGET_NRF5/sdk/drivers_nrf/ppi/nrf_drv_ppi.o
LOAD ./BUILD/NRF51_DK/GCC_ARM/mbed-os/targets/TARGET_NORDIC/TARGET_NRF5/sdk/drivers_nrf/pstorage/pstorage.o
LOAD ./BUILD/NRF51_DK/GCC_ARM/mbed-os/targets/TARGET_NORDIC/TARGET_NRF5/sdk/drivers_nrf/spi_master/nrf_drv_spi.o
LOAD ./BUILD/NRF51_DK/GCC_ARM/mbed-os/targets/TARGET_NORDIC/TARGET_NRF5/sdk/drivers_nrf/spi_slave/nrf_drv_spis.o
LOAD ./BUILD/NRF51_DK/GCC_ARM/mbed-os/targets/TARGET_NORDIC/TARGET_NRF5/sdk/drivers_nrf/timer/nrf_drv_timer.o
LOAD ./BUILD/NRF51_DK/GCC_ARM/mbed-os/targets/TARGET_NORDIC/TARGET_NRF5/sdk/libraries/bootloader_dfu/bootloader_util.o
LOAD ./BUILD/NRF51_DK/GCC_ARM/mbed-os/targets/TARGET_NORDIC/TARGET_NRF5/sdk/libraries/bootloader_dfu/dfu_app_handler.o
LOAD ./BUILD/NRF51_DK/GCC_ARM/mbed-os/targets/TARGET_NORDIC/TARGET_NRF5/sdk/libraries/bootloader_dfu/dfu_init_template.o
LOAD ./BUILD/NRF51_DK/GCC_ARM/mbed-os/targets/TARGET_NORDIC/TARGET_NRF5/sdk/libraries/crc16/crc16.o
LOAD ./BUILD/NRF51_DK/GCC_ARM/mbed-os/targets/TARGET_NORDIC/TARGET_NRF5/sdk/libraries/fds/fds.o
LOAD ./BUILD/NRF51_DK/GCC_ARM/mbed-os/targets/TARGET_NORDIC/TARGET_NRF5/sdk/libraries/fstorage/fstorage.o
LOAD ./BUILD/NRF51_DK/GCC_ARM/mbed-os/targets/TARGET_NORDIC/TARGET_NRF5/sdk/libraries/fstorage/fstorage_nosd.o
LOAD ./BUILD/NRF51_DK/GCC_ARM/mbed-os/targets/TARGET_NORDIC/TARGET_NRF5/sdk/libraries/hci/hci_mem_pool.o
LOAD ./BUILD/NRF51_DK/GCC_ARM/mbed-os/targets/TARGET_NORDIC/TARGET_NRF5/sdk/libraries/pwm/app_pwm.o
LOAD ./BUILD/NRF51_DK/GCC_ARM/mbed-os/targets/TARGET_NORDIC/TARGET_NRF5/sdk/libraries/scheduler/app_scheduler.o
LOAD ./BUILD/NRF51_DK/GCC_ARM/mbed-os/targets/TARGET_NORDIC/TARGET_NRF5/sdk/libraries/trace/app_trace.o
LOAD ./BUILD/NRF51_DK/GCC_ARM/mbed-os/targets/TARGET_NORDIC/TARGET_NRF5/sdk/libraries/util/app_error.o
LOAD ./BUILD/NRF51_DK/GCC_ARM/mbed-os/targets/TARGET_NORDIC/TARGET_NRF5/sdk/libraries/util/app_error_weak.o
LOAD ./BUILD/NRF51_DK/GCC_ARM/mbed-os/targets/TARGET_NORDIC/TARGET_NRF5/sdk/libraries/util/app_util_platform.o
LOAD ./BUILD/NRF51_DK/GCC_ARM/mbed-os/targets/TARGET_NORDIC/TARGET_NRF5/sdk/libraries/util/nrf_assert.o
LOAD ./BUILD/NRF51_DK/GCC_ARM/mbed-os/targets/TARGET_NORDIC/TARGET_NRF5/sdk/libraries/util/nrf_log.o
LOAD ./BUILD/NRF51_DK/GCC_ARM/mbed-os/targets/TARGET_NORDIC/TARGET_NRF5/sdk/libraries/util/sdk_mapped_flags.o
LOAD ./BUILD/NRF51_DK/GCC_ARM/mbed-os/targets/TARGET_NORDIC/TARGET_NRF5/sdk/softdevice/common/softdevice_handler/softdevice_handler.o
LOAD ./BUILD/NRF51_DK/GCC_ARM/mbed-os/targets/TARGET_NORDIC/TARGET_NRF5/sdk/softdevice/common/softdevice_handler/softdevice_handler_appsh.o
LOAD ./BUILD/NRF51_DK/GCC_ARM/mbed-os/targets/TARGET_NORDIC/TARGET_NRF5/serial_api.o
LOAD ./BUILD/NRF51_DK/GCC_ARM/mbed-os/targets/TARGET_NORDIC/TARGET_NRF5/sleep.o
LOAD ./BUILD/NRF51_DK/GCC_ARM/mbed-os/targets/TARGET_NORDIC/TARGET_NRF5/spi_api.o
LOAD ./BUILD/NRF51_DK/GCC_ARM/mbed-os/targets/TARGET_NORDIC/TARGET_NRF5/us_ticker.o
LOAD ./BUILD/NRF51_DK/GCC_ARM/source/main.o
START GROUP
LOAD /usr/bin/../lib/gcc/arm-none-eabi/6.3.1/../../../../arm-none-eabi/lib/thumb/v6-m/libstdc++.a
LOAD /usr/bin/../lib/gcc/arm-none-eabi/6.3.1/../../../../arm-none-eabi/lib/thumb/v6-m/libsupc++.a
LOAD /usr/bin/../lib/gcc/arm-none-eabi/6.3.1/../../../../arm-none-eabi/lib/thumb/v6-m/libm.a
LOAD /usr/bin/../lib/gcc/arm-none-eabi/6.3.1/../../../../arm-none-eabi/lib/thumb/v6-m/libc.a
LOAD /usr/bin/../lib/gcc/arm-none-eabi/6.3.1/thumb/v6-m/libgcc.a
LOAD /usr/bin/../lib/gcc/arm-none-eabi/6.3.1/../../../../arm-none-eabi/lib/thumb/v6-m/libnosys.a
END GROUP
LOAD /usr/bin/../lib/gcc/arm-none-eabi/6.3.1/../../../../arm-none-eabi/lib/thumb/v6-m/libstdc++.a
LOAD /usr/bin/../lib/gcc/arm-none-eabi/6.3.1/../../../../arm-none-eabi/lib/thumb/v6-m/libsupc++.a
LOAD /usr/bin/../lib/gcc/arm-none-eabi/6.3.1/../../../../arm-none-eabi/lib/thumb/v6-m/libm.a
LOAD /usr/bin/../lib/gcc/arm-none-eabi/6.3.1/../../../../arm-none-eabi/lib/thumb/v6-m/libc.a
LOAD /usr/bin/../lib/gcc/arm-none-eabi/6.3.1/thumb/v6-m/libgcc.a
LOAD /usr/bin/../lib/gcc/arm-none-eabi/6.3.1/../../../../arm-none-eabi/lib/thumb/v6-m/libnosys.a
START GROUP
LOAD /usr/bin/../lib/gcc/arm-none-eabi/6.3.1/thumb/v6-m/libgcc.a
LOAD /usr/bin/../lib/gcc/arm-none-eabi/6.3.1/../../../../arm-none-eabi/lib/thumb/v6-m/libc.a
END GROUP
LOAD /usr/bin/../lib/gcc/arm-none-eabi/6.3.1/thumb/v6-m/crtend.o
LOAD /usr/bin/../lib/gcc/arm-none-eabi/6.3.1/thumb/v6-m/crtn.o

.text           0x000000000001b000    0x16c88
 *(.Vectors)
 .Vectors       0x000000000001b000       0xa8 ./BUILD/NRF51_DK/GCC_ARM/mbed-os/targets/TARGET_NORDIC/TARGET_NRF5/TARGET_MCU_NRF51822_UNIFIED/device/TOOLCHAIN_GCC_ARM/startup_NRF51822.o
                0x000000000001b000                __Vectors
 *(.text*)
 .text          0x000000000001b0a8       0x60 /usr/bin/../lib/gcc/arm-none-eabi/6.3.1/thumb/v6-m/crtbegin.o
 .text          0x000000000001b108       0x78 /usr/bin/../lib/gcc/arm-none-eabi/6.3.1/../../../../arm-none-eabi/lib/thumb/v6-m/crt0.o
                0x000000000001b108                _mainCRTStartup
                0x000000000001b108                _start
 .text._ZN4mbed8CallbackIFviEED2Ev
                0x000000000001b180       0x12 ./BUILD/NRF51_DK/GCC_ARM/mbed-os/drivers/I2C.o
                0x000000000001b180                mbed::Callback<void (int)>::~Callback()
                0x000000000001b180                mbed::Callback<void (int)>::~Callback()
 .text._ZN4mbed8CallbackIFvvEE13function_callIPS1_EEvPKv
                0x000000000001b192        0x8 ./BUILD/NRF51_DK/GCC_ARM/mbed-os/drivers/InterruptIn.o
                0x000000000001b192                void mbed::Callback<void ()>::function_call<void (*)()>(void const*)
 .text._ZN4mbed8CallbackIFvvEE13function_moveIPS1_EEvPvPKv
                0x000000000001b19a        0xa ./BUILD/NRF51_DK/GCC_ARM/mbed-os/drivers/InterruptIn.o
                0x000000000001b19a                void mbed::Callback<void ()>::function_move<void (*)()>(void*, void const*)
 .text._ZN4mbed8CallbackIFvvEE13function_dtorIPS1_EEvPv
                0x000000000001b1a4        0x2 ./BUILD/NRF51_DK/GCC_ARM/mbed-os/drivers/InterruptIn.o
                0x000000000001b1a4                void mbed::Callback<void ()>::function_dtor<void (*)()>(void*)
 .text._ZN4mbed8CallbackIFvvEED2Ev
                0x000000000001b1a6       0x12 ./BUILD/NRF51_DK/GCC_ARM/mbed-os/drivers/InterruptIn.o
                0x000000000001b1a6                mbed::Callback<void ()>::~Callback()
                0x000000000001b1a6                mbed::Callback<void ()>::~Callback()
 .text._ZN4mbed6Ticker7handlerEv
                0x000000000001b1b8       0x38 ./BUILD/NRF51_DK/GCC_ARM/mbed-os/drivers/Ticker.o
                0x000000000001b1b8                mbed::Ticker::handler()
 .text._ZN4mbed6Ticker5setupEm
                0x000000000001b1f0       0x26 ./BUILD/NRF51_DK/GCC_ARM/mbed-os/drivers/Ticker.o
                0x000000000001b1f0                mbed::Ticker::setup(unsigned long)
 .text._ZN4mbed6Ticker6detachEv
                0x000000000001b216       0x44 ./BUILD/NRF51_DK/GCC_ARM/mbed-os/drivers/Ticker.o
                0x000000000001b216                mbed::Ticker::detach()
 *fill*         0x000000000001b25a        0x2 
 .text._ZN4mbed6TickerD2Ev
                0x000000000001b25c       0x24 ./BUILD/NRF51_DK/GCC_ARM/mbed-os/drivers/Ticker.o
                0x000000000001b25c                mbed::Ticker::~Ticker()
                0x000000000001b25c                mbed::Ticker::~Ticker()
 .text._ZN4mbed6TickerD0Ev
                0x000000000001b280       0x12 ./BUILD/NRF51_DK/GCC_ARM/mbed-os/drivers/Ticker.o
                0x000000000001b280                mbed::Ticker::~Ticker()
 *fill*         0x000000000001b292        0x2 
 .text._ZN4mbed7Timeout7handlerEv
                0x000000000001b294       0x30 ./BUILD/NRF51_DK/GCC_ARM/mbed-os/drivers/Timeout.o
                0x000000000001b294                mbed::Timeout::handler()
 .text._ZN4mbed7TimeoutD2Ev
                0x000000000001b2c4       0x18 ./BUILD/NRF51_DK/GCC_ARM/mbed-os/drivers/Timeout.o
                0x000000000001b2c4                mbed::Timeout::~Timeout()
                0x000000000001b2c4                mbed::Timeout::~Timeout()
 .text._ZN4mbed7TimeoutD0Ev
                0x000000000001b2dc       0x12 ./BUILD/NRF51_DK/GCC_ARM/mbed-os/drivers/Timeout.o
                0x000000000001b2dc                mbed::Timeout::~Timeout()
 .text._ZN4mbed5Timer5startEv
                0x000000000001b2ee       0x20 ./BUILD/NRF51_DK/GCC_ARM/mbed-os/drivers/Timer.o
                0x000000000001b2ee                mbed::Timer::start()
 .text._ZN4mbed5Timer9slicetimeEv
                0x000000000001b30e       0x20 ./BUILD/NRF51_DK/GCC_ARM/mbed-os/drivers/Timer.o
                0x000000000001b30e                mbed::Timer::slicetime()
 .text._ZN4mbed5Timer7read_usEv
                0x000000000001b32e       0x1a ./BUILD/NRF51_DK/GCC_ARM/mbed-os/drivers/Timer.o
                0x000000000001b32e                mbed::Timer::read_us()
 .text._ZN4mbed5Timer7read_msEv
                0x000000000001b348       0x10 ./BUILD/NRF51_DK/GCC_ARM/mbed-os/drivers/Timer.o
                0x000000000001b348                mbed::Timer::read_ms()
 .text._ZN4mbed5Timer5resetEv
                0x000000000001b358       0x1a ./BUILD/NRF51_DK/GCC_ARM/mbed-os/drivers/Timer.o
                0x000000000001b358                mbed::Timer::reset()
 .text._ZN4mbed5TimerC2Ev
                0x000000000001b372       0x1c ./BUILD/NRF51_DK/GCC_ARM/mbed-os/drivers/Timer.o
                0x000000000001b372                mbed::Timer::Timer()
                0x000000000001b372                mbed::Timer::Timer()
 .text._ZN4mbed10TimerEvent3irqEm
                0x000000000001b38e        0xa ./BUILD/NRF51_DK/GCC_ARM/mbed-os/drivers/TimerEvent.o
                0x000000000001b38e                mbed::TimerEvent::irq(unsigned long)
 .text._ZN4mbed10TimerEventC2Ev
                0x000000000001b398       0x2c ./BUILD/NRF51_DK/GCC_ARM/mbed-os/drivers/TimerEvent.o
                0x000000000001b398                mbed::TimerEvent::TimerEvent()
                0x000000000001b398                mbed::TimerEvent::TimerEvent()
 .text._ZN4mbed10TimerEvent6insertEm
                0x000000000001b3c4       0x10 ./BUILD/NRF51_DK/GCC_ARM/mbed-os/drivers/TimerEvent.o
                0x000000000001b3c4                mbed::TimerEvent::insert(unsigned long)
 .text._ZN4mbed10TimerEvent6removeEv
                0x000000000001b3d4        0xc ./BUILD/NRF51_DK/GCC_ARM/mbed-os/drivers/TimerEvent.o
                0x000000000001b3d4                mbed::TimerEvent::remove()
 .text._ZN4mbed10TimerEventD2Ev
                0x000000000001b3e0       0x18 ./BUILD/NRF51_DK/GCC_ARM/mbed-os/drivers/TimerEvent.o
                0x000000000001b3e0                mbed::TimerEvent::~TimerEvent()
                0x000000000001b3e0                mbed::TimerEvent::~TimerEvent()
 .text._ZN6events10EventQueueC2EjPh
                0x000000000001b3f8       0x1a ./BUILD/NRF51_DK/GCC_ARM/mbed-os/events/EventQueue.o
                0x000000000001b3f8                events::EventQueue::EventQueue(unsigned int, unsigned char*)
                0x000000000001b3f8                events::EventQueue::EventQueue(unsigned int, unsigned char*)
 .text._ZN6events10EventQueue8dispatchEi
                0x000000000001b412        0x8 ./BUILD/NRF51_DK/GCC_ARM/mbed-os/events/EventQueue.o
                0x000000000001b412                events::EventQueue::dispatch(int)
 .text._ZN6events10EventQueueD2Ev
                0x000000000001b41a       0x14 ./BUILD/NRF51_DK/GCC_ARM/mbed-os/events/EventQueue.o
                0x000000000001b41a                events::EventQueue::~EventQueue()
                0x000000000001b41a                events::EventQueue::~EventQueue()
 .text.equeue_enqueue
                0x000000000001b42e       0xac ./BUILD/NRF51_DK/GCC_ARM/mbed-os/events/equeue/equeue.o
 .text.equeue_create_inplace
                0x000000000001b4da       0x60 ./BUILD/NRF51_DK/GCC_ARM/mbed-os/events/equeue/equeue.o
                0x000000000001b4da                equeue_create_inplace
 .text.equeue_create
                0x000000000001b53a       0x24 ./BUILD/NRF51_DK/GCC_ARM/mbed-os/events/equeue/equeue.o
                0x000000000001b53a                equeue_create
 .text.equeue_destroy
                0x000000000001b55e       0x52 ./BUILD/NRF51_DK/GCC_ARM/mbed-os/events/equeue/equeue.o
                0x000000000001b55e                equeue_destroy
 .text.equeue_alloc
                0x000000000001b5b0       0x86 ./BUILD/NRF51_DK/GCC_ARM/mbed-os/events/equeue/equeue.o
                0x000000000001b5b0                equeue_alloc
 .text.equeue_dealloc
                0x000000000001b636       0x52 ./BUILD/NRF51_DK/GCC_ARM/mbed-os/events/equeue/equeue.o
                0x000000000001b636                equeue_dealloc
 .text.equeue_post
                0x000000000001b688       0x2e ./BUILD/NRF51_DK/GCC_ARM/mbed-os/events/equeue/equeue.o
                0x000000000001b688                equeue_post
 .text.equeue_dispatch
                0x000000000001b6b6      0x17a ./BUILD/NRF51_DK/GCC_ARM/mbed-os/events/equeue/equeue.o
                0x000000000001b6b6                equeue_dispatch
 .text.equeue_event_delay
                0x000000000001b830        0x6 ./BUILD/NRF51_DK/GCC_ARM/mbed-os/events/equeue/equeue.o
                0x000000000001b830                equeue_event_delay
 .text.equeue_event_period
                0x000000000001b836        0x6 ./BUILD/NRF51_DK/GCC_ARM/mbed-os/events/equeue/equeue.o
                0x000000000001b836                equeue_event_period
 .text.equeue_event_dtor
                0x000000000001b83c        0x6 ./BUILD/NRF51_DK/GCC_ARM/mbed-os/events/equeue/equeue.o
                0x000000000001b83c                equeue_event_dtor
 *fill*         0x000000000001b842        0x2 
 .text._ZL18equeue_tick_updatev
                0x000000000001b844       0x24 ./BUILD/NRF51_DK/GCC_ARM/mbed-os/events/equeue/equeue_mbed.o
 .text.equeue_mutex_create
                0x000000000001b868        0x4 ./BUILD/NRF51_DK/GCC_ARM/mbed-os/events/equeue/equeue_mbed.o
                0x000000000001b868                equeue_mutex_create
 .text.equeue_mutex_destroy
                0x000000000001b86c        0x2 ./BUILD/NRF51_DK/GCC_ARM/mbed-os/events/equeue/equeue_mbed.o
                0x000000000001b86c                equeue_mutex_destroy
 .text.equeue_mutex_lock
                0x000000000001b86e        0x8 ./BUILD/NRF51_DK/GCC_ARM/mbed-os/events/equeue/equeue_mbed.o
                0x000000000001b86e                equeue_mutex_lock
 .text.equeue_mutex_unlock
                0x000000000001b876        0x8 ./BUILD/NRF51_DK/GCC_ARM/mbed-os/events/equeue/equeue_mbed.o
                0x000000000001b876                equeue_mutex_unlock
 .text.equeue_sema_create
                0x000000000001b87e       0x10 ./BUILD/NRF51_DK/GCC_ARM/mbed-os/events/equeue/equeue_mbed.o
                0x000000000001b87e                equeue_sema_create
 .text.equeue_sema_destroy
                0x000000000001b88e        0x8 ./BUILD/NRF51_DK/GCC_ARM/mbed-os/events/equeue/equeue_mbed.o
                0x000000000001b88e                equeue_sema_destroy
 .text.equeue_sema_signal
                0x000000000001b896        0x8 ./BUILD/NRF51_DK/GCC_ARM/mbed-os/events/equeue/equeue_mbed.o
                0x000000000001b896                equeue_sema_signal
 .text.equeue_sema_wait
                0x000000000001b89e       0x16 ./BUILD/NRF51_DK/GCC_ARM/mbed-os/events/equeue/equeue_mbed.o
                0x000000000001b89e                equeue_sema_wait
 .text.equeue_tick
                0x000000000001b8b4       0x98 ./BUILD/NRF51_DK/GCC_ARM/mbed-os/events/equeue/equeue_mbed.o
                0x000000000001b8b4                equeue_tick
 .text._ZNK9SafeBool_4base7trueTagEv
                0x000000000001b94c        0x2 ./BUILD/NRF51_DK/GCC_ARM/mbed-os/features/FEATURE_BLE/source/BLE.o
                0x000000000001b94c                SafeBool_::base::trueTag() const
 .text._ZN26FunctionPointerWithContextIPN3BLE32OnEventsToProcessCallbackContextEE14functioncallerEPKS3_S2_
                0x000000000001b94e        0xe ./BUILD/NRF51_DK/GCC_ARM/mbed-os/features/FEATURE_BLE/source/BLE.o
                0x000000000001b94e                FunctionPointerWithContext<BLE::OnEventsToProcessCallbackContext*>::functioncaller(FunctionPointerWithContext<BLE::OnEventsToProcessCallbackContext*> const*, BLE::OnEventsToProcessCallbackContext*)
 .text._ZN3BLE18initImplementationE26FunctionPointerWithContextIPNS_37InitializationCompleteCallbackContextEE
                0x000000000001b95c       0x2e ./BUILD/NRF51_DK/GCC_ARM/mbed-os/features/FEATURE_BLE/source/BLE.o
                0x000000000001b95c                BLE::initImplementation(FunctionPointerWithContext<BLE::InitializationCompleteCallbackContext*>)
 *fill*         0x000000000001b98a        0x2 
 .text._ZN3BLEC2Ej
                0x000000000001b98c       0x44 ./BUILD/NRF51_DK/GCC_ARM/mbed-os/features/FEATURE_BLE/source/BLE.o
                0x000000000001b98c                BLE::BLE(unsigned int)
                0x000000000001b98c                BLE::BLE(unsigned int)
 .text._ZN3BLE8InstanceEj
                0x000000000001b9d0       0x5c ./BUILD/NRF51_DK/GCC_ARM/mbed-os/features/FEATURE_BLE/source/BLE.o
                0x000000000001b9d0                BLE::Instance(unsigned int)
 .text._ZN3BLE3gapEv
                0x000000000001ba2c       0x20 ./BUILD/NRF51_DK/GCC_ARM/mbed-os/features/FEATURE_BLE/source/BLE.o
                0x000000000001ba2c                BLE::gap()
 .text._ZN3BLE10gattClientEv
                0x000000000001ba4c       0x20 ./BUILD/NRF51_DK/GCC_ARM/mbed-os/features/FEATURE_BLE/source/BLE.o
                0x000000000001ba4c                BLE::gattClient()
 .text._ZN3BLE13processEventsEv
                0x000000000001ba6c       0x20 ./BUILD/NRF51_DK/GCC_ARM/mbed-os/features/FEATURE_BLE/source/BLE.o
                0x000000000001ba6c                BLE::processEvents()
 .text._ZN3BLE17onEventsToProcessERK26FunctionPointerWithContextIPNS_32OnEventsToProcessCallbackContextEE
                0x000000000001ba8c       0x16 ./BUILD/NRF51_DK/GCC_ARM/mbed-os/features/FEATURE_BLE/source/BLE.o
                0x000000000001ba8c                BLE::onEventsToProcess(FunctionPointerWithContext<BLE::OnEventsToProcessCallbackContext*> const&)
 *fill*         0x000000000001baa2        0x2 
 .text._ZN3BLE21signalEventsToProcessEv
                0x000000000001baa4       0x20 ./BUILD/NRF51_DK/GCC_ARM/mbed-os/features/FEATURE_BLE/source/BLE.o
                0x000000000001baa4                BLE::signalEventsToProcess()
 .text._ZN15BLEInstanceBaseD2Ev
                0x000000000001bac4        0x2 ./BUILD/NRF51_DK/GCC_ARM/mbed-os/features/FEATURE_BLE/source/BLEInstanceBase.o
                0x000000000001bac4                BLEInstanceBase::~BLEInstanceBase()
                0x000000000001bac4                BLEInstanceBase::~BLEInstanceBase()
 .text._ZN15BLEInstanceBase21signalEventsToProcessEj
                0x000000000001bac6        0xe ./BUILD/NRF51_DK/GCC_ARM/mbed-os/features/FEATURE_BLE/source/BLEInstanceBase.o
                0x000000000001bac6                BLEInstanceBase::signalEventsToProcess(unsigned int)
 .text._ZNK24DiscoveredCharacteristic4readEt
                0x000000000001bad4       0x24 ./BUILD/NRF51_DK/GCC_ARM/mbed-os/features/FEATURE_BLE/source/DiscoveredCharacteristic.o
                0x000000000001bad4                DiscoveredCharacteristic::read(unsigned short) const
 .text._ZNK24DiscoveredCharacteristic5writeEtPKh
                0x000000000001baf8       0x2c ./BUILD/NRF51_DK/GCC_ARM/mbed-os/features/FEATURE_BLE/source/DiscoveredCharacteristic.o
                0x000000000001baf8                DiscoveredCharacteristic::write(unsigned short, unsigned char const*) const
 .text._ZN17GapScanningParamsC2Etttb
                0x000000000001bb24       0x68 ./BUILD/NRF51_DK/GCC_ARM/mbed-os/features/FEATURE_BLE/source/GapScanningParams.o
                0x000000000001bb24                GapScanningParams::GapScanningParams(unsigned short, unsigned short, unsigned short, bool)
                0x000000000001bb24                GapScanningParams::GapScanningParams(unsigned short, unsigned short, unsigned short, bool)
 .text._ZN17GapScanningParams11setIntervalEt
                0x000000000001bb8c       0x2c ./BUILD/NRF51_DK/GCC_ARM/mbed-os/features/FEATURE_BLE/source/GapScanningParams.o
                0x000000000001bb8c                GapScanningParams::setInterval(unsigned short)
 .text._ZN17GapScanningParams9setWindowEt
                0x000000000001bbb8       0x2c ./BUILD/NRF51_DK/GCC_ARM/mbed-os/features/FEATURE_BLE/source/GapScanningParams.o
                0x000000000001bbb8                GapScanningParams::setWindow(unsigned short)
 .text._ZN17GapScanningParams10setTimeoutEt
                0x000000000001bbe4        0x6 ./BUILD/NRF51_DK/GCC_ARM/mbed-os/features/FEATURE_BLE/source/GapScanningParams.o
                0x000000000001bbe4                GapScanningParams::setTimeout(unsigned short)
 .text._ZN17GapScanningParams17setActiveScanningEb
                0x000000000001bbea        0x4 ./BUILD/NRF51_DK/GCC_ARM/mbed-os/features/FEATURE_BLE/source/GapScanningParams.o
                0x000000000001bbea                GapScanningParams::setActiveScanning(bool)
 .text.sd_ble_gap_address_set
                0x000000000001bbee        0x4 ./BUILD/NRF51_DK/GCC_ARM/mbed-os/features/FEATURE_BLE/targets/TARGET_NORDIC/TARGET_NRF5/source/btle/btle.o
 .text.sd_ble_gap_address_get
                0x000000000001bbf2        0x4 ./BUILD/NRF51_DK/GCC_ARM/mbed-os/features/FEATURE_BLE/targets/TARGET_NORDIC/TARGET_NRF5/source/btle/btle.o
 .text._ZL16sys_evt_dispatchm
                0x000000000001bbf6        0x8 ./BUILD/NRF51_DK/GCC_ARM/mbed-os/features/FEATURE_BLE/targets/TARGET_NORDIC/TARGET_NRF5/source/btle/btle.o
 *fill*         0x000000000001bbfe        0x2 
 .text._ZL11signalEventv
                0x000000000001bc00       0x24 ./BUILD/NRF51_DK/GCC_ARM/mbed-os/features/FEATURE_BLE/targets/TARGET_NORDIC/TARGET_NRF5/source/btle/btle.o
 .text._ZL12btle_handlerP9ble_evt_t
                0x000000000001bc24      0x200 ./BUILD/NRF51_DK/GCC_ARM/mbed-os/features/FEATURE_BLE/targets/TARGET_NORDIC/TARGET_NRF5/source/btle/btle.o
 .text.btle_init
                0x000000000001be24       0xa8 ./BUILD/NRF51_DK/GCC_ARM/mbed-os/features/FEATURE_BLE/targets/TARGET_NORDIC/TARGET_NRF5/source/btle/btle.o
                0x000000000001be24                btle_init
 .text._ZN4UUIDC2Et
                0x000000000001becc       0x18 ./BUILD/NRF51_DK/GCC_ARM/mbed-os/features/FEATURE_BLE/targets/TARGET_NORDIC/TARGET_NRF5/source/btle/btle_discovery.o
                0x000000000001becc                UUID::UUID(unsigned short)
                0x000000000001becc                UUID::UUID(unsigned short)
 .text._ZNK4UUIDeqERKS_
                0x000000000001bee4       0x3c ./BUILD/NRF51_DK/GCC_ARM/mbed-os/features/FEATURE_BLE/targets/TARGET_NORDIC/TARGET_NRF5/source/btle/btle_discovery.o
                0x000000000001bee4                UUID::operator==(UUID const&) const
 .text._ZN21nRF5xServiceDiscovery32terminateCharacteristicDiscoveryE11ble_error_t
                0x000000000001bf20      0x134 ./BUILD/NRF51_DK/GCC_ARM/mbed-os/features/FEATURE_BLE/targets/TARGET_NORDIC/TARGET_NRF5/source/btle/btle_discovery.o
                0x000000000001bf20                nRF5xServiceDiscovery::terminateCharacteristicDiscovery(ble_error_t)
 .text._Z20bleGattcEventHandlerPK9ble_evt_t
                0x000000000001c054      0x178 ./BUILD/NRF51_DK/GCC_ARM/mbed-os/features/FEATURE_BLE/targets/TARGET_NORDIC/TARGET_NRF5/source/btle/btle_discovery.o
                0x000000000001c054                bleGattcEventHandler(ble_evt_t const*)
 .text.sd_ble_gap_tx_power_set
                0x000000000001c1cc        0x4 ./BUILD/NRF51_DK/GCC_ARM/mbed-os/features/FEATURE_BLE/targets/TARGET_NORDIC/TARGET_NRF5/source/btle/btle_gap.o
 .text.sd_ble_gap_appearance_set
                0x000000000001c1d0        0x4 ./BUILD/NRF51_DK/GCC_ARM/mbed-os/features/FEATURE_BLE/targets/TARGET_NORDIC/TARGET_NRF5/source/btle/btle_gap.o
 .text.sd_ble_gap_ppcp_set
                0x000000000001c1d4        0x4 ./BUILD/NRF51_DK/GCC_ARM/mbed-os/features/FEATURE_BLE/targets/TARGET_NORDIC/TARGET_NRF5/source/btle/btle_gap.o
 .text.sd_ble_gap_device_name_set
                0x000000000001c1d8        0x4 ./BUILD/NRF51_DK/GCC_ARM/mbed-os/features/FEATURE_BLE/targets/TARGET_NORDIC/TARGET_NRF5/source/btle/btle_gap.o
 .text._Z13btle_gap_initv
                0x000000000001c1dc       0x64 ./BUILD/NRF51_DK/GCC_ARM/mbed-os/features/FEATURE_BLE/targets/TARGET_NORDIC/TARGET_NRF5/source/btle/btle_gap.o
                0x000000000001c1dc                btle_gap_init()
 .text.sd_ble_gap_conn_sec_get
                0x000000000001c240        0x4 ./BUILD/NRF51_DK/GCC_ARM/mbed-os/features/FEATURE_BLE/targets/TARGET_NORDIC/TARGET_NRF5/source/btle/btle_security_pm.o
 .text.sd_ble_opt_set
                0x000000000001c244        0x4 ./BUILD/NRF51_DK/GCC_ARM/mbed-os/features/FEATURE_BLE/targets/TARGET_NORDIC/TARGET_NRF5/source/btle/btle_security_pm.o
 .text._ZL10pm_handlerPK8pm_evt_t
                0x000000000001c248      0x120 ./BUILD/NRF51_DK/GCC_ARM/mbed-os/features/FEATURE_BLE/targets/TARGET_NORDIC/TARGET_NRF5/source/btle/btle_security_pm.o
 .text._Z27btle_hasInitializedSecurityv
                0x000000000001c368        0xc ./BUILD/NRF51_DK/GCC_ARM/mbed-os/features/FEATURE_BLE/targets/TARGET_NORDIC/TARGET_NRF5/source/btle/btle_security_pm.o
                0x000000000001c368                btle_hasInitializedSecurity()
 .text._Z23btle_initializeSecuritybbN15SecurityManager24SecurityIOCapabilities_tEPKh
                0x000000000001c374       0xb0 ./BUILD/NRF51_DK/GCC_ARM/mbed-os/features/FEATURE_BLE/targets/TARGET_NORDIC/TARGET_NRF5/source/btle/btle_security_pm.o
                0x000000000001c374                btle_initializeSecurity(bool, bool, SecurityManager::SecurityIOCapabilities_t, unsigned char const*)
 .text._Z25btle_purgeAllBondingStatev
                0x000000000001c424       0x2c ./BUILD/NRF51_DK/GCC_ARM/mbed-os/features/FEATURE_BLE/targets/TARGET_NORDIC/TARGET_NRF5/source/btle/btle_security_pm.o
                0x000000000001c424                btle_purgeAllBondingState()
 .text._Z20btle_getLinkSecuritytPN15SecurityManager20LinkSecurityStatus_tE
                0x000000000001c450       0x54 ./BUILD/NRF51_DK/GCC_ARM/mbed-os/features/FEATURE_BLE/targets/TARGET_NORDIC/TARGET_NRF5/source/btle/btle_security_pm.o
                0x000000000001c450                btle_getLinkSecurity(unsigned short, SecurityManager::LinkSecurityStatus_t*)
 .text._Z20btle_setLinkSecuritytN15SecurityManager14SecurityMode_tE
                0x000000000001c4a4       0x6c ./BUILD/NRF51_DK/GCC_ARM/mbed-os/features/FEATURE_BLE/targets/TARGET_NORDIC/TARGET_NRF5/source/btle/btle_security_pm.o
                0x000000000001c4a4                btle_setLinkSecurity(unsigned short, SecurityManager::SecurityMode_t)
 .text._Z33btle_createWhitelistFromBondTableP19ble_gap_whitelist_t
                0x000000000001c510       0x2c ./BUILD/NRF51_DK/GCC_ARM/mbed-os/features/FEATURE_BLE/targets/TARGET_NORDIC/TARGET_NRF5/source/btle/btle_security_pm.o
                0x000000000001c510                btle_createWhitelistFromBondTable(ble_gap_whitelist_t*)
 .text._Z23btle_matchAddressAndIrkPK14ble_gap_addr_tPK13ble_gap_irk_t
                0x000000000001c53c        0x8 ./BUILD/NRF51_DK/GCC_ARM/mbed-os/features/FEATURE_BLE/targets/TARGET_NORDIC/TARGET_NRF5/source/btle/btle_security_pm.o
                0x000000000001c53c                btle_matchAddressAndIrk(ble_gap_addr_t const*, ble_gap_irk_t const*)
 .text._Z30btle_generateResolvableAddressRK13ble_gap_irk_tR14ble_gap_addr_t
                0x000000000001c544       0x1c ./BUILD/NRF51_DK/GCC_ARM/mbed-os/features/FEATURE_BLE/targets/TARGET_NORDIC/TARGET_NRF5/source/btle/btle_security_pm.o
                0x000000000001c544                btle_generateResolvableAddress(ble_gap_irk_t const&, ble_gap_addr_t&)
 .text.sd_ble_gatts_characteristic_add
                0x000000000001c560        0x4 ./BUILD/NRF51_DK/GCC_ARM/mbed-os/features/FEATURE_BLE/targets/TARGET_NORDIC/TARGET_NRF5/source/btle/custom/custom_helper.o
 .text.sd_ble_gatts_descriptor_add
                0x000000000001c564        0x4 ./BUILD/NRF51_DK/GCC_ARM/mbed-os/features/FEATURE_BLE/targets/TARGET_NORDIC/TARGET_NRF5/source/btle/custom/custom_helper.o
 .text.sd_ble_uuid_vs_add
                0x000000000001c568        0x4 ./BUILD/NRF51_DK/GCC_ARM/mbed-os/features/FEATURE_BLE/targets/TARGET_NORDIC/TARGET_NRF5/source/btle/custom/custom_helper.o
 .text.custom_reset_128bits_uuid_table
                0x000000000001c56c        0xc ./BUILD/NRF51_DK/GCC_ARM/mbed-os/features/FEATURE_BLE/targets/TARGET_NORDIC/TARGET_NRF5/source/btle/custom/custom_helper.o
                0x000000000001c56c                custom_reset_128bits_uuid_table
 .text.custom_add_uuid_base
                0x000000000001c578       0x2e ./BUILD/NRF51_DK/GCC_ARM/mbed-os/features/FEATURE_BLE/targets/TARGET_NORDIC/TARGET_NRF5/source/btle/custom/custom_helper.o
                0x000000000001c578                custom_add_uuid_base
 *fill*         0x000000000001c5a6        0x2 
 .text.custom_convert_to_nordic_uuid
                0x000000000001c5a8       0xb4 ./BUILD/NRF51_DK/GCC_ARM/mbed-os/features/FEATURE_BLE/targets/TARGET_NORDIC/TARGET_NRF5/source/btle/custom/custom_helper.o
                0x000000000001c5a8                custom_convert_to_nordic_uuid
 .text.custom_add_in_characteristic
                0x000000000001c65c      0x186 ./BUILD/NRF51_DK/GCC_ARM/mbed-os/features/FEATURE_BLE/targets/TARGET_NORDIC/TARGET_NRF5/source/btle/custom/custom_helper.o
                0x000000000001c65c                custom_add_in_characteristic
 .text.custom_add_in_descriptor
                0x000000000001c7e2       0x6a ./BUILD/NRF51_DK/GCC_ARM/mbed-os/features/FEATURE_BLE/targets/TARGET_NORDIC/TARGET_NRF5/source/btle/custom/custom_helper.o
                0x000000000001c7e2                custom_add_in_descriptor
 .text.sd_ble_gattc_descriptors_discover
                0x000000000001c84c        0x4 ./BUILD/NRF51_DK/GCC_ARM/mbed-os/features/FEATURE_BLE/targets/TARGET_NORDIC/TARGET_NRF5/source/nRF5xCharacteristicDescriptorDiscoverer.o
 .text.sd_ble_gattc_attr_info_discover
                0x000000000001c850        0x4 ./BUILD/NRF51_DK/GCC_ARM/mbed-os/features/FEATURE_BLE/targets/TARGET_NORDIC/TARGET_NRF5/source/nRF5xCharacteristicDescriptorDiscoverer.o
 .text._ZN26FunctionPointerWithContextIPKN33CharacteristicDescriptorDiscovery25DiscoveryCallbackParams_tEE14functioncallerEPKS4_S3_
                0x000000000001c854        0xe ./BUILD/NRF51_DK/GCC_ARM/mbed-os/features/FEATURE_BLE/targets/TARGET_NORDIC/TARGET_NRF5/source/nRF5xCharacteristicDescriptorDiscoverer.o
                0x000000000001c854                FunctionPointerWithContext<CharacteristicDescriptorDiscovery::DiscoveryCallbackParams_t const*>::functioncaller(FunctionPointerWithContext<CharacteristicDescriptorDiscovery::DiscoveryCallbackParams_t const*> const*, CharacteristicDescriptorDiscovery::DiscoveryCallbackParams_t const*)
 .text._ZN26FunctionPointerWithContextIPKN33CharacteristicDescriptorDiscovery27TerminationCallbackParams_tEE14functioncallerEPKS4_S3_
                0x000000000001c862        0xe ./BUILD/NRF51_DK/GCC_ARM/mbed-os/features/FEATURE_BLE/targets/TARGET_NORDIC/TARGET_NRF5/source/nRF5xCharacteristicDescriptorDiscoverer.o
                0x000000000001c862                FunctionPointerWithContext<CharacteristicDescriptorDiscovery::TerminationCallbackParams_t const*>::functioncaller(FunctionPointerWithContext<CharacteristicDescriptorDiscovery::TerminationCallbackParams_t const*> const*, CharacteristicDescriptorDiscovery::TerminationCallbackParams_t const*)
 .text._ZeqRK24DiscoveredCharacteristicS1_
                0x000000000001c870       0x68 ./BUILD/NRF51_DK/GCC_ARM/mbed-os/features/FEATURE_BLE/targets/TARGET_NORDIC/TARGET_NRF5/source/nRF5xCharacteristicDescriptorDiscoverer.o
                0x000000000001c870                operator==(DiscoveredCharacteristic const&, DiscoveredCharacteristic const&)
 .text._ZN39nRF5xCharacteristicDescriptorDiscoverer9DiscoveryaSERKS0_
                0x000000000001c8d8       0x34 ./BUILD/NRF51_DK/GCC_ARM/mbed-os/features/FEATURE_BLE/targets/TARGET_NORDIC/TARGET_NRF5/source/nRF5xCharacteristicDescriptorDiscoverer.o
                0x000000000001c8d8                nRF5xCharacteristicDescriptorDiscoverer::Discovery::operator=(nRF5xCharacteristicDescriptorDiscoverer::Discovery const&)
 .text._ZNK39nRF5xCharacteristicDescriptorDiscoverer8isActiveERK24DiscoveredCharacteristic
                0x000000000001c90c       0x1e ./BUILD/NRF51_DK/GCC_ARM/mbed-os/features/FEATURE_BLE/targets/TARGET_NORDIC/TARGET_NRF5/source/nRF5xCharacteristicDescriptorDiscoverer.o
                0x000000000001c90c                nRF5xCharacteristicDescriptorDiscoverer::isActive(DiscoveredCharacteristic const&) const
 .text._ZN24DiscoveredCharacteristicC2ERKS_
                0x000000000001c92a       0x34 ./BUILD/NRF51_DK/GCC_ARM/mbed-os/features/FEATURE_BLE/targets/TARGET_NORDIC/TARGET_NRF5/source/nRF5xCharacteristicDescriptorDiscoverer.o
                0x000000000001c92a                DiscoveredCharacteristic::DiscoveredCharacteristic(DiscoveredCharacteristic const&)
                0x000000000001c92a                DiscoveredCharacteristic::DiscoveredCharacteristic(DiscoveredCharacteristic const&)
 *fill*         0x000000000001c95e        0x2 
 .text._ZN39nRF5xCharacteristicDescriptorDiscoverer26gattc_descriptors_discoverEttt
                0x000000000001c960       0x38 ./BUILD/NRF51_DK/GCC_ARM/mbed-os/features/FEATURE_BLE/targets/TARGET_NORDIC/TARGET_NRF5/source/nRF5xCharacteristicDescriptorDiscoverer.o
                0x000000000001c960                nRF5xCharacteristicDescriptorDiscoverer::gattc_descriptors_discover(unsigned short, unsigned short, unsigned short)
 .text._ZN39nRF5xCharacteristicDescriptorDiscoverer24gattc_attr_info_discoverEttt
                0x000000000001c998       0x3c ./BUILD/NRF51_DK/GCC_ARM/mbed-os/features/FEATURE_BLE/targets/TARGET_NORDIC/TARGET_NRF5/source/nRF5xCharacteristicDescriptorDiscoverer.o
                0x000000000001c998                nRF5xCharacteristicDescriptorDiscoverer::gattc_attr_info_discover(unsigned short, unsigned short, unsigned short)
 .text._ZN39nRF5xCharacteristicDescriptorDiscoverer9DiscoveryC2Ev
                0x000000000001c9d4       0x4c ./BUILD/NRF51_DK/GCC_ARM/mbed-os/features/FEATURE_BLE/targets/TARGET_NORDIC/TARGET_NRF5/source/nRF5xCharacteristicDescriptorDiscoverer.o
                0x000000000001c9d4                nRF5xCharacteristicDescriptorDiscoverer::Discovery::Discovery()
                0x000000000001c9d4                nRF5xCharacteristicDescriptorDiscoverer::Discovery::Discovery()
 .text._ZN39nRF5xCharacteristicDescriptorDiscovererC2Ev
                0x000000000001ca20       0x1c ./BUILD/NRF51_DK/GCC_ARM/mbed-os/features/FEATURE_BLE/targets/TARGET_NORDIC/TARGET_NRF5/source/nRF5xCharacteristicDescriptorDiscoverer.o
                0x000000000001ca20                nRF5xCharacteristicDescriptorDiscoverer::nRF5xCharacteristicDescriptorDiscoverer()
                0x000000000001ca20                nRF5xCharacteristicDescriptorDiscoverer::nRF5xCharacteristicDescriptorDiscoverer()
 .text._ZN39nRF5xCharacteristicDescriptorDiscoverer9DiscoveryC2ERK24DiscoveredCharacteristicRK26FunctionPointerWithContextIPKN33CharacteristicDescriptorDiscovery25DiscoveryCallbackParams_tEERKS4_IPKNS5_27TerminationCallbackParams_tEE
                0x000000000001ca3c       0x32 ./BUILD/NRF51_DK/GCC_ARM/mbed-os/features/FEATURE_BLE/targets/TARGET_NORDIC/TARGET_NRF5/source/nRF5xCharacteristicDescriptorDiscoverer.o
                0x000000000001ca3c                nRF5xCharacteristicDescriptorDiscoverer::Discovery::Discovery(DiscoveredCharacteristic const&, FunctionPointerWithContext<CharacteristicDescriptorDiscovery::DiscoveryCallbackParams_t const*> const&, FunctionPointerWithContext<CharacteristicDescriptorDiscovery::TerminationCallbackParams_t const*> const&)
                0x000000000001ca3c                nRF5xCharacteristicDescriptorDiscoverer::Discovery::Discovery(DiscoveredCharacteristic const&, FunctionPointerWithContext<CharacteristicDescriptorDiscovery::DiscoveryCallbackParams_t const*> const&, FunctionPointerWithContext<CharacteristicDescriptorDiscovery::TerminationCallbackParams_t const*> const&)
 .text._ZN39nRF5xCharacteristicDescriptorDiscoverer9Discovery7processEtRK4UUID
                0x000000000001ca6e       0x3a ./BUILD/NRF51_DK/GCC_ARM/mbed-os/features/FEATURE_BLE/targets/TARGET_NORDIC/TARGET_NRF5/source/nRF5xCharacteristicDescriptorDiscoverer.o
                0x000000000001ca6e                nRF5xCharacteristicDescriptorDiscoverer::Discovery::process(unsigned short, UUID const&)
 .text._ZN39nRF5xCharacteristicDescriptorDiscoverer9Discovery9terminateE11ble_error_t
                0x000000000001caa8       0x14 ./BUILD/NRF51_DK/GCC_ARM/mbed-os/features/FEATURE_BLE/targets/TARGET_NORDIC/TARGET_NRF5/source/nRF5xCharacteristicDescriptorDiscoverer.o
                0x000000000001caa8                nRF5xCharacteristicDescriptorDiscoverer::Discovery::terminate(ble_error_t)
 .text._ZN39nRF5xCharacteristicDescriptorDiscoverer9terminateEPNS_9DiscoveryE11ble_error_t
                0x000000000001cabc       0x48 ./BUILD/NRF51_DK/GCC_ARM/mbed-os/features/FEATURE_BLE/targets/TARGET_NORDIC/TARGET_NRF5/source/nRF5xCharacteristicDescriptorDiscoverer.o
                0x000000000001cabc                nRF5xCharacteristicDescriptorDiscoverer::terminate(nRF5xCharacteristicDescriptorDiscoverer::Discovery*, ble_error_t)
 .text._ZNK39nRF5xCharacteristicDescriptorDiscoverer9Discovery7isEmptyEv
                0x000000000001cb04       0x56 ./BUILD/NRF51_DK/GCC_ARM/mbed-os/features/FEATURE_BLE/targets/TARGET_NORDIC/TARGET_NRF5/source/nRF5xCharacteristicDescriptorDiscoverer.o
                0x000000000001cb04                nRF5xCharacteristicDescriptorDiscoverer::Discovery::isEmpty() const
 .text._ZN39nRF5xCharacteristicDescriptorDiscoverer20findRunningDiscoveryERK24DiscoveredCharacteristic
                0x000000000001cb5a       0x2e ./BUILD/NRF51_DK/GCC_ARM/mbed-os/features/FEATURE_BLE/targets/TARGET_NORDIC/TARGET_NRF5/source/nRF5xCharacteristicDescriptorDiscoverer.o
                0x000000000001cb5a                nRF5xCharacteristicDescriptorDiscoverer::findRunningDiscovery(DiscoveredCharacteristic const&)
 .text._ZN39nRF5xCharacteristicDescriptorDiscoverer16requestTerminateERK24DiscoveredCharacteristic
                0x000000000001cb88       0x16 ./BUILD/NRF51_DK/GCC_ARM/mbed-os/features/FEATURE_BLE/targets/TARGET_NORDIC/TARGET_NRF5/source/nRF5xCharacteristicDescriptorDiscoverer.o
                0x000000000001cb88                nRF5xCharacteristicDescriptorDiscoverer::requestTerminate(DiscoveredCharacteristic const&)
 .text._ZN39nRF5xCharacteristicDescriptorDiscoverer20findRunningDiscoveryEt
                0x000000000001cb9e       0x28 ./BUILD/NRF51_DK/GCC_ARM/mbed-os/features/FEATURE_BLE/targets/TARGET_NORDIC/TARGET_NRF5/source/nRF5xCharacteristicDescriptorDiscoverer.o
                0x000000000001cb9e                nRF5xCharacteristicDescriptorDiscoverer::findRunningDiscovery(unsigned short)
 .text._ZN39nRF5xCharacteristicDescriptorDiscoverer9terminateEt11ble_error_t
                0x000000000001cbc6       0x18 ./BUILD/NRF51_DK/GCC_ARM/mbed-os/features/FEATURE_BLE/targets/TARGET_NORDIC/TARGET_NRF5/source/nRF5xCharacteristicDescriptorDiscoverer.o
                0x000000000001cbc6                nRF5xCharacteristicDescriptorDiscoverer::terminate(unsigned short, ble_error_t)
 .text._ZN39nRF5xCharacteristicDescriptorDiscoverer17isConnectionInUseEt
                0x000000000001cbde        0xe ./BUILD/NRF51_DK/GCC_ARM/mbed-os/features/FEATURE_BLE/targets/TARGET_NORDIC/TARGET_NRF5/source/nRF5xCharacteristicDescriptorDiscoverer.o
                0x000000000001cbde                nRF5xCharacteristicDescriptorDiscoverer::isConnectionInUse(unsigned short)
 .text._ZN39nRF5xCharacteristicDescriptorDiscoverer7processEtRK29ble_gattc_evt_desc_disc_rsp_t
                0x000000000001cbec       0x82 ./BUILD/NRF51_DK/GCC_ARM/mbed-os/features/FEATURE_BLE/targets/TARGET_NORDIC/TARGET_NRF5/source/nRF5xCharacteristicDescriptorDiscoverer.o
                0x000000000001cbec                nRF5xCharacteristicDescriptorDiscoverer::process(unsigned short, ble_gattc_evt_desc_disc_rsp_t const&)
 .text._ZN39nRF5xCharacteristicDescriptorDiscoverer27processAttributeInformationEtRK34ble_gattc_evt_attr_info_disc_rsp_t
                0x000000000001cc6e       0xa2 ./BUILD/NRF51_DK/GCC_ARM/mbed-os/features/FEATURE_BLE/targets/TARGET_NORDIC/TARGET_NRF5/source/nRF5xCharacteristicDescriptorDiscoverer.o
                0x000000000001cc6e                nRF5xCharacteristicDescriptorDiscoverer::processAttributeInformation(unsigned short, ble_gattc_evt_attr_info_disc_rsp_t const&)
 .text._ZN39nRF5xCharacteristicDescriptorDiscoverer25getAvailableDiscoverySlotEv
                0x000000000001cd10       0x1e ./BUILD/NRF51_DK/GCC_ARM/mbed-os/features/FEATURE_BLE/targets/TARGET_NORDIC/TARGET_NRF5/source/nRF5xCharacteristicDescriptorDiscoverer.o
                0x000000000001cd10                nRF5xCharacteristicDescriptorDiscoverer::getAvailableDiscoverySlot()
 .text._ZN39nRF5xCharacteristicDescriptorDiscoverer6launchERK24DiscoveredCharacteristicRK26FunctionPointerWithContextIPKN33CharacteristicDescriptorDiscovery25DiscoveryCallbackParams_tEERKS3_IPKNS4_27TerminationCallbackParams_tEE
                0x000000000001cd2e       0x76 ./BUILD/NRF51_DK/GCC_ARM/mbed-os/features/FEATURE_BLE/targets/TARGET_NORDIC/TARGET_NRF5/source/nRF5xCharacteristicDescriptorDiscoverer.o
                0x000000000001cd2e                nRF5xCharacteristicDescriptorDiscoverer::launch(DiscoveredCharacteristic const&, FunctionPointerWithContext<CharacteristicDescriptorDiscovery::DiscoveryCallbackParams_t const*> const&, FunctionPointerWithContext<CharacteristicDescriptorDiscovery::TerminationCallbackParams_t const*> const&)
 .text._ZN29nRF5xDiscoveredCharacteristic5setupEP15nRF5xGattClientt21ble_gatt_char_props_ttt
                0x000000000001cda4       0x6c ./BUILD/NRF51_DK/GCC_ARM/mbed-os/features/FEATURE_BLE/targets/TARGET_NORDIC/TARGET_NRF5/source/nRF5xDiscoveredCharacteristic.o
                0x000000000001cda4                nRF5xDiscoveredCharacteristic::setup(nRF5xGattClient*, unsigned short, ble_gatt_char_props_t, unsigned short, unsigned short)
 .text._ZN29nRF5xDiscoveredCharacteristic5setupEP15nRF5xGattClienttt21ble_gatt_char_props_ttt
                0x000000000001ce10       0x9e ./BUILD/NRF51_DK/GCC_ARM/mbed-os/features/FEATURE_BLE/targets/TARGET_NORDIC/TARGET_NRF5/source/nRF5xDiscoveredCharacteristic.o
                0x000000000001ce10                nRF5xDiscoveredCharacteristic::setup(nRF5xGattClient*, unsigned short, unsigned short, ble_gatt_char_props_t, unsigned short, unsigned short)
 .text.sd_ble_gap_address_set
                0x000000000001ceae        0x4 ./BUILD/NRF51_DK/GCC_ARM/mbed-os/features/FEATURE_BLE/targets/TARGET_NORDIC/TARGET_NRF5/source/nRF5xGap.o
 .text.sd_ble_gap_address_get
                0x000000000001ceb2        0x4 ./BUILD/NRF51_DK/GCC_ARM/mbed-os/features/FEATURE_BLE/targets/TARGET_NORDIC/TARGET_NRF5/source/nRF5xGap.o
 .text.sd_ble_gap_adv_data_set
                0x000000000001ceb6        0x4 ./BUILD/NRF51_DK/GCC_ARM/mbed-os/features/FEATURE_BLE/targets/TARGET_NORDIC/TARGET_NRF5/source/nRF5xGap.o
 .text.sd_ble_gap_adv_start
                0x000000000001ceba        0x4 ./BUILD/NRF51_DK/GCC_ARM/mbed-os/features/FEATURE_BLE/targets/TARGET_NORDIC/TARGET_NRF5/source/nRF5xGap.o
 .text.sd_ble_gap_adv_stop
                0x000000000001cebe        0x4 ./BUILD/NRF51_DK/GCC_ARM/mbed-os/features/FEATURE_BLE/targets/TARGET_NORDIC/TARGET_NRF5/source/nRF5xGap.o
 .text.sd_ble_gap_conn_param_update
                0x000000000001cec2        0x4 ./BUILD/NRF51_DK/GCC_ARM/mbed-os/features/FEATURE_BLE/targets/TARGET_NORDIC/TARGET_NRF5/source/nRF5xGap.o
 .text.sd_ble_gap_disconnect
                0x000000000001cec6        0x4 ./BUILD/NRF51_DK/GCC_ARM/mbed-os/features/FEATURE_BLE/targets/TARGET_NORDIC/TARGET_NRF5/source/nRF5xGap.o
 .text.sd_ble_gap_tx_power_set
                0x000000000001ceca        0x4 ./BUILD/NRF51_DK/GCC_ARM/mbed-os/features/FEATURE_BLE/targets/TARGET_NORDIC/TARGET_NRF5/source/nRF5xGap.o
 .text.sd_ble_gap_appearance_set
                0x000000000001cece        0x4 ./BUILD/NRF51_DK/GCC_ARM/mbed-os/features/FEATURE_BLE/targets/TARGET_NORDIC/TARGET_NRF5/source/nRF5xGap.o
 .text.sd_ble_gap_appearance_get
                0x000000000001ced2        0x4 ./BUILD/NRF51_DK/GCC_ARM/mbed-os/features/FEATURE_BLE/targets/TARGET_NORDIC/TARGET_NRF5/source/nRF5xGap.o
 .text.sd_ble_gap_ppcp_set
                0x000000000001ced6        0x4 ./BUILD/NRF51_DK/GCC_ARM/mbed-os/features/FEATURE_BLE/targets/TARGET_NORDIC/TARGET_NRF5/source/nRF5xGap.o
 .text.sd_ble_gap_ppcp_get
                0x000000000001ceda        0x4 ./BUILD/NRF51_DK/GCC_ARM/mbed-os/features/FEATURE_BLE/targets/TARGET_NORDIC/TARGET_NRF5/source/nRF5xGap.o
 .text.sd_ble_gap_device_name_set
                0x000000000001cede        0x4 ./BUILD/NRF51_DK/GCC_ARM/mbed-os/features/FEATURE_BLE/targets/TARGET_NORDIC/TARGET_NRF5/source/nRF5xGap.o
 .text.sd_ble_gap_device_name_get
                0x000000000001cee2        0x4 ./BUILD/NRF51_DK/GCC_ARM/mbed-os/features/FEATURE_BLE/targets/TARGET_NORDIC/TARGET_NRF5/source/nRF5xGap.o
 .text.sd_ble_gap_scan_start
                0x000000000001cee6        0x4 ./BUILD/NRF51_DK/GCC_ARM/mbed-os/features/FEATURE_BLE/targets/TARGET_NORDIC/TARGET_NRF5/source/nRF5xGap.o
 .text.sd_ble_gap_scan_stop
                0x000000000001ceea        0x4 ./BUILD/NRF51_DK/GCC_ARM/mbed-os/features/FEATURE_BLE/targets/TARGET_NORDIC/TARGET_NRF5/source/nRF5xGap.o
 .text.sd_ble_gap_connect
                0x000000000001ceee        0x4 ./BUILD/NRF51_DK/GCC_ARM/mbed-os/features/FEATURE_BLE/targets/TARGET_NORDIC/TARGET_NRF5/source/nRF5xGap.o
 .text._ZNK8nRF5xGap25getMinAdvertisingIntervalEv
                0x000000000001cef2        0x4 ./BUILD/NRF51_DK/GCC_ARM/mbed-os/features/FEATURE_BLE/targets/TARGET_NORDIC/TARGET_NRF5/source/nRF5xGap.o
                0x000000000001cef2                nRF5xGap::getMinAdvertisingInterval() const
 .text._ZNK8nRF5xGap39getMinNonConnectableAdvertisingIntervalEv
                0x000000000001cef6        0x4 ./BUILD/NRF51_DK/GCC_ARM/mbed-os/features/FEATURE_BLE/targets/TARGET_NORDIC/TARGET_NRF5/source/nRF5xGap.o
                0x000000000001cef6                nRF5xGap::getMinNonConnectableAdvertisingInterval() const
 .text._ZNK8nRF5xGap25getMaxAdvertisingIntervalEv
                0x000000000001cefa        0x6 ./BUILD/NRF51_DK/GCC_ARM/mbed-os/features/FEATURE_BLE/targets/TARGET_NORDIC/TARGET_NRF5/source/nRF5xGap.o
                0x000000000001cefa                nRF5xGap::getMaxAdvertisingInterval() const
 .text._ZN8nRF5xGap8stopScanEv
                0x000000000001cf00       0x10 ./BUILD/NRF51_DK/GCC_ARM/mbed-os/features/FEATURE_BLE/targets/TARGET_NORDIC/TARGET_NRF5/source/nRF5xGap.o
                0x000000000001cf00                nRF5xGap::stopScan()
 .text._ZN8nRF5xGap15stopAdvertisingEv
                0x000000000001cf10       0x1e ./BUILD/NRF51_DK/GCC_ARM/mbed-os/features/FEATURE_BLE/targets/TARGET_NORDIC/TARGET_NRF5/source/nRF5xGap.o
                0x000000000001cf10                nRF5xGap::stopAdvertising()
 .text._ZN8nRF5xGap10disconnectEtN3Gap21DisconnectionReason_tE
                0x000000000001cf2e       0x1e ./BUILD/NRF51_DK/GCC_ARM/mbed-os/features/FEATURE_BLE/targets/TARGET_NORDIC/TARGET_NRF5/source/nRF5xGap.o
                0x000000000001cf2e                nRF5xGap::disconnect(unsigned short, Gap::DisconnectionReason_t)
 .text._ZN8nRF5xGap10disconnectEN3Gap21DisconnectionReason_tE
                0x000000000001cf4c       0x12 ./BUILD/NRF51_DK/GCC_ARM/mbed-os/features/FEATURE_BLE/targets/TARGET_NORDIC/TARGET_NRF5/source/nRF5xGap.o
                0x000000000001cf4c                nRF5xGap::disconnect(Gap::DisconnectionReason_t)
 .text._ZN8nRF5xGap28getPreferredConnectionParamsEPN3Gap18ConnectionParams_tE
                0x000000000001cf5e       0x16 ./BUILD/NRF51_DK/GCC_ARM/mbed-os/features/FEATURE_BLE/targets/TARGET_NORDIC/TARGET_NRF5/source/nRF5xGap.o
                0x000000000001cf5e                nRF5xGap::getPreferredConnectionParams(Gap::ConnectionParams_t*)
 .text._ZN8nRF5xGap28setPreferredConnectionParamsEPKN3Gap18ConnectionParams_tE
                0x000000000001cf74       0x16 ./BUILD/NRF51_DK/GCC_ARM/mbed-os/features/FEATURE_BLE/targets/TARGET_NORDIC/TARGET_NRF5/source/nRF5xGap.o
                0x000000000001cf74                nRF5xGap::setPreferredConnectionParams(Gap::ConnectionParams_t const*)
 .text._ZN8nRF5xGap22updateConnectionParamsEtPKN3Gap18ConnectionParams_tE
                0x000000000001cf8a       0x14 ./BUILD/NRF51_DK/GCC_ARM/mbed-os/features/FEATURE_BLE/targets/TARGET_NORDIC/TARGET_NRF5/source/nRF5xGap.o
                0x000000000001cf8a                nRF5xGap::updateConnectionParams(unsigned short, Gap::ConnectionParams_t const*)
 .text._ZN8nRF5xGap13getDeviceNameEPhPj
                0x000000000001cf9e       0x14 ./BUILD/NRF51_DK/GCC_ARM/mbed-os/features/FEATURE_BLE/targets/TARGET_NORDIC/TARGET_NRF5/source/nRF5xGap.o
                0x000000000001cf9e                nRF5xGap::getDeviceName(unsigned char*, unsigned int*)
 .text._ZN8nRF5xGap13setAppearanceEN18GapAdvertisingData12Appearance_tE
                0x000000000001cfb2       0x12 ./BUILD/NRF51_DK/GCC_ARM/mbed-os/features/FEATURE_BLE/targets/TARGET_NORDIC/TARGET_NRF5/source/nRF5xGap.o
                0x000000000001cfb2                nRF5xGap::setAppearance(GapAdvertisingData::Appearance_t)
 .text._ZN8nRF5xGap13getAppearanceEPN18GapAdvertisingData12Appearance_tE
                0x000000000001cfc4       0x12 ./BUILD/NRF51_DK/GCC_ARM/mbed-os/features/FEATURE_BLE/targets/TARGET_NORDIC/TARGET_NRF5/source/nRF5xGap.o
                0x000000000001cfc4                nRF5xGap::getAppearance(GapAdvertisingData::Appearance_t*)
 .text._ZN8nRF5xGap10setTxPowerEa
                0x000000000001cfd6       0x1a ./BUILD/NRF51_DK/GCC_ARM/mbed-os/features/FEATURE_BLE/targets/TARGET_NORDIC/TARGET_NRF5/source/nRF5xGap.o
                0x000000000001cfd6                nRF5xGap::setTxPower(signed char)
 .text._ZN8nRF5xGap25getPermittedTxPowerValuesEPPKaPj
                0x000000000001cff0       0x10 ./BUILD/NRF51_DK/GCC_ARM/mbed-os/features/FEATURE_BLE/targets/TARGET_NORDIC/TARGET_NRF5/source/nRF5xGap.o
                0x000000000001cff0                nRF5xGap::getPermittedTxPowerValues(signed char const**, unsigned int*)
 .text._ZNK8nRF5xGap19getMaxWhitelistSizeEv
                0x000000000001d000        0x4 ./BUILD/NRF51_DK/GCC_ARM/mbed-os/features/FEATURE_BLE/targets/TARGET_NORDIC/TARGET_NRF5/source/nRF5xGap.o
                0x000000000001d000                nRF5xGap::getMaxWhitelistSize() const
 .text._ZN8nRF5xGap24setAdvertisingPolicyModeEN3Gap23AdvertisingPolicyMode_tE
                0x000000000001d004        0x8 ./BUILD/NRF51_DK/GCC_ARM/mbed-os/features/FEATURE_BLE/targets/TARGET_NORDIC/TARGET_NRF5/source/nRF5xGap.o
                0x000000000001d004                nRF5xGap::setAdvertisingPolicyMode(Gap::AdvertisingPolicyMode_t)
 .text._ZN8nRF5xGap21setScanningPolicyModeEN3Gap20ScanningPolicyMode_tE
                0x000000000001d00c        0x8 ./BUILD/NRF51_DK/GCC_ARM/mbed-os/features/FEATURE_BLE/targets/TARGET_NORDIC/TARGET_NRF5/source/nRF5xGap.o
                0x000000000001d00c                nRF5xGap::setScanningPolicyMode(Gap::ScanningPolicyMode_t)
 .text._ZN8nRF5xGap22setInitiatorPolicyModeEN3Gap21InitiatorPolicyMode_tE
                0x000000000001d014        0x4 ./BUILD/NRF51_DK/GCC_ARM/mbed-os/features/FEATURE_BLE/targets/TARGET_NORDIC/TARGET_NRF5/source/nRF5xGap.o
                0x000000000001d014                nRF5xGap::setInitiatorPolicyMode(Gap::InitiatorPolicyMode_t)
 .text._ZNK8nRF5xGap24getAdvertisingPolicyModeEv
                0x000000000001d018        0x6 ./BUILD/NRF51_DK/GCC_ARM/mbed-os/features/FEATURE_BLE/targets/TARGET_NORDIC/TARGET_NRF5/source/nRF5xGap.o
                0x000000000001d018                nRF5xGap::getAdvertisingPolicyMode() const
 .text._ZNK8nRF5xGap21getScanningPolicyModeEv
                0x000000000001d01e        0x6 ./BUILD/NRF51_DK/GCC_ARM/mbed-os/features/FEATURE_BLE/targets/TARGET_NORDIC/TARGET_NRF5/source/nRF5xGap.o
                0x000000000001d01e                nRF5xGap::getScanningPolicyMode() const
 .text._ZNK8nRF5xGap22getInitiatorPolicyModeEv
                0x000000000001d024        0x4 ./BUILD/NRF51_DK/GCC_ARM/mbed-os/features/FEATURE_BLE/targets/TARGET_NORDIC/TARGET_NRF5/source/nRF5xGap.o
                0x000000000001d024                nRF5xGap::getInitiatorPolicyMode() const
 .text._ZN26FunctionPointerWithContextIPKN3Gap29AdvertisementCallbackParams_tEE14functioncallerEPKS4_S3_
                0x000000000001d028        0xe ./BUILD/NRF51_DK/GCC_ARM/mbed-os/features/FEATURE_BLE/targets/TARGET_NORDIC/TARGET_NRF5/source/nRF5xGap.o
                0x000000000001d028                FunctionPointerWithContext<Gap::AdvertisementCallbackParams_t const*>::functioncaller(FunctionPointerWithContext<Gap::AdvertisementCallbackParams_t const*> const*, Gap::AdvertisementCallbackParams_t const*)
 .text._ZN26FunctionPointerWithContextIbE14functioncallerEPKS0_b
                0x000000000001d036        0xe ./BUILD/NRF51_DK/GCC_ARM/mbed-os/features/FEATURE_BLE/targets/TARGET_NORDIC/TARGET_NRF5/source/nRF5xGap.o
                0x000000000001d036                FunctionPointerWithContext<bool>::functioncaller(FunctionPointerWithContext<bool> const*, bool)
 .text._ZN8nRF5xGap29postRadioNotificationCallbackEv
                0x000000000001d044       0x12 ./BUILD/NRF51_DK/GCC_ARM/mbed-os/features/FEATURE_BLE/targets/TARGET_NORDIC/TARGET_NRF5/source/nRF5xGap.o
                0x000000000001d044                nRF5xGap::postRadioNotificationCallback()
 .text._ZN4mbed8CallbackIFvvEE13function_moveINS2_14method_contextI8nRF5xGapMS5_FvvEEEEEvPvPKv
                0x000000000001d056        0xc ./BUILD/NRF51_DK/GCC_ARM/mbed-os/features/FEATURE_BLE/targets/TARGET_NORDIC/TARGET_NRF5/source/nRF5xGap.o
                0x000000000001d056                void mbed::Callback<void ()>::function_move<mbed::Callback<void ()>::method_context<nRF5xGap, void (nRF5xGap::*)()> >(void*, void const*)
 .text._ZN4mbed8CallbackIFvvEE13function_dtorINS2_14method_contextI8nRF5xGapMS5_FvvEEEEEvPv
                0x000000000001d062        0x2 ./BUILD/NRF51_DK/GCC_ARM/mbed-os/features/FEATURE_BLE/targets/TARGET_NORDIC/TARGET_NRF5/source/nRF5xGap.o
                0x000000000001d062                void mbed::Callback<void ()>::function_dtor<mbed::Callback<void ()>::method_context<nRF5xGap, void (nRF5xGap::*)()> >(void*)
 .text._ZN4mbed8CallbackIFvvEE13function_callINS2_14method_contextI8nRF5xGapMS5_FvvEEEEEvPKv
                0x000000000001d064       0x18 ./BUILD/NRF51_DK/GCC_ARM/mbed-os/features/FEATURE_BLE/targets/TARGET_NORDIC/TARGET_NRF5/source/nRF5xGap.o
                0x000000000001d064                void mbed::Callback<void ()>::function_call<mbed::Callback<void ()>::method_context<nRF5xGap, void (nRF5xGap::*)()> >(void const*)
 .text._ZN8nRF5xGap10setAddressEN11BLEProtocol11AddressType4TypeEPKh
                0x000000000001d07c       0x34 ./BUILD/NRF51_DK/GCC_ARM/mbed-os/features/FEATURE_BLE/targets/TARGET_NORDIC/TARGET_NRF5/source/nRF5xGap.o
                0x000000000001d07c                nRF5xGap::setAddress(BLEProtocol::AddressType::Type, unsigned char const*)
 .text._ZN8nRF5xGap10getAddressEPN11BLEProtocol11AddressType4TypeEPh
                0x000000000001d0b0       0x32 ./BUILD/NRF51_DK/GCC_ARM/mbed-os/features/FEATURE_BLE/targets/TARGET_NORDIC/TARGET_NRF5/source/nRF5xGap.o
                0x000000000001d0b0                nRF5xGap::getAddress(BLEProtocol::AddressType::Type*, unsigned char*)
 .text._ZNK8nRF5xGap12getWhitelistERN3Gap11Whitelist_tE
                0x000000000001d0e2       0x3a ./BUILD/NRF51_DK/GCC_ARM/mbed-os/features/FEATURE_BLE/targets/TARGET_NORDIC/TARGET_NRF5/source/nRF5xGap.o
                0x000000000001d0e2                nRF5xGap::getWhitelist(Gap::Whitelist_t&) const
 .text._ZN8nRF5xGap13setDeviceNameEPKh
                0x000000000001d11c       0x24 ./BUILD/NRF51_DK/GCC_ARM/mbed-os/features/FEATURE_BLE/targets/TARGET_NORDIC/TARGET_NRF5/source/nRF5xGap.o
                0x000000000001d11c                nRF5xGap::setDeviceName(unsigned char const*)
 .text._ZN8nRF5xGap21initRadioNotificationEv
                0x000000000001d140       0x1c ./BUILD/NRF51_DK/GCC_ARM/mbed-os/features/FEATURE_BLE/targets/TARGET_NORDIC/TARGET_NRF5/source/nRF5xGap.o
                0x000000000001d140                nRF5xGap::initRadioNotification()
 .text._ZN8nRF5xGap12setWhitelistERKN3Gap11Whitelist_tE
                0x000000000001d15c       0x6c ./BUILD/NRF51_DK/GCC_ARM/mbed-os/features/FEATURE_BLE/targets/TARGET_NORDIC/TARGET_NRF5/source/nRF5xGap.o
                0x000000000001d15c                nRF5xGap::setWhitelist(Gap::Whitelist_t const&)
 .text._ZN8nRF5xGap18setAdvertisingDataERK18GapAdvertisingDataS2_
                0x000000000001d1c8       0x2c ./BUILD/NRF51_DK/GCC_ARM/mbed-os/features/FEATURE_BLE/targets/TARGET_NORDIC/TARGET_NRF5/source/nRF5xGap.o
                0x000000000001d1c8                nRF5xGap::setAdvertisingData(GapAdvertisingData const&, GapAdvertisingData const&)
 .text._ZN3Gap5resetEv
                0x000000000001d1f4       0xf4 ./BUILD/NRF51_DK/GCC_ARM/mbed-os/features/FEATURE_BLE/targets/TARGET_NORDIC/TARGET_NRF5/source/nRF5xGap.o
                0x000000000001d1f4                Gap::reset()
 .text._ZN8nRF5xGap5resetEv
                0x000000000001d2e8       0x28 ./BUILD/NRF51_DK/GCC_ARM/mbed-os/features/FEATURE_BLE/targets/TARGET_NORDIC/TARGET_NRF5/source/nRF5xGap.o
                0x000000000001d2e8                nRF5xGap::reset()
 .text._ZN8nRF5xGap19setConnectionHandleEt
                0x000000000001d310        0x6 ./BUILD/NRF51_DK/GCC_ARM/mbed-os/features/FEATURE_BLE/targets/TARGET_NORDIC/TARGET_NRF5/source/nRF5xGap.o
                0x000000000001d310                nRF5xGap::setConnectionHandle(unsigned short)
 .text._ZN8nRF5xGap19getConnectionHandleEv
                0x000000000001d316        0x6 ./BUILD/NRF51_DK/GCC_ARM/mbed-os/features/FEATURE_BLE/targets/TARGET_NORDIC/TARGET_NRF5/source/nRF5xGap.o
                0x000000000001d316                nRF5xGap::getConnectionHandle()
 .text._ZN8nRF5xGap22generateStackWhitelistER19ble_gap_whitelist_t
                0x000000000001d31c       0xe0 ./BUILD/NRF51_DK/GCC_ARM/mbed-os/features/FEATURE_BLE/targets/TARGET_NORDIC/TARGET_NRF5/source/nRF5xGap.o
                0x000000000001d31c                nRF5xGap::generateStackWhitelist(ble_gap_whitelist_t&)
 .text._ZN8nRF5xGap16startAdvertisingERK20GapAdvertisingParams
                0x000000000001d3fc       0xa0 ./BUILD/NRF51_DK/GCC_ARM/mbed-os/features/FEATURE_BLE/targets/TARGET_NORDIC/TARGET_NRF5/source/nRF5xGap.o
                0x000000000001d3fc                nRF5xGap::startAdvertising(GapAdvertisingParams const&)
 .text._ZN8nRF5xGap14startRadioScanERK17GapScanningParams
                0x000000000001d49c       0x6c ./BUILD/NRF51_DK/GCC_ARM/mbed-os/features/FEATURE_BLE/targets/TARGET_NORDIC/TARGET_NRF5/source/nRF5xGap.o
                0x000000000001d49c                nRF5xGap::startRadioScan(GapScanningParams const&)
 .text._ZN8nRF5xGap7connectEPKhN11BLEProtocol11AddressType4TypeEPKN3Gap18ConnectionParams_tEPK17GapScanningParams
                0x000000000001d508       0xec ./BUILD/NRF51_DK/GCC_ARM/mbed-os/features/FEATURE_BLE/targets/TARGET_NORDIC/TARGET_NRF5/source/nRF5xGap.o
                0x000000000001d508                nRF5xGap::connect(unsigned char const*, BLEProtocol::AddressType::Type, Gap::ConnectionParams_t const*, GapScanningParams const*)
 .text._ZN8nRF5xGap29processRadioNotificationEventEb
                0x000000000001d5f4       0x58 ./BUILD/NRF51_DK/GCC_ARM/mbed-os/features/FEATURE_BLE/targets/TARGET_NORDIC/TARGET_NRF5/source/nRF5xGap.o
                0x000000000001d5f4                nRF5xGap::processRadioNotificationEvent(bool)
 .text._Z31radioNotificationStaticCallbackb
                0x000000000001d64c       0x18 ./BUILD/NRF51_DK/GCC_ARM/mbed-os/features/FEATURE_BLE/targets/TARGET_NORDIC/TARGET_NRF5/source/nRF5xGap.o
                0x000000000001d64c                radioNotificationStaticCallback(bool)
 .text._ZN10GattClient16discoverServicesEt26FunctionPointerWithContextIPK17DiscoveredServiceEtt
                0x000000000001d664        0x4 ./BUILD/NRF51_DK/GCC_ARM/mbed-os/features/FEATURE_BLE/targets/TARGET_NORDIC/TARGET_NRF5/source/nRF5xGattClient.o
                0x000000000001d664                GattClient::discoverServices(unsigned short, FunctionPointerWithContext<DiscoveredService const*>, unsigned short, unsigned short)
 .text._ZNK10GattClient41isCharacteristicDescriptorDiscoveryActiveERK24DiscoveredCharacteristic
                0x000000000001d668        0x4 ./BUILD/NRF51_DK/GCC_ARM/mbed-os/features/FEATURE_BLE/targets/TARGET_NORDIC/TARGET_NRF5/source/nRF5xGattClient.o
                0x000000000001d668                GattClient::isCharacteristicDescriptorDiscoveryActive(DiscoveredCharacteristic const&) const
 .text._ZN10GattClient42terminateCharacteristicDescriptorDiscoveryERK24DiscoveredCharacteristic
                0x000000000001d66c        0x2 ./BUILD/NRF51_DK/GCC_ARM/mbed-os/features/FEATURE_BLE/targets/TARGET_NORDIC/TARGET_NRF5/source/nRF5xGattClient.o
                0x000000000001d66c                GattClient::terminateCharacteristicDescriptorDiscovery(DiscoveredCharacteristic const&)
 .text.sd_ble_gattc_primary_services_discover
                0x000000000001d66e        0x4 ./BUILD/NRF51_DK/GCC_ARM/mbed-os/features/FEATURE_BLE/targets/TARGET_NORDIC/TARGET_NRF5/source/nRF5xGattClient.o
 .text.sd_ble_gattc_read
                0x000000000001d672        0x4 ./BUILD/NRF51_DK/GCC_ARM/mbed-os/features/FEATURE_BLE/targets/TARGET_NORDIC/TARGET_NRF5/source/nRF5xGattClient.o
 .text.sd_ble_gattc_write
                0x000000000001d676        0x4 ./BUILD/NRF51_DK/GCC_ARM/mbed-os/features/FEATURE_BLE/targets/TARGET_NORDIC/TARGET_NRF5/source/nRF5xGattClient.o
 .text._ZNK15nRF5xGattClient24isServiceDiscoveryActiveEv
                0x000000000001d67a        0xc ./BUILD/NRF51_DK/GCC_ARM/mbed-os/features/FEATURE_BLE/targets/TARGET_NORDIC/TARGET_NRF5/source/nRF5xGattClient.o
                0x000000000001d67a                nRF5xGattClient::isServiceDiscoveryActive() const
 .text._ZNK15nRF5xGattClient4readEttt
                0x000000000001d686       0x1e ./BUILD/NRF51_DK/GCC_ARM/mbed-os/features/FEATURE_BLE/targets/TARGET_NORDIC/TARGET_NRF5/source/nRF5xGattClient.o
                0x000000000001d686                nRF5xGattClient::read(unsigned short, unsigned short, unsigned short) const
 .text._ZNK15nRF5xGattClient5writeEN10GattClient9WriteOp_tEttjPKh
                0x000000000001d6a4       0x40 ./BUILD/NRF51_DK/GCC_ARM/mbed-os/features/FEATURE_BLE/targets/TARGET_NORDIC/TARGET_NRF5/source/nRF5xGattClient.o
                0x000000000001d6a4                nRF5xGattClient::write(GattClient::WriteOp_t, unsigned short, unsigned short, unsigned int, unsigned char const*) const
 .text._ZN26FunctionPointerWithContextIPK17DiscoveredServiceE14functioncallerEPKS3_S2_
                0x000000000001d6e4        0xe ./BUILD/NRF51_DK/GCC_ARM/mbed-os/features/FEATURE_BLE/targets/TARGET_NORDIC/TARGET_NRF5/source/nRF5xGattClient.o
                0x000000000001d6e4                FunctionPointerWithContext<DiscoveredService const*>::functioncaller(FunctionPointerWithContext<DiscoveredService const*> const*, DiscoveredService const*)
 .text._ZN26FunctionPointerWithContextIPK24DiscoveredCharacteristicE14functioncallerEPKS3_S2_
                0x000000000001d6f2        0xe ./BUILD/NRF51_DK/GCC_ARM/mbed-os/features/FEATURE_BLE/targets/TARGET_NORDIC/TARGET_NRF5/source/nRF5xGattClient.o
                0x000000000001d6f2                FunctionPointerWithContext<DiscoveredCharacteristic const*>::functioncaller(FunctionPointerWithContext<DiscoveredCharacteristic const*> const*, DiscoveredCharacteristic const*)
 .text._ZN26FunctionPointerWithContextItE14functioncallerEPKS0_t
                0x000000000001d700        0xe ./BUILD/NRF51_DK/GCC_ARM/mbed-os/features/FEATURE_BLE/targets/TARGET_NORDIC/TARGET_NRF5/source/nRF5xGattClient.o
                0x000000000001d700                FunctionPointerWithContext<unsigned short>::functioncaller(FunctionPointerWithContext<unsigned short> const*, unsigned short)
 .text._ZN15nRF5xGattClient33discoverCharacteristicDescriptorsERK24DiscoveredCharacteristicRK26FunctionPointerWithContextIPKN33CharacteristicDescriptorDiscovery25DiscoveryCallbackParams_tEERKS3_IPKNS4_27TerminationCallbackParams_tEE
                0x000000000001d70e        0xc ./BUILD/NRF51_DK/GCC_ARM/mbed-os/features/FEATURE_BLE/targets/TARGET_NORDIC/TARGET_NRF5/source/nRF5xGattClient.o
                0x000000000001d70e                nRF5xGattClient::discoverCharacteristicDescriptors(DiscoveredCharacteristic const&, FunctionPointerWithContext<CharacteristicDescriptorDiscovery::DiscoveryCallbackParams_t const*> const&, FunctionPointerWithContext<CharacteristicDescriptorDiscovery::TerminationCallbackParams_t const*> const&)
 .text._ZNK15nRF5xGattClient42isCharacteristicDescriptorsDiscoveryActiveERK24DiscoveredCharacteristic
                0x000000000001d71a        0xc ./BUILD/NRF51_DK/GCC_ARM/mbed-os/features/FEATURE_BLE/targets/TARGET_NORDIC/TARGET_NRF5/source/nRF5xGattClient.o
                0x000000000001d71a                nRF5xGattClient::isCharacteristicDescriptorsDiscoveryActive(DiscoveredCharacteristic const&) const
 .text._ZN15nRF5xGattClient43terminateCharacteristicDescriptorsDiscoveryERK24DiscoveredCharacteristic
                0x000000000001d726        0xc ./BUILD/NRF51_DK/GCC_ARM/mbed-os/features/FEATURE_BLE/targets/TARGET_NORDIC/TARGET_NRF5/source/nRF5xGattClient.o
                0x000000000001d726                nRF5xGattClient::terminateCharacteristicDescriptorsDiscovery(DiscoveredCharacteristic const&)
 .text._ZN15nRF5xGattClient29onServiceDiscoveryTerminationE26FunctionPointerWithContextItE
                0x000000000001d732       0x28 ./BUILD/NRF51_DK/GCC_ARM/mbed-os/features/FEATURE_BLE/targets/TARGET_NORDIC/TARGET_NRF5/source/nRF5xGattClient.o
                0x000000000001d732                nRF5xGattClient::onServiceDiscoveryTermination(FunctionPointerWithContext<unsigned short>)
 *fill*         0x000000000001d75a        0x2 
 .text._ZN10GattClient16discoverServicesEt26FunctionPointerWithContextIPK17DiscoveredServiceERK4UUID
                0x000000000001d75c       0x58 ./BUILD/NRF51_DK/GCC_ARM/mbed-os/features/FEATURE_BLE/targets/TARGET_NORDIC/TARGET_NRF5/source/nRF5xGattClient.o
                0x000000000001d75c                GattClient::discoverServices(unsigned short, FunctionPointerWithContext<DiscoveredService const*>, UUID const&)
 .text._ZN16ServiceDiscovery5resetEv
                0x000000000001d7b4       0x78 ./BUILD/NRF51_DK/GCC_ARM/mbed-os/features/FEATURE_BLE/targets/TARGET_NORDIC/TARGET_NRF5/source/nRF5xGattClient.o
                0x000000000001d7b4                ServiceDiscovery::reset()
 .text._ZN10GattClient5resetEv
                0x000000000001d82c       0x68 ./BUILD/NRF51_DK/GCC_ARM/mbed-os/features/FEATURE_BLE/targets/TARGET_NORDIC/TARGET_NRF5/source/nRF5xGattClient.o
                0x000000000001d82c                GattClient::reset()
 .text._ZN15nRF5xGattClient5resetEv
                0x000000000001d894       0x7c ./BUILD/NRF51_DK/GCC_ARM/mbed-os/features/FEATURE_BLE/targets/TARGET_NORDIC/TARGET_NRF5/source/nRF5xGattClient.o
                0x000000000001d894                nRF5xGattClient::reset()
 .text._ZN21nRF5xServiceDiscovery25terminateServiceDiscoveryEv
                0x000000000001d910       0x6c ./BUILD/NRF51_DK/GCC_ARM/mbed-os/features/FEATURE_BLE/targets/TARGET_NORDIC/TARGET_NRF5/source/nRF5xGattClient.o
                0x000000000001d910                nRF5xServiceDiscovery::terminateServiceDiscovery()
 .text._ZN15nRF5xGattClient25terminateServiceDiscoveryEv
                0x000000000001d97c        0xa ./BUILD/NRF51_DK/GCC_ARM/mbed-os/features/FEATURE_BLE/targets/TARGET_NORDIC/TARGET_NRF5/source/nRF5xGattClient.o
                0x000000000001d97c                nRF5xGattClient::terminateServiceDiscovery()
 *fill*         0x000000000001d986        0x2 
 .text._ZN15nRF5xGattClient22launchServiceDiscoveryEt26FunctionPointerWithContextIPK17DiscoveredServiceES0_IPK24DiscoveredCharacteristicERK4UUIDSB_
                0x000000000001d988       0xc0 ./BUILD/NRF51_DK/GCC_ARM/mbed-os/features/FEATURE_BLE/targets/TARGET_NORDIC/TARGET_NRF5/source/nRF5xGattClient.o
                0x000000000001d988                nRF5xGattClient::launchServiceDiscovery(unsigned short, FunctionPointerWithContext<DiscoveredService const*>, FunctionPointerWithContext<DiscoveredCharacteristic const*>, UUID const&, UUID const&)
 .text.sd_ble_gatts_service_add
                0x000000000001da48        0x4 ./BUILD/NRF51_DK/GCC_ARM/mbed-os/features/FEATURE_BLE/targets/TARGET_NORDIC/TARGET_NRF5/source/nRF5xGattServer.o
 .text.sd_ble_gatts_value_set
                0x000000000001da4c        0x4 ./BUILD/NRF51_DK/GCC_ARM/mbed-os/features/FEATURE_BLE/targets/TARGET_NORDIC/TARGET_NRF5/source/nRF5xGattServer.o
 .text.sd_ble_gatts_value_get
                0x000000000001da50        0x4 ./BUILD/NRF51_DK/GCC_ARM/mbed-os/features/FEATURE_BLE/targets/TARGET_NORDIC/TARGET_NRF5/source/nRF5xGattServer.o
 .text.sd_ble_gatts_hvx
                0x000000000001da54        0x4 ./BUILD/NRF51_DK/GCC_ARM/mbed-os/features/FEATURE_BLE/targets/TARGET_NORDIC/TARGET_NRF5/source/nRF5xGattServer.o
 .text.sd_ble_gatts_rw_authorize_reply
                0x000000000001da58        0x4 ./BUILD/NRF51_DK/GCC_ARM/mbed-os/features/FEATURE_BLE/targets/TARGET_NORDIC/TARGET_NRF5/source/nRF5xGattServer.o
 .text.sd_ble_gatts_sys_attr_set
                0x000000000001da5c        0x4 ./BUILD/NRF51_DK/GCC_ARM/mbed-os/features/FEATURE_BLE/targets/TARGET_NORDIC/TARGET_NRF5/source/nRF5xGattServer.o
 .text.sd_ble_user_mem_reply
                0x000000000001da60        0x4 ./BUILD/NRF51_DK/GCC_ARM/mbed-os/features/FEATURE_BLE/targets/TARGET_NORDIC/TARGET_NRF5/source/nRF5xGattServer.o
 .text._ZNK10GattServer21isOnDataReadAvailableEv
                0x000000000001da64        0x4 ./BUILD/NRF51_DK/GCC_ARM/mbed-os/features/FEATURE_BLE/targets/TARGET_NORDIC/TARGET_NRF5/source/nRF5xGattServer.o
                0x000000000001da64                GattServer::isOnDataReadAvailable() const
 .text._ZN15nRF5xGattServer4readEtPhPt
                0x000000000001da68       0x18 ./BUILD/NRF51_DK/GCC_ARM/mbed-os/features/FEATURE_BLE/targets/TARGET_NORDIC/TARGET_NRF5/source/nRF5xGattServer.o
                0x000000000001da68                nRF5xGattServer::read(unsigned short, unsigned char*, unsigned short*)
 .text._ZN15nRF5xGattServer4readEttPhPt
                0x000000000001da80       0x36 ./BUILD/NRF51_DK/GCC_ARM/mbed-os/features/FEATURE_BLE/targets/TARGET_NORDIC/TARGET_NRF5/source/nRF5xGattServer.o
                0x000000000001da80                nRF5xGattServer::read(unsigned short, unsigned short, unsigned char*, unsigned short*)
 *fill*         0x000000000001dab6        0x2 
 .text._ZN15nRF5xGattServer5writeEtPKhtb
                0x000000000001dab8       0x1c ./BUILD/NRF51_DK/GCC_ARM/mbed-os/features/FEATURE_BLE/targets/TARGET_NORDIC/TARGET_NRF5/source/nRF5xGattServer.o
                0x000000000001dab8                nRF5xGattServer::write(unsigned short, unsigned char const*, unsigned short, bool)
 .text._ZN15nRF5xGattServer17areUpdatesEnabledERK18GattCharacteristicPb
                0x000000000001dad4       0x28 ./BUILD/NRF51_DK/GCC_ARM/mbed-os/features/FEATURE_BLE/targets/TARGET_NORDIC/TARGET_NRF5/source/nRF5xGattServer.o
                0x000000000001dad4                nRF5xGattServer::areUpdatesEnabled(GattCharacteristic const&, bool*)
 .text._ZN15nRF5xGattServer17areUpdatesEnabledEtRK18GattCharacteristicPb
                0x000000000001dafc       0x62 ./BUILD/NRF51_DK/GCC_ARM/mbed-os/features/FEATURE_BLE/targets/TARGET_NORDIC/TARGET_NRF5/source/nRF5xGattServer.o
                0x000000000001dafc                nRF5xGattServer::areUpdatesEnabled(unsigned short, GattCharacteristic const&, bool*)
 *fill*         0x000000000001db5e        0x2 
 .text._ZN15nRF5xGattServer5writeEttPKhtb
                0x000000000001db60      0x13c ./BUILD/NRF51_DK/GCC_ARM/mbed-os/features/FEATURE_BLE/targets/TARGET_NORDIC/TARGET_NRF5/source/nRF5xGattServer.o
                0x000000000001db60                nRF5xGattServer::write(unsigned short, unsigned short, unsigned char const*, unsigned short, bool)
 .text._ZN15nRF5xGattServer10addServiceER11GattService
                0x000000000001dc9c      0x1d4 ./BUILD/NRF51_DK/GCC_ARM/mbed-os/features/FEATURE_BLE/targets/TARGET_NORDIC/TARGET_NRF5/source/nRF5xGattServer.o
                0x000000000001dc9c                nRF5xGattServer::addService(GattService&)
 .text._ZNK15nRF5xGattServer28getBiggestCharacteristicSizeEv
                0x000000000001de70       0x1e ./BUILD/NRF51_DK/GCC_ARM/mbed-os/features/FEATURE_BLE/targets/TARGET_NORDIC/TARGET_NRF5/source/nRF5xGattServer.o
                0x000000000001de70                nRF5xGattServer::getBiggestCharacteristicSize() const
 .text._ZN15nRF5xGattServer24allocateLongWriteRequestEt
                0x000000000001de8e       0x62 ./BUILD/NRF51_DK/GCC_ARM/mbed-os/features/FEATURE_BLE/targets/TARGET_NORDIC/TARGET_NRF5/source/nRF5xGattServer.o
                0x000000000001de8e                nRF5xGattServer::allocateLongWriteRequest(unsigned short)
 .text._ZN15nRF5xGattServer20findLongWriteRequestEt
                0x000000000001def0       0x2e ./BUILD/NRF51_DK/GCC_ARM/mbed-os/features/FEATURE_BLE/targets/TARGET_NORDIC/TARGET_NRF5/source/nRF5xGattServer.o
                0x000000000001def0                nRF5xGattServer::findLongWriteRequest(unsigned short)
 .text._ZN15nRF5xGattServer23releaseLongWriteRequestEt
                0x000000000001df1e       0x18 ./BUILD/NRF51_DK/GCC_ARM/mbed-os/features/FEATURE_BLE/targets/TARGET_NORDIC/TARGET_NRF5/source/nRF5xGattServer.o
                0x000000000001df1e                nRF5xGattServer::releaseLongWriteRequest(unsigned short)
 .text._ZN15nRF5xGattServer23releaseAllWriteRequestsEv
                0x000000000001df36       0x24 ./BUILD/NRF51_DK/GCC_ARM/mbed-os/features/FEATURE_BLE/targets/TARGET_NORDIC/TARGET_NRF5/source/nRF5xGattServer.o
                0x000000000001df36                nRF5xGattServer::releaseAllWriteRequests()
 *fill*         0x000000000001df5a        0x2 
 .text._ZN26FunctionPointerWithContextItEC2EPFvtE
                0x000000000001df5c       0x20 ./BUILD/NRF51_DK/GCC_ARM/mbed-os/features/FEATURE_BLE/targets/TARGET_NORDIC/TARGET_NRF5/source/nRF5xGattServer.o
                0x000000000001df5c                FunctionPointerWithContext<unsigned short>::FunctionPointerWithContext(void (*)(unsigned short))
                0x000000000001df5c                FunctionPointerWithContext<unsigned short>::FunctionPointerWithContext(void (*)(unsigned short))
 .text._ZN10GattServer5resetEv
                0x000000000001df7c       0xbe ./BUILD/NRF51_DK/GCC_ARM/mbed-os/features/FEATURE_BLE/targets/TARGET_NORDIC/TARGET_NRF5/source/nRF5xGattServer.o
                0x000000000001df7c                GattServer::reset()
 .text._ZN15nRF5xGattServer5resetEv
                0x000000000001e03a       0x54 ./BUILD/NRF51_DK/GCC_ARM/mbed-os/features/FEATURE_BLE/targets/TARGET_NORDIC/TARGET_NRF5/source/nRF5xGattServer.o
                0x000000000001e03a                nRF5xGattServer::reset()
 .text._ZNK38CallChainOfFunctionPointersWithContextIPK23GattWriteCallbackParamsE4callES2_
                0x000000000001e08e       0x22 ./BUILD/NRF51_DK/GCC_ARM/mbed-os/features/FEATURE_BLE/targets/TARGET_NORDIC/TARGET_NRF5/source/nRF5xGattServer.o
                0x000000000001e08e                CallChainOfFunctionPointersWithContext<GattWriteCallbackParams const*>::call(GattWriteCallbackParams const*) const
 .text._ZNK26FunctionPointerWithContextItE4callEt
                0x000000000001e0b0        0x8 ./BUILD/NRF51_DK/GCC_ARM/mbed-os/features/FEATURE_BLE/targets/TARGET_NORDIC/TARGET_NRF5/source/nRF5xGattServer.o
                0x000000000001e0b0                FunctionPointerWithContext<unsigned short>::call(unsigned short) const
 .text._ZN10GattServer11handleEventEN16GattServerEvents11gattEvent_eEt
                0x000000000001e0b8       0x40 ./BUILD/NRF51_DK/GCC_ARM/mbed-os/features/FEATURE_BLE/targets/TARGET_NORDIC/TARGET_NRF5/source/nRF5xGattServer.o
                0x000000000001e0b8                GattServer::handleEvent(GattServerEvents::gattEvent_e, unsigned short)
 .text._ZN15nRF5xGattServer10hwCallbackEP9ble_evt_t
                0x000000000001e0f8      0x3d0 ./BUILD/NRF51_DK/GCC_ARM/mbed-os/features/FEATURE_BLE/targets/TARGET_NORDIC/TARGET_NRF5/source/nRF5xGattServer.o
                0x000000000001e0f8                nRF5xGattServer::hwCallback(ble_evt_t*)
 .text.sd_ble_gattc_primary_services_discover
                0x000000000001e4c8        0x4 ./BUILD/NRF51_DK/GCC_ARM/mbed-os/features/FEATURE_BLE/targets/TARGET_NORDIC/TARGET_NRF5/source/nRF5xServiceDiscovery.o
 .text.sd_ble_gattc_characteristics_discover
                0x000000000001e4cc        0x4 ./BUILD/NRF51_DK/GCC_ARM/mbed-os/features/FEATURE_BLE/targets/TARGET_NORDIC/TARGET_NRF5/source/nRF5xServiceDiscovery.o
 .text.sd_ble_gattc_char_value_by_uuid_read
                0x000000000001e4d0        0x4 ./BUILD/NRF51_DK/GCC_ARM/mbed-os/features/FEATURE_BLE/targets/TARGET_NORDIC/TARGET_NRF5/source/nRF5xServiceDiscovery.o
 .text._ZN24DiscoveredCharacteristicC2Ev
                0x000000000001e4d4       0x1c ./BUILD/NRF51_DK/GCC_ARM/mbed-os/features/FEATURE_BLE/targets/TARGET_NORDIC/TARGET_NRF5/source/nRF5xServiceDiscovery.o
                0x000000000001e4d4                DiscoveredCharacteristic::DiscoveredCharacteristic()
                0x000000000001e4d4                DiscoveredCharacteristic::DiscoveredCharacteristic()
 .text._ZN21nRF5xServiceDiscovery25ServiceUUIDDiscoveryQueue7dequeueEv
                0x000000000001e4f0       0x26 ./BUILD/NRF51_DK/GCC_ARM/mbed-os/features/FEATURE_BLE/targets/TARGET_NORDIC/TARGET_NRF5/source/nRF5xServiceDiscovery.o
                0x000000000001e4f0                nRF5xServiceDiscovery::ServiceUUIDDiscoveryQueue::dequeue()
 .text._ZN21nRF5xServiceDiscovery22CharUUIDDiscoveryQueue7dequeueEv
                0x000000000001e516       0x26 ./BUILD/NRF51_DK/GCC_ARM/mbed-os/features/FEATURE_BLE/targets/TARGET_NORDIC/TARGET_NRF5/source/nRF5xServiceDiscovery.o
                0x000000000001e516                nRF5xServiceDiscovery::CharUUIDDiscoveryQueue::dequeue()
 .text._ZN21nRF5xServiceDiscovery25ServiceUUIDDiscoveryQueue12triggerFirstEv
                0x000000000001e53c       0x5c ./BUILD/NRF51_DK/GCC_ARM/mbed-os/features/FEATURE_BLE/targets/TARGET_NORDIC/TARGET_NRF5/source/nRF5xServiceDiscovery.o
                0x000000000001e53c                nRF5xServiceDiscovery::ServiceUUIDDiscoveryQueue::triggerFirst()
 .text._ZN21nRF5xServiceDiscovery23setupDiscoveredServicesEPK34ble_gattc_evt_prim_srvc_disc_rsp_t